Archive member included to satisfy reference by file (symbol)

C:/ST/STM32CubeIDE_1.19.0/STM32CubeIDE/plugins/com.st.stm32cube.ide.mcu.externaltools.gnu-tools-for-stm32.13.3.rel1.win32_1.0.0.202411081344/tools/bin/../lib/gcc/arm-none-eabi/13.3.1/../../../../arm-none-eabi/lib/thumb/v6-m/nofp\libc_nano.a(libc_a-exit.o)
                              C:/ST/STM32CubeIDE_1.19.0/STM32CubeIDE/plugins/com.st.stm32cube.ide.mcu.externaltools.gnu-tools-for-stm32.13.3.rel1.win32_1.0.0.202411081344/tools/bin/../lib/gcc/arm-none-eabi/13.3.1/../../../../arm-none-eabi/lib/thumb/v6-m/nofp/crt0.o (exit)
C:/ST/STM32CubeIDE_1.19.0/STM32CubeIDE/plugins/com.st.stm32cube.ide.mcu.externaltools.gnu-tools-for-stm32.13.3.rel1.win32_1.0.0.202411081344/tools/bin/../lib/gcc/arm-none-eabi/13.3.1/../../../../arm-none-eabi/lib/thumb/v6-m/nofp\libc_nano.a(libc_a-findfp.o)
                              C:/ST/STM32CubeIDE_1.19.0/STM32CubeIDE/plugins/com.st.stm32cube.ide.mcu.externaltools.gnu-tools-for-stm32.13.3.rel1.win32_1.0.0.202411081344/tools/bin/../lib/gcc/arm-none-eabi/13.3.1/../../../../arm-none-eabi/lib/thumb/v6-m/nofp\libc_nano.a(libc_a-exit.o) (__stdio_exit_handler)
C:/ST/STM32CubeIDE_1.19.0/STM32CubeIDE/plugins/com.st.stm32cube.ide.mcu.externaltools.gnu-tools-for-stm32.13.3.rel1.win32_1.0.0.202411081344/tools/bin/../lib/gcc/arm-none-eabi/13.3.1/../../../../arm-none-eabi/lib/thumb/v6-m/nofp\libc_nano.a(libc_a-fwalk.o)
                              C:/ST/STM32CubeIDE_1.19.0/STM32CubeIDE/plugins/com.st.stm32cube.ide.mcu.externaltools.gnu-tools-for-stm32.13.3.rel1.win32_1.0.0.202411081344/tools/bin/../lib/gcc/arm-none-eabi/13.3.1/../../../../arm-none-eabi/lib/thumb/v6-m/nofp\libc_nano.a(libc_a-findfp.o) (_fwalk_sglue)
C:/ST/STM32CubeIDE_1.19.0/STM32CubeIDE/plugins/com.st.stm32cube.ide.mcu.externaltools.gnu-tools-for-stm32.13.3.rel1.win32_1.0.0.202411081344/tools/bin/../lib/gcc/arm-none-eabi/13.3.1/../../../../arm-none-eabi/lib/thumb/v6-m/nofp\libc_nano.a(libc_a-stdio.o)
                              C:/ST/STM32CubeIDE_1.19.0/STM32CubeIDE/plugins/com.st.stm32cube.ide.mcu.externaltools.gnu-tools-for-stm32.13.3.rel1.win32_1.0.0.202411081344/tools/bin/../lib/gcc/arm-none-eabi/13.3.1/../../../../arm-none-eabi/lib/thumb/v6-m/nofp\libc_nano.a(libc_a-findfp.o) (__sread)
C:/ST/STM32CubeIDE_1.19.0/STM32CubeIDE/plugins/com.st.stm32cube.ide.mcu.externaltools.gnu-tools-for-stm32.13.3.rel1.win32_1.0.0.202411081344/tools/bin/../lib/gcc/arm-none-eabi/13.3.1/../../../../arm-none-eabi/lib/thumb/v6-m/nofp\libc_nano.a(libc_a-memset.o)
                              C:/ST/STM32CubeIDE_1.19.0/STM32CubeIDE/plugins/com.st.stm32cube.ide.mcu.externaltools.gnu-tools-for-stm32.13.3.rel1.win32_1.0.0.202411081344/tools/bin/../lib/gcc/arm-none-eabi/13.3.1/../../../../arm-none-eabi/lib/thumb/v6-m/nofp/crt0.o (memset)
C:/ST/STM32CubeIDE_1.19.0/STM32CubeIDE/plugins/com.st.stm32cube.ide.mcu.externaltools.gnu-tools-for-stm32.13.3.rel1.win32_1.0.0.202411081344/tools/bin/../lib/gcc/arm-none-eabi/13.3.1/../../../../arm-none-eabi/lib/thumb/v6-m/nofp\libc_nano.a(libc_a-closer.o)
                              C:/ST/STM32CubeIDE_1.19.0/STM32CubeIDE/plugins/com.st.stm32cube.ide.mcu.externaltools.gnu-tools-for-stm32.13.3.rel1.win32_1.0.0.202411081344/tools/bin/../lib/gcc/arm-none-eabi/13.3.1/../../../../arm-none-eabi/lib/thumb/v6-m/nofp\libc_nano.a(libc_a-stdio.o) (_close_r)
C:/ST/STM32CubeIDE_1.19.0/STM32CubeIDE/plugins/com.st.stm32cube.ide.mcu.externaltools.gnu-tools-for-stm32.13.3.rel1.win32_1.0.0.202411081344/tools/bin/../lib/gcc/arm-none-eabi/13.3.1/../../../../arm-none-eabi/lib/thumb/v6-m/nofp\libc_nano.a(libc_a-reent.o)
                              C:/ST/STM32CubeIDE_1.19.0/STM32CubeIDE/plugins/com.st.stm32cube.ide.mcu.externaltools.gnu-tools-for-stm32.13.3.rel1.win32_1.0.0.202411081344/tools/bin/../lib/gcc/arm-none-eabi/13.3.1/../../../../arm-none-eabi/lib/thumb/v6-m/nofp\libc_nano.a(libc_a-closer.o) (errno)
C:/ST/STM32CubeIDE_1.19.0/STM32CubeIDE/plugins/com.st.stm32cube.ide.mcu.externaltools.gnu-tools-for-stm32.13.3.rel1.win32_1.0.0.202411081344/tools/bin/../lib/gcc/arm-none-eabi/13.3.1/../../../../arm-none-eabi/lib/thumb/v6-m/nofp\libc_nano.a(libc_a-impure.o)
                              C:/ST/STM32CubeIDE_1.19.0/STM32CubeIDE/plugins/com.st.stm32cube.ide.mcu.externaltools.gnu-tools-for-stm32.13.3.rel1.win32_1.0.0.202411081344/tools/bin/../lib/gcc/arm-none-eabi/13.3.1/../../../../arm-none-eabi/lib/thumb/v6-m/nofp\libc_nano.a(libc_a-reent.o) (_impure_ptr)
C:/ST/STM32CubeIDE_1.19.0/STM32CubeIDE/plugins/com.st.stm32cube.ide.mcu.externaltools.gnu-tools-for-stm32.13.3.rel1.win32_1.0.0.202411081344/tools/bin/../lib/gcc/arm-none-eabi/13.3.1/../../../../arm-none-eabi/lib/thumb/v6-m/nofp\libc_nano.a(libc_a-lseekr.o)
[...]
Memory Configuration

Name             Origin             Length             Attributes
RAM              0x20000000         0x00008000         xrw
FLASH            0x08000000         0x00008000         xr
*default*        0x00000000         0xffffffff

Linker script and memory map

LOAD C:/ST/STM32CubeIDE_1.19.0/STM32CubeIDE/plugins/com.st.stm32cube.ide.mcu.externaltools.gnu-tools-for-stm32.13.3.rel1.win32_1.0.0.202411081344/tools/bin/../lib/gcc/arm-none-eabi/13.3.1/thumb/v6-m/nofp/crti.o
LOAD C:/ST/STM32CubeIDE_1.19.0/STM32CubeIDE/plugins/com.st.stm32cube.ide.mcu.externaltools.gnu-tools-for-stm32.13.3.rel1.win32_1.0.0.202411081344/tools/bin/../lib/gcc/arm-none-eabi/13.3.1/thumb/v6-m/nofp/crtbegin.o
LOAD C:/ST/STM32CubeIDE_1.19.0/STM32CubeIDE/plugins/com.st.stm32cube.ide.mcu.externaltools.gnu-tools-for-stm32.13.3.rel1.win32_1.0.0.202411081344/tools/bin/../lib/gcc/arm-none-eabi/13.3.1/../../../../arm-none-eabi/lib/thumb/v6-m/nofp/crt0.o
LOAD ./Core/Src/aes.o
LOAD ./Core/Src/gpio.o
LOAD ./Core/Src/iwdg.o
LOAD ./Core/Src/main.o
LOAD ./Core/Src/neopixel.o
LOAD ./Core/Src/rtc.o
LOAD ./Core/Src/si4432.o
LOAD ./Core/Src/spi.o
LOAD ./Core/Src/stm32f0xx_hal_msp.o
LOAD ./Core/Src/stm32f0xx_it.o
LOAD ./Core/Src/syscalls.o
LOAD ./Core/Src/sysmem.o
LOAD ./Core/Src/system_stm32f0xx.o
LOAD ./Core/Src/tim.o
LOAD ./Core/Startup/startup_stm32f030cctx.o
LOAD ./Drivers/STM32F0xx_HAL_Driver/Src/stm32f0xx_hal.o
LOAD ./Drivers/STM32F0xx_HAL_Driver/Src/stm32f0xx_hal_cortex.o
LOAD ./Drivers/STM32F0xx_HAL_Driver/Src/stm32f0xx_hal_dma.o
LOAD ./Drivers/STM32F0xx_HAL_Driver/Src/stm32f0xx_hal_exti.o
LOAD ./Drivers/STM32F0xx_HAL_Driver/Src/stm32f0xx_hal_flash.o
LOAD ./Drivers/STM32F0xx_HAL_Driver/Src/stm32f0xx_hal_flash_ex.o
LOAD ./Drivers/STM32F0xx_HAL_Driver/Src/stm32f0xx_hal_gpio.o
LOAD ./Drivers/STM32F0xx_HAL_Driver/Src/stm32f0xx_hal_i2c.o
LOAD ./Drivers/STM32F0xx_HAL_Driver/Src/stm32f0xx_hal_i2c_ex.o
LOAD ./Drivers/STM32F0xx_HAL_Driver/Src/stm32f0xx_hal_iwdg.o
LOAD ./Drivers/STM32F0xx_HAL_Driver/Src/stm32f0xx_hal_pwr.o
LOAD ./Drivers/STM32F0xx_HAL_Driver/Src/stm32f0xx_hal_pwr_ex.o
LOAD ./Drivers/STM32F0xx_HAL_Driver/Src/stm32f0xx_hal_rcc.o
LOAD ./Drivers/STM32F0xx_HAL_Driver/Src/stm32f0xx_hal_rcc_ex.o
LOAD ./Drivers/STM32F0xx_HAL_Driver/Src/stm32f0xx_hal_rtc.o
LOAD ./Drivers/STM32F0xx_HAL_Driver/Src/stm32f0xx_hal_rtc_ex.o
LOAD ./Drivers/STM32F0xx_HAL_Driver/Src/stm32f0xx_hal_spi.o
LOAD ./Drivers/STM32F0xx_HAL_Driver/Src/stm32f0xx_hal_spi_ex.o
LOAD ./Drivers/STM32F0xx_HAL_Driver/Src/stm32f0xx_hal_tim.o
LOAD ./Drivers/STM32F0xx_HAL_Driver/Src/stm32f0xx_hal_tim_ex.o
START GROUP
LOAD C:/ST/STM32CubeIDE_1.19.0/STM32CubeIDE/plugins/com.st.stm32cube.ide.mcu.externaltools.gnu-tools-for-stm32.13.3.rel1.win32_1.0.0.202411081344/tools/bin/../lib/gcc/arm-none-eabi/13.3.1/../../../../arm-none-eabi/lib/thumb/v6-m/nofp\libc_nano.a
LOAD C:/ST/STM32CubeIDE_1.19.0/STM32CubeIDE/plugins/com.st.stm32cube.ide.mcu.externaltools.gnu-tools-for-stm32.13.3.rel1.win32_1.0.0.202411081344/tools/bin/../lib/gcc/arm-none-eabi/13.3.1/../../../../arm-none-eabi/lib/thumb/v6-m/nofp\libm.a
END GROUP
START GROUP
LOAD C:/ST/STM32CubeIDE_1.19.0/STM32CubeIDE/plugins/com.st.stm32cube.ide.mcu.externaltools.gnu-tools-for-stm32.13.3.rel1.win32_1.0.0.202411081344/tools/bin/../lib/gcc/arm-none-eabi/13.3.1/thumb/v6-m/nofp\libgcc.a
LOAD C:/ST/STM32CubeIDE_1.19.0/STM32CubeIDE/plugins/com.st.stm32cube.ide.mcu.externaltools.gnu-tools-for-stm32.13.3.rel1.win32_1.0.0.202411081344/tools/bin/../lib/gcc/arm-none-eabi/13.3.1/../../../../arm-none-eabi/lib/thumb/v6-m/nofp\libc_nano.a
END GROUP
START GROUP
LOAD C:/ST/STM32CubeIDE_1.19.0/STM32CubeIDE/plugins/com.st.stm32cube.ide.mcu.externaltools.gnu-tools-for-stm32.13.3.rel1.win32_1.0.0.202411081344/tools/bin/../lib/gcc/arm-none-eabi/13.3.1/thumb/v6-m/nofp\libgcc.a
LOAD C:/ST/STM32CubeIDE_1.19.0/STM32CubeIDE/plugins/com.st.stm32cube.ide.mcu.externaltools.gnu-tools-for-stm32.13.3.rel1.win32_1.0.0.202411081344/tools/bin/../lib/gcc/arm-none-eabi/13.3.1/../../../../arm-none-eabi/lib/thumb/v6-m/nofp\libc_nano.a
LOAD C:/ST/STM32CubeIDE_1.19.0/STM32CubeIDE/plugins/com.st.stm32cube.ide.mcu.externaltools.gnu-tools-for-stm32.13.3.rel1.win32_1.0.0.202411081344/tools/bin/../lib/gcc/arm-none-eabi/13.3.1/../../../../arm-none-eabi/lib/thumb/v6-m/nofp\libnosys.a
END GROUP
START GROUP
LOAD C:/ST/STM32CubeIDE_1.19.0/STM32CubeIDE/plugins/com.st.stm32cube.ide.mcu.externaltools.gnu-tools-for-stm32.13.3.rel1.win32_1.0.0.202411081344/tools/bin/../lib/gcc/arm-none-eabi/13.3.1/thumb/v6-m/nofp\libgcc.a
LOAD C:/ST/STM32CubeIDE_1.19.0/STM32CubeIDE/plugins/com.st.stm32cube.ide.mcu.externaltools.gnu-tools-for-stm32.13.3.rel1.win32_1.0.0.202411081344/tools/bin/../lib/gcc/arm-none-eabi/13.3.1/../../../../arm-none-eabi/lib/thumb/v6-m/nofp\libc_nano.a
LOAD C:/ST/STM32CubeIDE_1.19.0/STM32CubeIDE/plugins/com.st.stm32cube.ide.mcu.externaltools.gnu-tools-for-stm32.13.3.rel1.win32_1.0.0.202411081344/tools/bin/../lib/gcc/arm-none-eabi/13.3.1/../../../../arm-none-eabi/lib/thumb/v6-m/nofp\libnosys.a
END GROUP
LOAD C:/ST/STM32CubeIDE_1.19.0/STM32CubeIDE/plugins/com.st.stm32cube.ide.mcu.externaltools.gnu-tools-for-stm32.13.3.rel1.win32_1.0.0.202411081344/tools/bin/../lib/gcc/arm-none-eabi/13.3.1/thumb/v6-m/nofp/crtend.o
LOAD C:/ST/STM32CubeIDE_1.19.0/STM32CubeIDE/plugins/com.st.stm32cube.ide.mcu.externaltools.gnu-tools-for-stm32.13.3.rel1.win32_1.0.0.202411081344/tools/bin/../lib/gcc/arm-none-eabi/13.3.1/thumb/v6-m/nofp/crtn.o
                0x20008000                        _estack = (ORIGIN (RAM) + LENGTH (RAM))
                0x00000800                        _Min_Heap_Size = 0x800
                0x00000c00                        _Min_Stack_Size = 0xc00

.isr_vector     0x08000000       0xbc
                0x08000000                        . = ALIGN (0x4)
 *(.isr_vector)
 .isr_vector    0x08000000       0xbc ./Core/Startup/startup_stm32f030cctx.o
                0x08000000                g_pfnVectors
                0x080000bc                        . = ALIGN (0x4)

.text           0x080000bc     0x58d8
                0x080000bc                        . = ALIGN (0x4)
 *(.text)
 .text          0x080000bc       0x48 C:/ST/STM32CubeIDE_1.19.0/STM32CubeIDE/plugins/com.st.stm32cube.ide.mcu.externaltools.gnu-tools-for-stm32.13.3.rel1.win32_1.0.0.202411081344/tools/bin/../lib/gcc/arm-none-eabi/13.3.1/thumb/v6-m/nofp/crtbegin.o
 .text          0x08000104      0x114 C:/ST/STM32CubeIDE_1.19.0/STM32CubeIDE/plugins/com.st.stm32cube.ide.mcu.externaltools.gnu-tools-for-stm32.13.3.rel1.win32_1.0.0.202411081344/tools/bin/../lib/gcc/arm-none-eabi/13.3.1/thumb/v6-m/nofp\libgcc.a(_udivsi3.o)
                0x08000104                __aeabi_uidiv
                0x08000104                __udivsi3
                0x08000210                __aeabi_uidivmod
 .text          0x08000218        0x4 C:/ST/STM32CubeIDE_1.19.0/STM32CubeIDE/plugins/com.st.stm32cube.ide.mcu.externaltools.gnu-tools-for-stm32.13.3.rel1.win32_1.0.0.202411081344/tools/bin/../lib/gcc/arm-none-eabi/13.3.1/thumb/v6-m/nofp\libgcc.a(_dvmd_tls.o)
                0x08000218                __aeabi_idiv0
                0x08000218                __aeabi_ldiv0
 *(.text*)
 .text.Multiply
                0x0800021c       0x98 ./Core/Src/aes.o
 .text.KeyExpansion
                0x080002b4      0x220 ./Core/Src/aes.o
 .text.InvCipher
                0x080004d4      0x490 ./Core/Src/aes.o
 .text.AES_init_ctx_iv
                0x08000964       0x2e ./Core/Src/aes.o
                0x08000964                AES_init_ctx_iv
 .text.AES_CBC_decrypt_buffer
                0x08000992       0xb4 ./Core/Src/aes.o
                0x08000992                AES_CBC_decrypt_buffer
 *fill*         0x08000a46        0x2 
 .text.MX_GPIO_Init
                0x08000a48      0x198 ./Core/Src/gpio.o
                0x08000a48                MX_GPIO_Init
 .text.MX_IWDG_Init
                0x08000be0       0x40 ./Core/Src/iwdg.o
                0x08000be0                MX_IWDG_Init
 .text.__NVIC_SystemReset
                0x08000c20       0x24 ./Core/Src/main.o
 .text.Calculate_CRC32
                0x08000c44       0x70 ./Core/Src/main.o
 .text.Calculate_Flash_CRC32
                0x08000cb4       0x88 ./Core/Src/main.o
 .text.LED_Bootloader
                0x08000d3c       0x18 ./Core/Src/main.o
 .text.LED_Error
                0x08000d54       0x50 ./Core/Src/main.o
 .text.LED_Success
                0x08000da4       0x50 ./Core/Src/main.o
 .text.LED_Transfer
                0x08000df4       0x32 ./Core/Src/main.o
 .text.LED_Off  0x08000e26       0x12 ./Core/Src/main.o
 .text.check_boot_flag
                0x08000e38       0x34 ./Core/Src/main.o
 .text.clear_boot_flag
                0x08000e6c       0x38 ./Core/Src/main.o
 .text.Flash_Erase_Application
                0x08000ea4       0x78 ./Core/Src/main.o
 .text.Flash_Write_Data
                0x08000f1c       0x98 ./Core/Src/main.o
 .text.Flash_Verify_Data
                0x08000fb4       0x46 ./Core/Src/main.o
 *fill*         0x08000ffa        0x2 
 .text.Flash_Write_Version
                0x08000ffc       0x50 ./Core/Src/main.o
 .text.RF_SendPacket
                0x0800104c       0xa2 ./Core/Src/main.o
 *fill*         0x080010ee        0x2 
 .text.RF_WaitForPacket
                0x080010f0       0xb4 ./Core/Src/main.o
 .text.jump_to_application
                0x080011a4      0x10c ./Core/Src/main.o
 .text.Bootloader_Main
                0x080012b0      0x750 ./Core/Src/main.o
 .text.main     0x08001a00       0xf4 ./Core/Src/main.o
                0x08001a00                main
 .text.SystemClock_Config
                0x08001af4       0xce ./Core/Src/main.o
                0x08001af4                SystemClock_Config
 .text.Error_Handler
                0x08001bc2        0xc ./Core/Src/main.o
                0x08001bc2                Error_Handler
 *fill*         0x08001bce        0x2 
 .text.neopixel_send_byte
                0x08001bd0       0xbc ./Core/Src/neopixel.o
 .text.NeoPixel_Init
                0x08001c8c       0x40 ./Core/Src/neopixel.o
                0x08001c8c                NeoPixel_Init
 .text.NeoPixel_SetColor
                0x08001ccc       0x1c ./Core/Src/neopixel.o
                0x08001ccc                NeoPixel_SetColor
 .text.NeoPixel_SetAll
                0x08001ce8       0x1c ./Core/Src/neopixel.o
                0x08001ce8                NeoPixel_SetAll
 .text.NeoPixel_Clear
                0x08001d04       0x14 ./Core/Src/neopixel.o
                0x08001d04                NeoPixel_Clear
 .text.NeoPixel_Show
                0x08001d18       0x40 ./Core/Src/neopixel.o
                0x08001d18                NeoPixel_Show
 .text.MX_RTC_Init
                0x08001d58       0xc4 ./Core/Src/rtc.o
                0x08001d58                MX_RTC_Init
 .text.HAL_RTC_MspInit
                0x08001e1c       0x30 ./Core/Src/rtc.o
                0x08001e1c                HAL_RTC_MspInit
 .text.SI4432_WriteReg
                0x08001e4c       0x68 ./Core/Src/si4432.o
                0x08001e4c                SI4432_WriteReg
 .text.SI4432_ReadReg
                0x08001eb4       0x6c ./Core/Src/si4432.o
                0x08001eb4                SI4432_ReadReg
 .text.SI4432_ClearIRQ
                0x08001f20       0x16 ./Core/Src/si4432.o
 .text.SI4432_ResetRxFIFO
                0x08001f36       0x1a ./Core/Src/si4432.o
 .text.SI4432_ResetTxFIFO
                0x08001f50       0x1a ./Core/Src/si4432.o
 *fill*         0x08001f6a        0x2 
 .text.SI4432_Init
                0x08001f6c      0x1c4 ./Core/Src/si4432.o
                0x08001f6c                SI4432_Init
 .text.SI4432_SendPacket
                0x08002130       0xd6 ./Core/Src/si4432.o
                0x08002130                SI4432_SendPacket
 .text.SI4432_StartRx
                0x08002206       0x3a ./Core/Src/si4432.o
                0x08002206                SI4432_StartRx
 .text.SI4432_CheckRx
                0x08002240       0xe0 ./Core/Src/si4432.o
                0x08002240                SI4432_CheckRx
 .text.MX_SPI2_Init
                0x08002320       0x7c ./Core/Src/spi.o
                0x08002320                MX_SPI2_Init
 .text.HAL_SPI_MspInit
                0x0800239c       0x9c ./Core/Src/spi.o
                0x0800239c                HAL_SPI_MspInit
 .text.HAL_MspInit
                0x08002438       0x48 ./Core/Src/stm32f0xx_hal_msp.o
                0x08002438                HAL_MspInit
 .text.NMI_Handler
                0x08002480        0x8 ./Core/Src/stm32f0xx_it.o
                0x08002480                NMI_Handler
 .text.HardFault_Handler
                0x08002488        0x8 ./Core/Src/stm32f0xx_it.o
                0x08002488                HardFault_Handler
 .text.SVC_Handler
                0x08002490        0xa ./Core/Src/stm32f0xx_it.o
                0x08002490                SVC_Handler
 .text.PendSV_Handler
                0x0800249a        0xa ./Core/Src/stm32f0xx_it.o
                0x0800249a                PendSV_Handler
 .text.SysTick_Handler
                0x080024a4        0xe ./Core/Src/stm32f0xx_it.o
                0x080024a4                SysTick_Handler
 .text.EXTI4_15_IRQHandler
                0x080024b2       0x14 ./Core/Src/stm32f0xx_it.o
                0x080024b2                EXTI4_15_IRQHandler
 *fill*         0x080024c6        0x2 
 .text.TIM17_IRQHandler
                0x080024c8       0x18 ./Core/Src/stm32f0xx_it.o
                0x080024c8                TIM17_IRQHandler
 .text.SystemInit
                0x080024e0        0xa ./Core/Src/system_stm32f0xx.o
                0x080024e0                SystemInit
 *fill*         0x080024ea        0x2 
 .text.MX_TIM3_Init
                0x080024ec       0xa8 ./Core/Src/tim.o
                0x080024ec                MX_TIM3_Init
 .text.MX_TIM6_Init
                0x08002594       0x44 ./Core/Src/tim.o
                0x08002594                MX_TIM6_Init
 .text.MX_TIM16_Init
                0x080025d8       0x50 ./Core/Src/tim.o
                0x080025d8                MX_TIM16_Init
 .text.MX_TIM17_Init
                0x08002628       0x50 ./Core/Src/tim.o
                0x08002628                MX_TIM17_Init
 .text.HAL_TIM_Base_MspInit
                0x08002678       0xcc ./Core/Src/tim.o
                0x08002678                HAL_TIM_Base_MspInit
 .text.Reset_Handler
                0x08002744       0x50 ./Core/Startup/startup_stm32f030cctx.o
                0x08002744                Reset_Handler
 .text.Default_Handler
                0x08002794        0x2 ./Core/Startup/startup_stm32f030cctx.o
                0x08002794                TIM1_CC_IRQHandler
                0x08002794                TIM6_IRQHandler
                0x08002794                I2C1_IRQHandler
                0x08002794                SPI1_IRQHandler
                0x08002794                EXTI2_3_IRQHandler
                0x08002794                ADC1_IRQHandler
                0x08002794                I2C2_IRQHandler
                0x08002794                USART3_6_IRQHandler
                0x08002794                RTC_IRQHandler
                0x08002794                TIM16_IRQHandler
                0x08002794                TIM3_IRQHandler
                0x08002794                RCC_IRQHandler
                0x08002794                DMA1_Channel1_IRQHandler
                0x08002794                Default_Handler
                0x08002794                TIM14_IRQHandler
                0x08002794                DMA1_Channel4_5_IRQHandler
                0x08002794                TIM7_IRQHandler
                0x08002794                TIM15_IRQHandler
                0x08002794                EXTI0_1_IRQHandler
                0x08002794                SPI2_IRQHandler
                0x08002794                WWDG_IRQHandler
                0x08002794                DMA1_Channel2_3_IRQHandler
                0x08002794                USART2_IRQHandler
                0x08002794                FLASH_IRQHandler
                0x08002794                USART1_IRQHandler
                0x08002794                TIM1_BRK_UP_TRG_COM_IRQHandler
 *fill*         0x08002796        0x2 
 .text.HAL_Init
                0x08002798       0x28 ./Drivers/STM32F0xx_HAL_Driver/Src/stm32f0xx_hal.o
                0x08002798                HAL_Init
 .text.HAL_DeInit
                0x080027c0       0x40 ./Drivers/STM32F0xx_HAL_Driver/Src/stm32f0xx_hal.o
                0x080027c0                HAL_DeInit
 .text.HAL_MspDeInit
                0x08002800        0xa ./Drivers/STM32F0xx_HAL_Driver/Src/stm32f0xx_hal.o
                0x08002800                HAL_MspDeInit
 *fill*         0x0800280a        0x2 
 .text.HAL_InitTick
                0x0800280c       0x68 ./Drivers/STM32F0xx_HAL_Driver/Src/stm32f0xx_hal.o
                0x0800280c                HAL_InitTick
 .text.HAL_IncTick
                0x08002874       0x24 ./Drivers/STM32F0xx_HAL_Driver/Src/stm32f0xx_hal.o
                0x08002874                HAL_IncTick
 .text.HAL_GetTick
                0x08002898       0x14 ./Drivers/STM32F0xx_HAL_Driver/Src/stm32f0xx_hal.o
                0x08002898                HAL_GetTick
 .text.HAL_Delay
                0x080028ac       0x48 ./Drivers/STM32F0xx_HAL_Driver/Src/stm32f0xx_hal.o
                0x080028ac                HAL_Delay
 .text.__NVIC_EnableIRQ
                0x080028f4       0x34 ./Drivers/STM32F0xx_HAL_Driver/Src/stm32f0xx_hal_cortex.o
 .text.__NVIC_SetPriority
                0x08002928       0xdc ./Drivers/STM32F0xx_HAL_Driver/Src/stm32f0xx_hal_cortex.o
 .text.SysTick_Config
                0x08002a04       0x48 ./Drivers/STM32F0xx_HAL_Driver/Src/stm32f0xx_hal_cortex.o
 .text.HAL_NVIC_SetPriority
                0x08002a4c       0x2a ./Drivers/STM32F0xx_HAL_Driver/Src/stm32f0xx_hal_cortex.o
                0x08002a4c                HAL_NVIC_SetPriority
 .text.HAL_NVIC_EnableIRQ
                0x08002a76       0x20 ./Drivers/STM32F0xx_HAL_Driver/Src/stm32f0xx_hal_cortex.o
                0x08002a76                HAL_NVIC_EnableIRQ
 .text.HAL_SYSTICK_Config
                0x08002a96       0x1a ./Drivers/STM32F0xx_HAL_Driver/Src/stm32f0xx_hal_cortex.o
                0x08002a96                HAL_SYSTICK_Config
 .text.HAL_FLASH_Program
                0x08002ab0      0x12c ./Drivers/STM32F0xx_HAL_Driver/Src/stm32f0xx_hal_flash.o
                0x08002ab0                HAL_FLASH_Program
 .text.HAL_FLASH_Unlock
                0x08002bdc       0x4c ./Drivers/STM32F0xx_HAL_Driver/Src/stm32f0xx_hal_flash.o
                0x08002bdc                HAL_FLASH_Unlock
 .text.HAL_FLASH_Lock
                0x08002c28       0x1c ./Drivers/STM32F0xx_HAL_Driver/Src/stm32f0xx_hal_flash.o
                0x08002c28                HAL_FLASH_Lock
 .text.FLASH_Program_HalfWord
                0x08002c44       0x38 ./Drivers/STM32F0xx_HAL_Driver/Src/stm32f0xx_hal_flash.o
 .text.FLASH_WaitForLastOperation
                0x08002c7c       0x80 ./Drivers/STM32F0xx_HAL_Driver/Src/stm32f0xx_hal_flash.o
                0x08002c7c                FLASH_WaitForLastOperation
 .text.FLASH_SetErrorCode
                0x08002cfc       0x60 ./Drivers/STM32F0xx_HAL_Driver/Src/stm32f0xx_hal_flash.o
 .text.HAL_FLASHEx_Erase
                0x08002d5c       0xec ./Drivers/STM32F0xx_HAL_Driver/Src/stm32f0xx_hal_flash_ex.o
                0x08002d5c                HAL_FLASHEx_Erase
 .text.FLASH_MassErase
                0x08002e48       0x30 ./Drivers/STM32F0xx_HAL_Driver/Src/stm32f0xx_hal_flash_ex.o
 .text.FLASH_PageErase
                0x08002e78       0x3c ./Drivers/STM32F0xx_HAL_Driver/Src/stm32f0xx_hal_flash_ex.o
                0x08002e78                FLASH_PageErase
 .text.HAL_GPIO_Init
                0x08002eb4      0x2e0 ./Drivers/STM32F0xx_HAL_Driver/Src/stm32f0xx_hal_gpio.o
                0x08002eb4                HAL_GPIO_Init
 .text.HAL_GPIO_ReadPin
                0x08003194       0x3a ./Drivers/STM32F0xx_HAL_Driver/Src/stm32f0xx_hal_gpio.o
                0x08003194                HAL_GPIO_ReadPin
 .text.HAL_GPIO_WritePin
                0x080031ce       0x3a ./Drivers/STM32F0xx_HAL_Driver/Src/stm32f0xx_hal_gpio.o
                0x080031ce                HAL_GPIO_WritePin
 .text.HAL_GPIO_EXTI_IRQHandler
                0x08003208       0x38 ./Drivers/STM32F0xx_HAL_Driver/Src/stm32f0xx_hal_gpio.o
                0x08003208                HAL_GPIO_EXTI_IRQHandler
 .text.HAL_GPIO_EXTI_Callback
                0x08003240       0x14 ./Drivers/STM32F0xx_HAL_Driver/Src/stm32f0xx_hal_gpio.o
                0x08003240                HAL_GPIO_EXTI_Callback
 .text.HAL_IWDG_Init
                0x08003254       0xa4 ./Drivers/STM32F0xx_HAL_Driver/Src/stm32f0xx_hal_iwdg.o
                0x08003254                HAL_IWDG_Init
 .text.HAL_IWDG_Refresh
                0x080032f8       0x20 ./Drivers/STM32F0xx_HAL_Driver/Src/stm32f0xx_hal_iwdg.o
                0x080032f8                HAL_IWDG_Refresh
 .text.HAL_RCC_DeInit
                0x08003318      0x10c ./Drivers/STM32F0xx_HAL_Driver/Src/stm32f0xx_hal_rcc.o
                0x08003318                HAL_RCC_DeInit
 .text.HAL_RCC_OscConfig
                0x08003424      0x63c ./Drivers/STM32F0xx_HAL_Driver/Src/stm32f0xx_hal_rcc.o
                0x08003424                HAL_RCC_OscConfig
 .text.HAL_RCC_ClockConfig
                0x08003a60      0x19c ./Drivers/STM32F0xx_HAL_Driver/Src/stm32f0xx_hal_rcc.o
                0x08003a60                HAL_RCC_ClockConfig
 .text.HAL_RCC_GetSysClockFreq
                0x08003bfc       0xb0 ./Drivers/STM32F0xx_HAL_Driver/Src/stm32f0xx_hal_rcc.o
                0x08003bfc                HAL_RCC_GetSysClockFreq
 .text.HAL_RCCEx_PeriphCLKConfig
                0x08003cac      0x19c ./Drivers/STM32F0xx_HAL_Driver/Src/stm32f0xx_hal_rcc_ex.o
                0x08003cac                HAL_RCCEx_PeriphCLKConfig
 .text.HAL_RTC_Init
                0x08003e48      0x130 ./Drivers/STM32F0xx_HAL_Driver/Src/stm32f0xx_hal_rtc.o
                0x08003e48                HAL_RTC_Init
 .text.HAL_RTC_SetTime
                0x08003f78      0x14c ./Drivers/STM32F0xx_HAL_Driver/Src/stm32f0xx_hal_rtc.o
                0x08003f78                HAL_RTC_SetTime
 .text.HAL_RTC_SetDate
                0x080040c4      0x120 ./Drivers/STM32F0xx_HAL_Driver/Src/stm32f0xx_hal_rtc.o
                0x080040c4                HAL_RTC_SetDate
 .text.HAL_RTC_WaitForSynchro
                0x080041e4       0x50 ./Drivers/STM32F0xx_HAL_Driver/Src/stm32f0xx_hal_rtc.o
                0x080041e4                HAL_RTC_WaitForSynchro
 .text.RTC_EnterInitMode
                0x08004234       0x86 ./Drivers/STM32F0xx_HAL_Driver/Src/stm32f0xx_hal_rtc.o
                0x08004234                RTC_EnterInitMode
 .text.RTC_ExitInitMode
                0x080042ba       0x52 ./Drivers/STM32F0xx_HAL_Driver/Src/stm32f0xx_hal_rtc.o
                0x080042ba                RTC_ExitInitMode
 .text.RTC_ByteToBcd2
                0x0800430c       0x42 ./Drivers/STM32F0xx_HAL_Driver/Src/stm32f0xx_hal_rtc.o
                0x0800430c                RTC_ByteToBcd2
 *fill*         0x0800434e        0x2 
 .text.HAL_SPI_Init
                0x08004350      0x170 ./Drivers/STM32F0xx_HAL_Driver/Src/stm32f0xx_hal_spi.o
                0x08004350                HAL_SPI_Init
 .text.HAL_SPI_Transmit
                0x080044c0      0x2be ./Drivers/STM32F0xx_HAL_Driver/Src/stm32f0xx_hal_spi.o
                0x080044c0                HAL_SPI_Transmit
 *fill*         0x0800477e        0x2 
 .text.HAL_SPI_Receive
                0x08004780      0x2a4 ./Drivers/STM32F0xx_HAL_Driver/Src/stm32f0xx_hal_spi.o
                0x08004780                HAL_SPI_Receive
 .text.HAL_SPI_TransmitReceive
                0x08004a24      0x3c4 ./Drivers/STM32F0xx_HAL_Driver/Src/stm32f0xx_hal_spi.o
                0x08004a24                HAL_SPI_TransmitReceive
 .text.SPI_WaitFlagStateUntilTimeout
                0x08004de8      0x11c ./Drivers/STM32F0xx_HAL_Driver/Src/stm32f0xx_hal_spi.o
 .text.SPI_WaitFifoStateUntilTimeout
                0x08004f04      0x144 ./Drivers/STM32F0xx_HAL_Driver/Src/stm32f0xx_hal_spi.o
 .text.SPI_EndRxTransaction
                0x08005048       0xbc ./Drivers/STM32F0xx_HAL_Driver/Src/stm32f0xx_hal_spi.o
 .text.SPI_EndRxTxTransaction
                0x08005104       0x8c ./Drivers/STM32F0xx_HAL_Driver/Src/stm32f0xx_hal_spi.o
 .text.HAL_TIM_Base_Init
                0x08005190       0xa0 ./Drivers/STM32F0xx_HAL_Driver/Src/stm32f0xx_hal_tim.o
                0x08005190                HAL_TIM_Base_Init
 .text.HAL_TIM_IRQHandler
                0x08005230      0x1dc ./Drivers/STM32F0xx_HAL_Driver/Src/stm32f0xx_hal_tim.o
                0x08005230                HAL_TIM_IRQHandler
 .text.HAL_TIM_ConfigClockSource
                0x0800540c      0x1a8 ./Drivers/STM32F0xx_HAL_Driver/Src/stm32f0xx_hal_tim.o
                0x0800540c                HAL_TIM_ConfigClockSource
 .text.HAL_TIM_PeriodElapsedCallback
                0x080055b4       0x10 ./Drivers/STM32F0xx_HAL_Driver/Src/stm32f0xx_hal_tim.o
                0x080055b4                HAL_TIM_PeriodElapsedCallback
 .text.HAL_TIM_OC_DelayElapsedCallback
                0x080055c4       0x10 ./Drivers/STM32F0xx_HAL_Driver/Src/stm32f0xx_hal_tim.o
                0x080055c4                HAL_TIM_OC_DelayElapsedCallback
 .text.HAL_TIM_IC_CaptureCallback
                0x080055d4       0x10 ./Drivers/STM32F0xx_HAL_Driver/Src/stm32f0xx_hal_tim.o
                0x080055d4                HAL_TIM_IC_CaptureCallback
 .text.HAL_TIM_PWM_PulseFinishedCallback
                0x080055e4       0x10 ./Drivers/STM32F0xx_HAL_Driver/Src/stm32f0xx_hal_tim.o
                0x080055e4                HAL_TIM_PWM_PulseFinishedCallback
 .text.HAL_TIM_TriggerCallback
                0x080055f4       0x10 ./Drivers/STM32F0xx_HAL_Driver/Src/stm32f0xx_hal_tim.o
                0x080055f4                HAL_TIM_TriggerCallback
 .text.TIM_Base_SetConfig
                0x08005604      0x108 ./Drivers/STM32F0xx_HAL_Driver/Src/stm32f0xx_hal_tim.o
                0x08005604                TIM_Base_SetConfig
 .text.TIM_TI1_ConfigInputStage
                0x0800570c       0x5c ./Drivers/STM32F0xx_HAL_Driver/Src/stm32f0xx_hal_tim.o
 .text.TIM_TI2_ConfigInputStage
                0x08005768       0x64 ./Drivers/STM32F0xx_HAL_Driver/Src/stm32f0xx_hal_tim.o
 .text.TIM_ITRx_SetConfig
                0x080057cc       0x32 ./Drivers/STM32F0xx_HAL_Driver/Src/stm32f0xx_hal_tim.o
 *fill*         0x080057fe        0x2 
 .text.TIM_ETR_SetConfig
                0x08005800       0x40 ./Drivers/STM32F0xx_HAL_Driver/Src/stm32f0xx_hal_tim.o
                0x08005800                TIM_ETR_SetConfig
 .text.HAL_TIMEx_MasterConfigSynchronization
                0x08005840       0xb0 ./Drivers/STM32F0xx_HAL_Driver/Src/stm32f0xx_hal_tim_ex.o
                0x08005840                HAL_TIMEx_MasterConfigSynchronization
 .text.HAL_TIMEx_CommutCallback
                0x080058f0       0x10 ./Drivers/STM32F0xx_HAL_Driver/Src/stm32f0xx_hal_tim_ex.o
                0x080058f0                HAL_TIMEx_CommutCallback
 .text.HAL_TIMEx_BreakCallback
                0x08005900       0x10 ./Drivers/STM32F0xx_HAL_Driver/Src/stm32f0xx_hal_tim_ex.o
                0x08005900                HAL_TIMEx_BreakCallback
 .text.memset   0x08005910       0x10 C:/ST/STM32CubeIDE_1.19.0/STM32CubeIDE/plugins/com.st.stm32cube.ide.mcu.externaltools.gnu-tools-for-stm32.13.3.rel1.win32_1.0.0.202411081344/tools/bin/../lib/gcc/arm-none-eabi/13.3.1/../../../../arm-none-eabi/lib/thumb/v6-m/nofp\libc_nano.a(libc_a-memset.o)
                0x08005910                memset
 .text.__libc_init_array
                0x08005920       0x48 C:/ST/STM32CubeIDE_1.19.0/STM32CubeIDE/plugins/com.st.stm32cube.ide.mcu.externaltools.gnu-tools-for-stm32.13.3.rel1.win32_1.0.0.202411081344/tools/bin/../lib/gcc/arm-none-eabi/13.3.1/../../../../arm-none-eabi/lib/thumb/v6-m/nofp\libc_nano.a(libc_a-init.o)
                0x08005920                __libc_init_array
 .text.memcpy   0x08005968       0x12 C:/ST/STM32CubeIDE_1.19.0/STM32CubeIDE/plugins/com.st.stm32cube.ide.mcu.externaltools.gnu-tools-for-stm32.13.3.rel1.win32_1.0.0.202411081344/tools/bin/../lib/gcc/arm-none-eabi/13.3.1/../../../../arm-none-eabi/lib/thumb/v6-m/nofp\libc_nano.a(libc_a-memcpy-stub.o)
                0x08005968                memcpy
 *(.glue_7)
 .glue_7        0x0800597a        0x0 linker stubs
 *(.glue_7t)
 .glue_7t       0x0800597a        0x0 linker stubs
 *(.eh_frame)
 *fill*         0x0800597a        0x2 
 .eh_frame      0x0800597c        0x0 C:/ST/STM32CubeIDE_1.19.0/STM32CubeIDE/plugins/com.st.stm32cube.ide.mcu.externaltools.gnu-tools-for-stm32.13.3.rel1.win32_1.0.0.202411081344/tools/bin/../lib/gcc/arm-none-eabi/13.3.1/thumb/v6-m/nofp/crtbegin.o
 *(.init)
 .init          0x0800597c        0x4 C:/ST/STM32CubeIDE_1.19.0/STM32CubeIDE/plugins/com.st.stm32cube.ide.mcu.externaltools.gnu-tools-for-stm32.13.3.rel1.win32_1.0.0.202411081344/tools/bin/../lib/gcc/arm-none-eabi/13.3.1/thumb/v6-m/nofp/crti.o
                0x0800597c                _init
 .init          0x08005980        0x8 C:/ST/STM32CubeIDE_1.19.0/STM32CubeIDE/plugins/com.st.stm32cube.ide.mcu.externaltools.gnu-tools-for-stm32.13.3.rel1.win32_1.0.0.202411081344/tools/bin/../lib/gcc/arm-none-eabi/13.3.1/thumb/v6-m/nofp/crtn.o
 *(.fini)
 .fini          0x08005988        0x4 C:/ST/STM32CubeIDE_1.19.0/STM32CubeIDE/plugins/com.st.stm32cube.ide.mcu.externaltools.gnu-tools-for-stm32.13.3.rel1.win32_1.0.0.202411081344/tools/bin/../lib/gcc/arm-none-eabi/13.3.1/thumb/v6-m/nofp/crti.o
                0x08005988                _fini
 .fini          0x0800598c        0x8 C:/ST/STM32CubeIDE_1.19.0/STM32CubeIDE/plugins/com.st.stm32cube.ide.mcu.externaltools.gnu-tools-for-stm32.13.3.rel1.win32_1.0.0.202411081344/tools/bin/../lib/gcc/arm-none-eabi/13.3.1/thumb/v6-m/nofp/crtn.o
                0x08005994                        . = ALIGN (0x4)
                0x08005994                        _etext = .

.vfp11_veneer   0x08005994        0x0
 .vfp11_veneer  0x08005994        0x0 linker stubs

.v4_bx          0x08005994        0x0
 .v4_bx         0x08005994        0x0 linker stubs

.iplt           0x08005994        0x0
 .iplt          0x08005994        0x0 C:/ST/STM32CubeIDE_1.19.0/STM32CubeIDE/plugins/com.st.stm32cube.ide.mcu.externaltools.gnu-tools-for-stm32.13.3.rel1.win32_1.0.0.202411081344/tools/bin/../lib/gcc/arm-none-eabi/13.3.1/thumb/v6-m/nofp/crtbegin.o

.rodata         0x08005994      0x25c
                0x08005994                        . = ALIGN (0x4)
 *(.rodata)
 *(.rodata*)
 .rodata.sbox   0x08005994      0x100 ./Core/Src/aes.o
 .rodata.rsbox  0x08005a94      0x100 ./Core/Src/aes.o
 .rodata.Rcon   0x08005b94        0xb ./Core/Src/aes.o
 *fill*         0x08005b9f        0x1 
 .rodata.DEFAULT_AES_KEY
                0x08005ba0       0x20 ./Core/Src/main.o
 .rodata.AHBPrescTable
                0x08005bc0       0x10 ./Core/Src/system_stm32f0xx.o
                0x08005bc0                AHBPrescTable
 .rodata.aPLLMULFactorTable.1
                0x08005bd0       0x10 ./Drivers/STM32F0xx_HAL_Driver/Src/stm32f0xx_hal_rcc.o
 .rodata.aPredivFactorTable.0
                0x08005be0       0x10 ./Drivers/STM32F0xx_HAL_Driver/Src/stm32f0xx_hal_rcc.o
                0x08005bf0                        . = ALIGN (0x4)

.ARM.extab      0x08005bf0        0x0
                0x08005bf0                        . = ALIGN (0x4)
 *(.ARM.extab* .gnu.linkonce.armextab.*)
                0x08005bf0                        . = ALIGN (0x4)

.ARM            0x08005bf0        0x0
                0x08005bf0                        . = ALIGN (0x4)
                0x08005bf0                        __exidx_start = .
 *(.ARM.exidx*)
                0x08005bf0                        __exidx_end = .
                0x08005bf0                        . = ALIGN (0x4)

.preinit_array  0x08005bf0        0x0
                0x08005bf0                        . = ALIGN (0x4)
                0x08005bf0                        PROVIDE (__preinit_array_start = .)
 *(.preinit_array*)
                0x08005bf0                        PROVIDE (__preinit_array_end = .)
                0x08005bf0                        . = ALIGN (0x4)

.init_array     0x08005bf0        0x4
                0x08005bf0                        . = ALIGN (0x4)
                0x08005bf0                        PROVIDE (__init_array_start = .)
 *(SORT_BY_NAME(.init_array.*))
 *(.init_array*)
 .init_array    0x08005bf0        0x4 C:/ST/STM32CubeIDE_1.19.0/STM32CubeIDE/plugins/com.st.stm32cube.ide.mcu.externaltools.gnu-tools-for-stm32.13.3.rel1.win32_1.0.0.202411081344/tools/bin/../lib/gcc/arm-none-eabi/13.3.1/thumb/v6-m/nofp/crtbegin.o
                0x08005bf4                        PROVIDE (__init_array_end = .)
                0x08005bf4                        . = ALIGN (0x4)

.fini_array     0x08005bf4        0x4
                0x08005bf4                        . = ALIGN (0x4)
                [!provide]                        PROVIDE (__fini_array_start = .)
 *(SORT_BY_NAME(.fini_array.*))
 *(.fini_array*)
 .fini_array    0x08005bf4        0x4 C:/ST/STM32CubeIDE_1.19.0/STM32CubeIDE/plugins/com.st.stm32cube.ide.mcu.externaltools.gnu-tools-for-stm32.13.3.rel1.win32_1.0.0.202411081344/tools/bin/../lib/gcc/arm-none-eabi/13.3.1/thumb/v6-m/nofp/crtbegin.o
                [!provide]                        PROVIDE (__fini_array_end = .)
                0x08005bf8                        . = ALIGN (0x4)
                0x08005bf8                        _sidata = LOADADDR (.data)

.rel.dyn        0x08005bf8        0x0
 .rel.iplt      0x08005bf8        0x0 C:/ST/STM32CubeIDE_1.19.0/STM32CubeIDE/plugins/com.st.stm32cube.ide.mcu.externaltools.gnu-tools-for-stm32.13.3.rel1.win32_1.0.0.202411081344/tools/bin/../lib/gcc/arm-none-eabi/13.3.1/thumb/v6-m/nofp/crtbegin.o

.data           0x20000000        0xc load address 0x08005bf8
                0x20000000                        . = ALIGN (0x4)
                0x20000000                        _sdata = .
 *(.data)
 *(.data*)
 .data.SystemCoreClock
                0x20000000        0x4 ./Core/Src/system_stm32f0xx.o
                0x20000000                SystemCoreClock
 .data.uwTickPrio
                0x20000004        0x4 ./Drivers/STM32F0xx_HAL_Driver/Src/stm32f0xx_hal.o
                0x20000004                uwTickPrio
 .data.uwTickFreq
                0x20000008        0x1 ./Drivers/STM32F0xx_HAL_Driver/Src/stm32f0xx_hal.o
                0x20000008                uwTickFreq
 *(.RamFunc)
 *(.RamFunc*)
                0x2000000c                        . = ALIGN (0x4)
 *fill*         0x20000009        0x3 
                0x2000000c                        _edata = .

.igot.plt       0x2000000c        0x0 load address 0x08005c04
 .igot.plt      0x2000000c        0x0 C:/ST/STM32CubeIDE_1.19.0/STM32CubeIDE/plugins/com.st.stm32cube.ide.mcu.externaltools.gnu-tools-for-stm32.13.3.rel1.win32_1.0.0.202411081344/tools/bin/../lib/gcc/arm-none-eabi/13.3.1/thumb/v6-m/nofp/crtbegin.o
                0x2000000c                        . = ALIGN (0x4)

.bss            0x20000010      0x330 load address 0x08005c04
                0x20000010                        _sbss = .
                0x20000010                        __bss_start__ = _sbss
 *(.bss)
 .bss           0x20000010       0x1c C:/ST/STM32CubeIDE_1.19.0/STM32CubeIDE/plugins/com.st.stm32cube.ide.mcu.externaltools.gnu-tools-for-stm32.13.3.rel1.win32_1.0.0.202411081344/tools/bin/../lib/gcc/arm-none-eabi/13.3.1/thumb/v6-m/nofp/crtbegin.o
 *(.bss*)
 .bss.hiwdg     0x2000002c       0x10 ./Core/Src/iwdg.o
                0x2000002c                hiwdg
 .bss.AES_KEY   0x2000003c       0x20 ./Core/Src/main.o
 .bss.rf_rx_buf
                0x2000005c       0x40 ./Core/Src/main.o
 .bss.fw_assembly_buf
                0x2000009c       0xc8 ./Core/Src/main.o
 .bss.fw_chunks_received
                0x20000164        0x1 ./Core/Src/main.o
 *fill*         0x20000165        0x1 
 .bss.rf_seq_counter
                0x20000166        0x2 ./Core/Src/main.o
 .bss.pixel_buf
                0x20000168        0x9 ./Core/Src/neopixel.o
 *fill*         0x20000171        0x3 
 .bss.hrtc      0x20000174       0x20 ./Core/Src/rtc.o
                0x20000174                hrtc
 .bss.hspi2     0x20000194       0x64 ./Core/Src/spi.o
                0x20000194                hspi2
 .bss.htim3     0x200001f8       0x48 ./Core/Src/tim.o
                0x200001f8                htim3
 .bss.htim6     0x20000240       0x48 ./Core/Src/tim.o
                0x20000240                htim6
 .bss.htim16    0x20000288       0x48 ./Core/Src/tim.o
                0x20000288                htim16
 .bss.htim17    0x200002d0       0x48 ./Core/Src/tim.o
                0x200002d0                htim17
 .bss.uwTick    0x20000318        0x4 ./Drivers/STM32F0xx_HAL_Driver/Src/stm32f0xx_hal.o
                0x20000318                uwTick
 *fill*         0x2000031c        0x4 
 .bss.pFlash    0x20000320       0x20 ./Drivers/STM32F0xx_HAL_Driver/Src/stm32f0xx_hal_flash.o
                0x20000320                pFlash
 *(COMMON)
                0x20000340                        . = ALIGN (0x4)
                0x20000340                        _ebss = .
                0x20000340                        __bss_end__ = _ebss

._user_heap_stack
                0x20000340     0x1400 load address 0x08005c04
                0x20000340                        . = ALIGN (0x8)
                [!provide]                        PROVIDE (end = .)
                0x20000340                        PROVIDE (_end = .)
                0x20000b40                        . = (. + _Min_Heap_Size)
 *fill*         0x20000340      0x800 
                0x20001740                        . = (. + _Min_Stack_Size)
 *fill*         0x20000b40      0xc00 
                0x20001740                        . = ALIGN (0x8)

/DISCARD/
 libc.a(*)
 libm.a(*)
 libgcc.a(*)

.ARM.attributes
                0x00000000       0x28
 *(.ARM.attributes)
 .ARM.attributes
                0x00000000       0x1e C:/ST/STM32CubeIDE_1.19.0/STM32CubeIDE/plugins/com.st.stm32cube.ide.mcu.externaltools.gnu-tools-for-stm32.13.3.rel1.win32_1.0.0.202411081344/tools/bin/../lib/gcc/arm-none-eabi/13.3.1/thumb/v6-m/nofp/crti.o
 .ARM.attributes
                0x0000001e       0x2c C:/ST/STM32CubeIDE_1.19.0/STM32CubeIDE/plugins/com.st.stm32cube.ide.mcu.externaltools.gnu-tools-for-stm32.13.3.rel1.win32_1.0.0.202411081344/tools/bin/../lib/gcc/arm-none-eabi/13.3.1/thumb/v6-m/nofp/crtbegin.o
 .ARM.attributes
                0x0000004a       0x2c ./Core/Src/aes.o
 .ARM.attributes
                0x00000076       0x2c ./Core/Src/gpio.o
 .ARM.attributes
                0x000000a2       0x2c ./Core/Src/iwdg.o
 .ARM.attributes
                0x000000ce       0x2c ./Core/Src/main.o
 .ARM.attributes
                0x000000fa       0x2c ./Core/Src/neopixel.o
 .ARM.attributes
                0x00000126       0x2c ./Core/Src/rtc.o
 .ARM.attributes
                0x00000152       0x2c ./Core/Src/si4432.o
 .ARM.attributes
                0x0000017e       0x2c ./Core/Src/spi.o
 .ARM.attributes
                0x000001aa       0x2c ./Core/Src/stm32f0xx_hal_msp.o
 .ARM.attributes
                0x000001d6       0x2c ./Core/Src/stm32f0xx_it.o
 .ARM.attributes
                0x00000202       0x2c ./Core/Src/system_stm32f0xx.o
 .ARM.attributes
                0x0000022e       0x2c ./Core/Src/tim.o
 .ARM.attributes
                0x0000025a       0x21 ./Core/Startup/startup_stm32f030cctx.o
 .ARM.attributes
                0x0000027b       0x2c ./Drivers/STM32F0xx_HAL_Driver/Src/stm32f0xx_hal.o
 .ARM.attributes
                0x000002a7       0x2c ./Drivers/STM32F0xx_HAL_Driver/Src/stm32f0xx_hal_cortex.o
 .ARM.attributes
                0x000002d3       0x2c ./Drivers/STM32F0xx_HAL_Driver/Src/stm32f0xx_hal_flash.o
 .ARM.attributes
                0x000002ff       0x2c ./Drivers/STM32F0xx_HAL_Driver/Src/stm32f0xx_hal_flash_ex.o
 .ARM.attributes
                0x0000032b       0x2c ./Drivers/STM32F0xx_HAL_Driver/Src/stm32f0xx_hal_gpio.o
 .ARM.attributes
                0x00000357       0x2c ./Drivers/STM32F0xx_HAL_Driver/Src/stm32f0xx_hal_iwdg.o
 .ARM.attributes
                0x00000383       0x2c ./Drivers/STM32F0xx_HAL_Driver/Src/stm32f0xx_hal_rcc.o
 .ARM.attributes
                0x000003af       0x2c ./Drivers/STM32F0xx_HAL_Driver/Src/stm32f0xx_hal_rcc_ex.o
 .ARM.attributes
                0x000003db       0x2c ./Drivers/STM32F0xx_HAL_Driver/Src/stm32f0xx_hal_rtc.o
 .ARM.attributes
                0x00000407       0x2c ./Drivers/STM32F0xx_HAL_Driver/Src/stm32f0xx_hal_spi.o
 .ARM.attributes
                0x00000433       0x2c ./Drivers/STM32F0xx_HAL_Driver/Src/stm32f0xx_hal_tim.o
 .ARM.attributes
                0x0000045f       0x2c ./Drivers/STM32F0xx_HAL_Driver/Src/stm32f0xx_hal_tim_ex.o
 .ARM.attributes
                0x0000048b       0x2c C:/ST/STM32CubeIDE_1.19.0/STM32CubeIDE/plugins/com.st.stm32cube.ide.mcu.externaltools.gnu-tools-for-stm32.13.3.rel1.win32_1.0.0.202411081344/tools/bin/../lib/gcc/arm-none-eabi/13.3.1/../../../../arm-none-eabi/lib/thumb/v6-m/nofp\libc_nano.a(libc_a-memset.o)
 .ARM.attributes
                0x000004b7       0x2c C:/ST/STM32CubeIDE_1.19.0/STM32CubeIDE/plugins/com.st.stm32cube.ide.mcu.externaltools.gnu-tools-for-stm32.13.3.rel1.win32_1.0.0.202411081344/tools/bin/../lib/gcc/arm-none-eabi/13.3.1/../../../../arm-none-eabi/lib/thumb/v6-m/nofp\libc_nano.a(libc_a-init.o)
 .ARM.attributes
                0x000004e3       0x2c C:/ST/STM32CubeIDE_1.19.0/STM32CubeIDE/plugins/com.st.stm32cube.ide.mcu.externaltools.gnu-tools-for-stm32.13.3.rel1.win32_1.0.0.202411081344/tools/bin/../lib/gcc/arm-none-eabi/13.3.1/../../../../arm-none-eabi/lib/thumb/v6-m/nofp\libc_nano.a(libc_a-memcpy-stub.o)
 .ARM.attributes
                0x0000050f       0x1e C:/ST/STM32CubeIDE_1.19.0/STM32CubeIDE/plugins/com.st.stm32cube.ide.mcu.externaltools.gnu-tools-for-stm32.13.3.rel1.win32_1.0.0.202411081344/tools/bin/../lib/gcc/arm-none-eabi/13.3.1/thumb/v6-m/nofp\libgcc.a(_udivsi3.o)
 .ARM.attributes
                0x0000052d       0x1e C:/ST/STM32CubeIDE_1.19.0/STM32CubeIDE/plugins/com.st.stm32cube.ide.mcu.externaltools.gnu-tools-for-stm32.13.3.rel1.win32_1.0.0.202411081344/tools/bin/../lib/gcc/arm-none-eabi/13.3.1/thumb/v6-m/nofp\libgcc.a(_dvmd_tls.o)
 .ARM.attributes
                0x0000054b       0x1e C:/ST/STM32CubeIDE_1.19.0/STM32CubeIDE/plugins/com.st.stm32cube.ide.mcu.externaltools.gnu-tools-for-stm32.13.3.rel1.win32_1.0.0.202411081344/tools/bin/../lib/gcc/arm-none-eabi/13.3.1/thumb/v6-m/nofp/crtn.o
OUTPUT(alıcı_cihaz.elf elf32-littlearm)
LOAD linker stubs
LOAD C:/ST/STM32CubeIDE_1.19.0/STM32CubeIDE/plugins/com.st.stm32cube.ide.mcu.externaltools.gnu-tools-for-stm32.13.3.rel1.win32_1.0.0.202411081344/tools/bin/../lib/gcc/arm-none-eabi/13.3.1/../../../../arm-none-eabi/lib/thumb/v6-m/nofp\libc.a
LOAD C:/ST/STM32CubeIDE_1.19.0/STM32CubeIDE/plugins/com.st.stm32cube.ide.mcu.externaltools.gnu-tools-for-stm32.13.3.rel1.win32_1.0.0.202411081344/tools/bin/../lib/gcc/arm-none-eabi/13.3.1/../../../../arm-none-eabi/lib/thumb/v6-m/nofp\libm.a
LOAD C:/ST/STM32CubeIDE_1.19.0/STM32CubeIDE/plugins/com.st.stm32cube.ide.mcu.externaltools.gnu-tools-for-stm32.13.3.rel1.win32_1.0.0.202411081344/tools/bin/../lib/gcc/arm-none-eabi/13.3.1/thumb/v6-m/nofp\libgcc.a

.debug_info     0x00000000     0xdc9a
 .debug_info    0x00000000      0x481 ./Core/Src/aes.o
 .debug_info    0x00000481      0x442 ./Core/Src/gpio.o
 .debug_info    0x000008c3      0x1d3 ./Core/Src/iwdg.o
 .debug_info    0x00000a96     0x1542 ./Core/Src/main.o
 .debug_info    0x00001fd8      0x4d3 ./Core/Src/neopixel.o
 .debug_info    0x000024ab      0x534 ./Core/Src/rtc.o
 .debug_info    0x000029df      0x900 ./Core/Src/si4432.o
 .debug_info    0x000032df      0x890 ./Core/Src/spi.o
 .debug_info    0x00003b6f      0x199 ./Core/Src/stm32f0xx_hal_msp.o
 .debug_info    0x00003d08      0x6b4 ./Core/Src/stm32f0xx_it.o
 .debug_info    0x000043bc      0x242 ./Core/Src/system_stm32f0xx.o
 .debug_info    0x000045fe      0xa4f ./Core/Src/tim.o
 .debug_info    0x0000504d       0x30 ./Core/Startup/startup_stm32f030cctx.o
 .debug_info    0x0000507d      0x67c ./Drivers/STM32F0xx_HAL_Driver/Src/stm32f0xx_hal.o
 .debug_info    0x000056f9      0x6a7 ./Drivers/STM32F0xx_HAL_Driver/Src/stm32f0xx_hal_cortex.o
 .debug_info    0x00005da0      0x4fc ./Drivers/STM32F0xx_HAL_Driver/Src/stm32f0xx_hal_flash.o
 .debug_info    0x0000629c      0x73c ./Drivers/STM32F0xx_HAL_Driver/Src/stm32f0xx_hal_flash_ex.o
 .debug_info    0x000069d8      0x5bf ./Drivers/STM32F0xx_HAL_Driver/Src/stm32f0xx_hal_gpio.o
 .debug_info    0x00006f97      0x1f7 ./Drivers/STM32F0xx_HAL_Driver/Src/stm32f0xx_hal_iwdg.o
 .debug_info    0x0000718e      0x844 ./Drivers/STM32F0xx_HAL_Driver/Src/stm32f0xx_hal_rcc.o
 .debug_info    0x000079d2      0x35d ./Drivers/STM32F0xx_HAL_Driver/Src/stm32f0xx_hal_rcc_ex.o
 .debug_info    0x00007d2f      0xb07 ./Drivers/STM32F0xx_HAL_Driver/Src/stm32f0xx_hal_rtc.o
 .debug_info    0x00008836     0x1642 ./Drivers/STM32F0xx_HAL_Driver/Src/stm32f0xx_hal_spi.o
 .debug_info    0x00009e78     0x2970 ./Drivers/STM32F0xx_HAL_Driver/Src/stm32f0xx_hal_tim.o
 .debug_info    0x0000c7e8     0x14b2 ./Drivers/STM32F0xx_HAL_Driver/Src/stm32f0xx_hal_tim_ex.o

.debug_abbrev   0x00000000     0x2fc8
 .debug_abbrev  0x00000000      0x17f ./Core/Src/aes.o
 .debug_abbrev  0x0000017f      0x16f ./Core/Src/gpio.o
 .debug_abbrev  0x000002ee      0x139 ./Core/Src/iwdg.o
 .debug_abbrev  0x00000427      0x436 ./Core/Src/main.o
 .debug_abbrev  0x0000085d      0x1ff ./Core/Src/neopixel.o
 .debug_abbrev  0x00000a5c      0x186 ./Core/Src/rtc.o
 .debug_abbrev  0x00000be2      0x262 ./Core/Src/si4432.o
 .debug_abbrev  0x00000e44      0x1f1 ./Core/Src/spi.o
 .debug_abbrev  0x00001035       0xc6 ./Core/Src/stm32f0xx_hal_msp.o
 .debug_abbrev  0x000010fb      0x1a6 ./Core/Src/stm32f0xx_it.o
 .debug_abbrev  0x000012a1      0x11c ./Core/Src/system_stm32f0xx.o
 .debug_abbrev  0x000013bd      0x24d ./Core/Src/tim.o
 .debug_abbrev  0x0000160a       0x24 ./Core/Startup/startup_stm32f030cctx.o
 .debug_abbrev  0x0000162e      0x24b ./Drivers/STM32F0xx_HAL_Driver/Src/stm32f0xx_hal.o
 .debug_abbrev  0x00001879      0x28c ./Drivers/STM32F0xx_HAL_Driver/Src/stm32f0xx_hal_cortex.o
 .debug_abbrev  0x00001b05      0x226 ./Drivers/STM32F0xx_HAL_Driver/Src/stm32f0xx_hal_flash.o
 .debug_abbrev  0x00001d2b      0x212 ./Drivers/STM32F0xx_HAL_Driver/Src/stm32f0xx_hal_flash_ex.o
 .debug_abbrev  0x00001f3d      0x1ca ./Drivers/STM32F0xx_HAL_Driver/Src/stm32f0xx_hal_gpio.o
 .debug_abbrev  0x00002107      0x14d ./Drivers/STM32F0xx_HAL_Driver/Src/stm32f0xx_hal_iwdg.o
 .debug_abbrev  0x00002254      0x28b ./Drivers/STM32F0xx_HAL_Driver/Src/stm32f0xx_hal_rcc.o
 .debug_abbrev  0x000024df      0x16f ./Drivers/STM32F0xx_HAL_Driver/Src/stm32f0xx_hal_rcc_ex.o
 .debug_abbrev  0x0000264e      0x1e0 ./Drivers/STM32F0xx_HAL_Driver/Src/stm32f0xx_hal_rtc.o
 .debug_abbrev  0x0000282e      0x277 ./Drivers/STM32F0xx_HAL_Driver/Src/stm32f0xx_hal_spi.o
 .debug_abbrev  0x00002aa5      0x28c ./Drivers/STM32F0xx_HAL_Driver/Src/stm32f0xx_hal_tim.o
 .debug_abbrev  0x00002d31      0x297 ./Drivers/STM32F0xx_HAL_Driver/Src/stm32f0xx_hal_tim_ex.o

.debug_aranges  0x00000000      0xf40
 .debug_aranges
                0x00000000       0x40 ./Core/Src/aes.o
 .debug_aranges
                0x00000040       0x20 ./Core/Src/gpio.o
 .debug_aranges
                0x00000060       0x20 ./Core/Src/iwdg.o
 .debug_aranges
                0x00000080       0xd8 ./Core/Src/main.o
 .debug_aranges
                0x00000158       0x48 ./Core/Src/neopixel.o
 .debug_aranges
                0x000001a0       0x30 ./Core/Src/rtc.o
 .debug_aranges
                0x000001d0       0x60 ./Core/Src/si4432.o
 .debug_aranges
                0x00000230       0x30 ./Core/Src/spi.o
 .debug_aranges
                0x00000260       0x20 ./Core/Src/stm32f0xx_hal_msp.o
 .debug_aranges
                0x00000280       0x50 ./Core/Src/stm32f0xx_it.o
 .debug_aranges
                0x000002d0       0x28 ./Core/Src/system_stm32f0xx.o
 .debug_aranges
                0x000002f8       0x48 ./Core/Src/tim.o
 .debug_aranges
                0x00000340       0x28 ./Core/Startup/startup_stm32f030cctx.o
 .debug_aranges
                0x00000368       0xd0 ./Drivers/STM32F0xx_HAL_Driver/Src/stm32f0xx_hal.o
 .debug_aranges
                0x00000438       0xc0 ./Drivers/STM32F0xx_HAL_Driver/Src/stm32f0xx_hal_cortex.o
 .debug_aranges
                0x000004f8       0x88 ./Drivers/STM32F0xx_HAL_Driver/Src/stm32f0xx_hal_flash.o
 .debug_aranges
                0x00000580       0x98 ./Drivers/STM32F0xx_HAL_Driver/Src/stm32f0xx_hal_flash_ex.o
 .debug_aranges
                0x00000618       0x58 ./Drivers/STM32F0xx_HAL_Driver/Src/stm32f0xx_hal_gpio.o
 .debug_aranges
                0x00000670       0x28 ./Drivers/STM32F0xx_HAL_Driver/Src/stm32f0xx_hal_iwdg.o
 .debug_aranges
                0x00000698       0x80 ./Drivers/STM32F0xx_HAL_Driver/Src/stm32f0xx_hal_rcc.o
 .debug_aranges
                0x00000718       0x30 ./Drivers/STM32F0xx_HAL_Driver/Src/stm32f0xx_hal_rcc_ex.o
 .debug_aranges
                0x00000748       0xe8 ./Drivers/STM32F0xx_HAL_Driver/Src/stm32f0xx_hal_rtc.o
 .debug_aranges
                0x00000830      0x1d8 ./Drivers/STM32F0xx_HAL_Driver/Src/stm32f0xx_hal_spi.o
 .debug_aranges
                0x00000a08      0x3d0 ./Drivers/STM32F0xx_HAL_Driver/Src/stm32f0xx_hal_tim.o
 .debug_aranges
                0x00000dd8      0x168 ./Drivers/STM32F0xx_HAL_Driver/Src/stm32f0xx_hal_tim_ex.o

.debug_rnglists
                0x00000000      0xbf3
 .debug_rnglists
                0x00000000       0x2f ./Core/Src/aes.o
 .debug_rnglists
                0x0000002f       0x14 ./Core/Src/gpio.o
 .debug_rnglists
                0x00000043       0x13 ./Core/Src/iwdg.o
 .debug_rnglists
                0x00000056       0xc0 ./Core/Src/main.o
 .debug_rnglists
                0x00000116       0x5d ./Core/Src/neopixel.o
 .debug_rnglists
                0x00000173       0x20 ./Core/Src/rtc.o
 .debug_rnglists
                0x00000193       0x46 ./Core/Src/si4432.o
 .debug_rnglists
                0x000001d9       0x20 ./Core/Src/spi.o
 .debug_rnglists
                0x000001f9       0x13 ./Core/Src/stm32f0xx_hal_msp.o
 .debug_rnglists
                0x0000020c       0x37 ./Core/Src/stm32f0xx_it.o
 .debug_rnglists
                0x00000243       0x1a ./Core/Src/system_stm32f0xx.o
 .debug_rnglists
                0x0000025d       0x34 ./Core/Src/tim.o
 .debug_rnglists
                0x00000291       0x19 ./Core/Startup/startup_stm32f030cctx.o
 .debug_rnglists
                0x000002aa       0x97 ./Drivers/STM32F0xx_HAL_Driver/Src/stm32f0xx_hal.o
 .debug_rnglists
                0x00000341       0x8c ./Drivers/STM32F0xx_HAL_Driver/Src/stm32f0xx_hal_cortex.o
 .debug_rnglists
                0x000003cd       0x65 ./Drivers/STM32F0xx_HAL_Driver/Src/stm32f0xx_hal_flash.o
 .debug_rnglists
                0x00000432       0x76 ./Drivers/STM32F0xx_HAL_Driver/Src/stm32f0xx_hal_flash_ex.o
 .debug_rnglists
                0x000004a8       0x3f ./Drivers/STM32F0xx_HAL_Driver/Src/stm32f0xx_hal_gpio.o
 .debug_rnglists
                0x000004e7       0x1a ./Drivers/STM32F0xx_HAL_Driver/Src/stm32f0xx_hal_iwdg.o
 .debug_rnglists
                0x00000501       0x61 ./Drivers/STM32F0xx_HAL_Driver/Src/stm32f0xx_hal_rcc.o
 .debug_rnglists
                0x00000562       0x21 ./Drivers/STM32F0xx_HAL_Driver/Src/stm32f0xx_hal_rcc_ex.o
 .debug_rnglists
                0x00000583       0xb4 ./Drivers/STM32F0xx_HAL_Driver/Src/stm32f0xx_hal_rtc.o
 .debug_rnglists
                0x00000637      0x17a ./Drivers/STM32F0xx_HAL_Driver/Src/stm32f0xx_hal_spi.o
 .debug_rnglists
                0x000007b1      0x31c ./Drivers/STM32F0xx_HAL_Driver/Src/stm32f0xx_hal_tim.o
 .debug_rnglists
                0x00000acd      0x126 ./Drivers/STM32F0xx_HAL_Driver/Src/stm32f0xx_hal_tim_ex.o

.debug_macro    0x00000000    0x12efb
 .debug_macro   0x00000000      0x145 ./Core/Src/aes.o
 .debug_macro   0x00000145      0xaae ./Core/Src/aes.o
 .debug_macro   0x00000bf3       0x22 ./Core/Src/aes.o
 .debug_macro   0x00000c15       0x8e ./Core/Src/aes.o
 .debug_macro   0x00000ca3       0x51 ./Core/Src/aes.o
 .debug_macro   0x00000cf4      0x103 ./Core/Src/aes.o
 .debug_macro   0x00000df7       0x6a ./Core/Src/aes.o
 .debug_macro   0x00000e61      0x1df ./Core/Src/aes.o
 .debug_macro   0x00001040       0x10 ./Core/Src/aes.o
 .debug_macro   0x00001050       0x61 ./Core/Src/aes.o
 .debug_macro   0x000010b1       0x24 ./Core/Src/aes.o
 .debug_macro   0x000010d5       0x43 ./Core/Src/aes.o
 .debug_macro   0x00001118       0x34 ./Core/Src/aes.o
 .debug_macro   0x0000114c      0x190 ./Core/Src/aes.o
 .debug_macro   0x000012dc      0x370 ./Core/Src/aes.o
 .debug_macro   0x0000164c       0x16 ./Core/Src/aes.o
 .debug_macro   0x00001662       0x4a ./Core/Src/aes.o
 .debug_macro   0x000016ac       0x34 ./Core/Src/aes.o
 .debug_macro   0x000016e0       0x10 ./Core/Src/aes.o
 .debug_macro   0x000016f0       0x58 ./Core/Src/aes.o
 .debug_macro   0x00001748       0x8e ./Core/Src/aes.o
 .debug_macro   0x000017d6       0x1c ./Core/Src/aes.o
 .debug_macro   0x000017f2      0x185 ./Core/Src/aes.o
 .debug_macro   0x00001977       0x10 ./Core/Src/aes.o
 .debug_macro   0x00001987       0x3c ./Core/Src/aes.o
 .debug_macro   0x000019c3       0x20 ./Core/Src/aes.o
 .debug_macro   0x000019e3      0x1ff ./Core/Src/gpio.o
 .debug_macro   0x00001be2      0x13f ./Core/Src/gpio.o
 .debug_macro   0x00001d21       0x2e ./Core/Src/gpio.o
 .debug_macro   0x00001d4f       0x22 ./Core/Src/gpio.o
 .debug_macro   0x00001d71       0x1c ./Core/Src/gpio.o
 .debug_macro   0x00001d8d       0x22 ./Core/Src/gpio.o
 .debug_macro   0x00001daf       0xaf ./Core/Src/gpio.o
 .debug_macro   0x00001e5e      0x391 ./Core/Src/gpio.o
 .debug_macro   0x000021ef     0x785b ./Core/Src/gpio.o
 .debug_macro   0x00009a4a       0x66 ./Core/Src/gpio.o
 .debug_macro   0x00009ab0     0x34da ./Core/Src/gpio.o
 .debug_macro   0x0000cf8a       0x55 ./Core/Src/gpio.o
 .debug_macro   0x0000cfdf      0x924 ./Core/Src/gpio.o
 .debug_macro   0x0000d903      0x289 ./Core/Src/gpio.o
 .debug_macro   0x0000db8c      0x1ae ./Core/Src/gpio.o
 .debug_macro   0x0000dd3a      0x153 ./Core/Src/gpio.o
 .debug_macro   0x0000de8d      0x1a0 ./Core/Src/gpio.o
 .debug_macro   0x0000e02d      0x1bc ./Core/Src/gpio.o
 .debug_macro   0x0000e1e9      0x1dd ./Core/Src/gpio.o
 .debug_macro   0x0000e3c6       0x3c ./Core/Src/gpio.o
 .debug_macro   0x0000e402       0x28 ./Core/Src/gpio.o
 .debug_macro   0x0000e42a       0xb0 ./Core/Src/gpio.o
 .debug_macro   0x0000e4da      0x217 ./Core/Src/gpio.o
 .debug_macro   0x0000e6f1      0x22c ./Core/Src/gpio.o
 .debug_macro   0x0000e91d       0x61 ./Core/Src/gpio.o
 .debug_macro   0x0000e97e       0xa5 ./Core/Src/gpio.o
 .debug_macro   0x0000ea23       0x85 ./Core/Src/gpio.o
 .debug_macro   0x0000eaa8       0x4c ./Core/Src/gpio.o
 .debug_macro   0x0000eaf4       0x49 ./Core/Src/gpio.o
 .debug_macro   0x0000eb3d      0x2db ./Core/Src/gpio.o
 .debug_macro   0x0000ee18      0x399 ./Core/Src/gpio.o
 .debug_macro   0x0000f1b1       0xeb ./Core/Src/gpio.o
 .debug_macro   0x0000f29c      0x2fe ./Core/Src/gpio.o
 .debug_macro   0x0000f59a      0x8f4 ./Core/Src/gpio.o
 .debug_macro   0x0000fe8e       0x28 ./Core/Src/gpio.o
 .debug_macro   0x0000feb6      0x10d ./Core/Src/gpio.o
 .debug_macro   0x0000ffc3       0x9a ./Core/Src/gpio.o
 .debug_macro   0x0001005d      0x1ff ./Core/Src/iwdg.o
 .debug_macro   0x0001025c      0x31e ./Core/Src/main.o
 .debug_macro   0x0001057a       0x16 ./Core/Src/main.o
 .debug_macro   0x00010590       0x1c ./Core/Src/main.o
 .debug_macro   0x000105ac      0x12e ./Core/Src/main.o
 .debug_macro   0x000106da      0x21c ./Core/Src/neopixel.o
 .debug_macro   0x000108f6       0x16 ./Core/Src/neopixel.o
 .debug_macro   0x0001090c      0x1ff ./Core/Src/rtc.o
 .debug_macro   0x00010b0b      0x2e9 ./Core/Src/si4432.o
 .debug_macro   0x00010df4      0x1ff ./Core/Src/spi.o
 .debug_macro   0x00010ff3      0x1f5 ./Core/Src/stm32f0xx_hal_msp.o
 .debug_macro   0x000111e8      0x1ff ./Core/Src/stm32f0xx_it.o
 .debug_macro   0x000113e7      0x1e6 ./Core/Src/system_stm32f0xx.o
 .debug_macro   0x000115cd      0x1ff ./Core/Src/tim.o
 .debug_macro   0x000117cc      0x20a ./Drivers/STM32F0xx_HAL_Driver/Src/stm32f0xx_hal.o
 .debug_macro   0x000119d6      0x1e6 ./Drivers/STM32F0xx_HAL_Driver/Src/stm32f0xx_hal_cortex.o
 .debug_macro   0x00011bbc      0x1e6 ./Drivers/STM32F0xx_HAL_Driver/Src/stm32f0xx_hal_flash.o
 .debug_macro   0x00011da2      0x1f8 ./Drivers/STM32F0xx_HAL_Driver/Src/stm32f0xx_hal_flash_ex.o
 .debug_macro   0x00011f9a      0x1ed ./Drivers/STM32F0xx_HAL_Driver/Src/stm32f0xx_hal_gpio.o
 .debug_macro   0x00012187      0x1f4 ./Drivers/STM32F0xx_HAL_Driver/Src/stm32f0xx_hal_iwdg.o
 .debug_macro   0x0001237b      0x1f8 ./Drivers/STM32F0xx_HAL_Driver/Src/stm32f0xx_hal_rcc.o
 .debug_macro   0x00012573      0x1e6 ./Drivers/STM32F0xx_HAL_Driver/Src/stm32f0xx_hal_rcc_ex.o
 .debug_macro   0x00012759      0x1e7 ./Drivers/STM32F0xx_HAL_Driver/Src/stm32f0xx_hal_rtc.o
 .debug_macro   0x00012940      0x1ee ./Drivers/STM32F0xx_HAL_Driver/Src/stm32f0xx_hal_spi.o
 .debug_macro   0x00012b2e      0x1e7 ./Drivers/STM32F0xx_HAL_Driver/Src/stm32f0xx_hal_tim.o
 .debug_macro   0x00012d15      0x1e6 ./Drivers/STM32F0xx_HAL_Driver/Src/stm32f0xx_hal_tim_ex.o

.debug_line     0x00000000    0x14c31
 .debug_line    0x00000000      0x9d4 ./Core/Src/aes.o
 .debug_line    0x000009d4      0x7f1 ./Core/Src/gpio.o
 .debug_line    0x000011c5      0x7bb ./Core/Src/iwdg.o
 .debug_line    0x00001980     0x11a1 ./Core/Src/main.o
 .debug_line    0x00002b21      0xa1c ./Core/Src/neopixel.o
 .debug_line    0x0000353d      0x82f ./Core/Src/rtc.o
 .debug_line    0x00003d6c      0xb3b ./Core/Src/si4432.o
 .debug_line    0x000048a7      0x826 ./Core/Src/spi.o
 .debug_line    0x000050cd      0x7a9 ./Core/Src/stm32f0xx_hal_msp.o
 .debug_line    0x00005876      0x836 ./Core/Src/stm32f0xx_it.o
 .debug_line    0x000060ac      0x81e ./Core/Src/system_stm32f0xx.o
 .debug_line    0x000068ca      0x924 ./Core/Src/tim.o
 .debug_line    0x000071ee       0x7b ./Core/Startup/startup_stm32f030cctx.o
 .debug_line    0x00007269      0xa28 ./Drivers/STM32F0xx_HAL_Driver/Src/stm32f0xx_hal.o
 .debug_line    0x00007c91      0xad0 ./Drivers/STM32F0xx_HAL_Driver/Src/stm32f0xx_hal_cortex.o
 .debug_line    0x00008761      0xadb ./Drivers/STM32F0xx_HAL_Driver/Src/stm32f0xx_hal_flash.o
 .debug_line    0x0000923c      0xc28 ./Drivers/STM32F0xx_HAL_Driver/Src/stm32f0xx_hal_flash_ex.o
 .debug_line    0x00009e64      0xb8d ./Drivers/STM32F0xx_HAL_Driver/Src/stm32f0xx_hal_gpio.o
 .debug_line    0x0000a9f1      0x83d ./Drivers/STM32F0xx_HAL_Driver/Src/stm32f0xx_hal_iwdg.o
 .debug_line    0x0000b22e      0xebe ./Drivers/STM32F0xx_HAL_Driver/Src/stm32f0xx_hal_rcc.o
 .debug_line    0x0000c0ec      0x990 ./Drivers/STM32F0xx_HAL_Driver/Src/stm32f0xx_hal_rcc_ex.o
 .debug_line    0x0000ca7c     0x10eb ./Drivers/STM32F0xx_HAL_Driver/Src/stm32f0xx_hal_rtc.o
 .debug_line    0x0000db67     0x2047 ./Drivers/STM32F0xx_HAL_Driver/Src/stm32f0xx_hal_spi.o
 .debug_line    0x0000fbae     0x3786 ./Drivers/STM32F0xx_HAL_Driver/Src/stm32f0xx_hal_tim.o
 .debug_line    0x00013334     0x18fd ./Drivers/STM32F0xx_HAL_Driver/Src/stm32f0xx_hal_tim_ex.o

.debug_str      0x00000000    0x704af
 .debug_str     0x00000000    0x704af ./Core/Src/aes.o
                               0x72e7 (size before relaxing)
 .debug_str     0x000704af    0x690ed ./Core/Src/gpio.o
 .debug_str     0x000704af    0x68eb0 ./Core/Src/iwdg.o
 .debug_str     0x000704af    0x6ce88 ./Core/Src/main.o
 .debug_str     0x000704af    0x6906a ./Core/Src/neopixel.o
 .debug_str     0x000704af    0x6911a ./Core/Src/rtc.o
 .debug_str     0x000704af    0x6c66f ./Core/Src/si4432.o
 .debug_str     0x000704af    0x6935b ./Core/Src/spi.o
 .debug_str     0x000704af    0x68e54 ./Core/Src/stm32f0xx_hal_msp.o
 .debug_str     0x000704af    0x69380 ./Core/Src/stm32f0xx_it.o
 .debug_str     0x000704af    0x68c1c ./Core/Src/system_stm32f0xx.o
 .debug_str     0x000704af    0x696b7 ./Core/Src/tim.o
 .debug_str     0x000704af       0x82 ./Core/Startup/startup_stm32f030cctx.o
 .debug_str     0x000704af    0x691c5 ./Drivers/STM32F0xx_HAL_Driver/Src/stm32f0xx_hal.o
 .debug_str     0x000704af    0x68fb6 ./Drivers/STM32F0xx_HAL_Driver/Src/stm32f0xx_hal_cortex.o
 .debug_str     0x000704af    0x68ec4 ./Drivers/STM32F0xx_HAL_Driver/Src/stm32f0xx_hal_flash.o
 .debug_str     0x000704af    0x69043 ./Drivers/STM32F0xx_HAL_Driver/Src/stm32f0xx_hal_flash_ex.o
 .debug_str     0x000704af    0x68dba ./Drivers/STM32F0xx_HAL_Driver/Src/stm32f0xx_hal_gpio.o
 .debug_str     0x000704af    0x68cda ./Drivers/STM32F0xx_HAL_Driver/Src/stm32f0xx_hal_iwdg.o
 .debug_str     0x000704af    0x69055 ./Drivers/STM32F0xx_HAL_Driver/Src/stm32f0xx_hal_rcc.o
 .debug_str     0x000704af    0x68d62 ./Drivers/STM32F0xx_HAL_Driver/Src/stm32f0xx_hal_rcc_ex.o
 .debug_str     0x000704af    0x690d4 ./Drivers/STM32F0xx_HAL_Driver/Src/stm32f0xx_hal_rtc.o
 .debug_str     0x000704af    0x69593 ./Drivers/STM32F0xx_HAL_Driver/Src/stm32f0xx_hal_spi.o
 .debug_str     0x000704af    0x6a03f ./Drivers/STM32F0xx_HAL_Driver/Src/stm32f0xx_hal_tim.o
 .debug_str     0x000704af    0x6984b ./Drivers/STM32F0xx_HAL_Driver/Src/stm32f0xx_hal_tim_ex.o

.comment        0x00000000       0x43
 .comment       0x00000000       0x43 ./Core/Src/aes.o
                                 0x44 (size before relaxing)
 .comment       0x00000043       0x44 ./Core/Src/gpio.o
 .comment       0x00000043       0x44 ./Core/Src/iwdg.o
 .comment       0x00000043       0x44 ./Core/Src/main.o
 .comment       0x00000043       0x44 ./Core/Src/neopixel.o
 .comment       0x00000043       0x44 ./Core/Src/rtc.o
 .comment       0x00000043       0x44 ./Core/Src/si4432.o
 .comment       0x00000043       0x44 ./Core/Src/spi.o
 .comment       0x00000043       0x44 ./Core/Src/stm32f0xx_hal_msp.o
 .comment       0x00000043       0x44 ./Core/Src/stm32f0xx_it.o
 .comment       0x00000043       0x44 ./Core/Src/system_stm32f0xx.o
 .comment       0x00000043       0x44 ./Core/Src/tim.o
 .comment       0x00000043       0x44 ./Drivers/STM32F0xx_HAL_Driver/Src/stm32f0xx_hal.o
 .comment       0x00000043       0x44 ./Drivers/STM32F0xx_HAL_Driver/Src/stm32f0xx_hal_cortex.o
 .comment       0x00000043       0x44 ./Drivers/STM32F0xx_HAL_Driver/Src/stm32f0xx_hal_flash.o
 .comment       0x00000043       0x44 ./Drivers/STM32F0xx_HAL_Driver/Src/stm32f0xx_hal_flash_ex.o
 .comment       0x00000043       0x44 ./Drivers/STM32F0xx_HAL_Driver/Src/stm32f0xx_hal_gpio.o
 .comment       0x00000043       0x44 ./Drivers/STM32F0xx_HAL_Driver/Src/stm32f0xx_hal_iwdg.o
 .comment       0x00000043       0x44 ./Drivers/STM32F0xx_HAL_Driver/Src/stm32f0xx_hal_rcc.o
 .comment       0x00000043       0x44 ./Drivers/STM32F0xx_HAL_Driver/Src/stm32f0xx_hal_rcc_ex.o
 .comment       0x00000043       0x44 ./Drivers/STM32F0xx_HAL_Driver/Src/stm32f0xx_hal_rtc.o
 .comment       0x00000043       0x44 ./Drivers/STM32F0xx_HAL_Driver/Src/stm32f0xx_hal_spi.o
 .comment       0x00000043       0x44 ./Drivers/STM32F0xx_HAL_Driver/Src/stm32f0xx_hal_tim.o
 .comment       0x00000043       0x44 ./Drivers/STM32F0xx_HAL_Driver/Src/stm32f0xx_hal_tim_ex.o

.debug_frame    0x00000000     0x34e0
 .debug_frame   0x00000000       0xb4 ./Core/Src/aes.o
 .debug_frame   0x000000b4       0x30 ./Core/Src/gpio.o
 .debug_frame   0x000000e4       0x2c ./Core/Src/iwdg.o
 .debug_frame   0x00000110      0x314 ./Core/Src/main.o
 .debug_frame   0x00000424       0xb4 ./Core/Src/neopixel.o
 .debug_frame   0x000004d8       0x70 ./Core/Src/rtc.o
 .debug_frame   0x00000548      0x124 ./Core/Src/si4432.o
 .debug_frame   0x0000066c       0x6c ./Core/Src/spi.o
 .debug_frame   0x000006d8       0x30 ./Core/Src/stm32f0xx_hal_msp.o
 .debug_frame   0x00000708       0xd4 ./Core/Src/stm32f0xx_it.o
 .debug_frame   0x000007dc       0x4c ./Core/Src/system_stm32f0xx.o
 .debug_frame   0x00000828       0xc4 ./Core/Src/tim.o
 .debug_frame   0x000008ec      0x2a4 ./Drivers/STM32F0xx_HAL_Driver/Src/stm32f0xx_hal.o
 .debug_frame   0x00000b90      0x2a0 ./Drivers/STM32F0xx_HAL_Driver/Src/stm32f0xx_hal_cortex.o
 .debug_frame   0x00000e30      0x1c4 ./Drivers/STM32F0xx_HAL_Driver/Src/stm32f0xx_hal_flash.o
 .debug_frame   0x00000ff4      0x220 ./Drivers/STM32F0xx_HAL_Driver/Src/stm32f0xx_hal_flash_ex.o
 .debug_frame   0x00001214      0x110 ./Drivers/STM32F0xx_HAL_Driver/Src/stm32f0xx_hal_gpio.o
 .debug_frame   0x00001324       0x50 ./Drivers/STM32F0xx_HAL_Driver/Src/stm32f0xx_hal_iwdg.o
 .debug_frame   0x00001374      0x198 ./Drivers/STM32F0xx_HAL_Driver/Src/stm32f0xx_hal_rcc.o
 .debug_frame   0x0000150c       0x70 ./Drivers/STM32F0xx_HAL_Driver/Src/stm32f0xx_hal_rcc_ex.o
 .debug_frame   0x0000157c      0x360 ./Drivers/STM32F0xx_HAL_Driver/Src/stm32f0xx_hal_rtc.o
 .debug_frame   0x000018dc      0x710 ./Drivers/STM32F0xx_HAL_Driver/Src/stm32f0xx_hal_spi.o
 .debug_frame   0x00001fec      0xf00 ./Drivers/STM32F0xx_HAL_Driver/Src/stm32f0xx_hal_tim.o
 .debug_frame   0x00002eec      0x560 ./Drivers/STM32F0xx_HAL_Driver/Src/stm32f0xx_hal_tim_ex.o
 .debug_frame   0x0000344c       0x20 C:/ST/STM32CubeIDE_1.19.0/STM32CubeIDE/plugins/com.st.stm32cube.ide.mcu.externaltools.gnu-tools-for-stm32.13.3.rel1.win32_1.0.0.202411081344/tools/bin/../lib/gcc/arm-none-eabi/13.3.1/../../../../arm-none-eabi/lib/thumb/v6-m/nofp\libc_nano.a(libc_a-memset.o)
 .debug_frame   0x0000346c       0x2c C:/ST/STM32CubeIDE_1.19.0/STM32CubeIDE/plugins/com.st.stm32cube.ide.mcu.externaltools.gnu-tools-for-stm32.13.3.rel1.win32_1.0.0.202411081344/tools/bin/../lib/gcc/arm-none-eabi/13.3.1/../../../../arm-none-eabi/lib/thumb/v6-m/nofp\libc_nano.a(libc_a-init.o)
 .debug_frame   0x00003498       0x28 C:/ST/STM32CubeIDE_1.19.0/STM32CubeIDE/plugins/com.st.stm32cube.ide.mcu.externaltools.gnu-tools-for-stm32.13.3.rel1.win32_1.0.0.202411081344/tools/bin/../lib/gcc/arm-none-eabi/13.3.1/../../../../arm-none-eabi/lib/thumb/v6-m/nofp\libc_nano.a(libc_a-memcpy-stub.o)
 .debug_frame   0x000034c0       0x20 C:/ST/STM32CubeIDE_1.19.0/STM32CubeIDE/plugins/com.st.stm32cube.ide.mcu.externaltools.gnu-tools-for-stm32.13.3.rel1.win32_1.0.0.202411081344/tools/bin/../lib/gcc/arm-none-eabi/13.3.1/thumb/v6-m/nofp\libgcc.a(_udivsi3.o)

.debug_loclists
                0x00000000       0xf1
 .debug_loclists
                0x00000000       0xf1 ./Core/Src/neopixel.o

.debug_line_str
                0x00000000       0x66
 .debug_line_str
                0x00000000       0x66 ./Core/Startup/startup_stm32f030cctx.o
