Archive member included to satisfy reference by file (symbol)

C:/ST/STM32CubeIDE_1.19.0/STM32CubeIDE/plugins/com.st.stm32cube.ide.mcu.externaltools.gnu-tools-for-stm32.13.3.rel1.win32_1.0.0.202411081344/tools/bin/../lib/gcc/arm-none-eabi/13.3.1/../../../../arm-none-eabi/lib/thumb/v6-m/nofp\libc_nano.a(libc_a-exit.o)
                              C:/ST/STM32CubeIDE_1.19.0/STM32CubeIDE/plugins/com.st.stm32cube.ide.mcu.externaltools.gnu-tools-for-stm32.13.3.rel1.win32_1.0.0.202411081344/tools/bin/../lib/gcc/arm-none-eabi/13.3.1/../../../../arm-none-eabi/lib/thumb/v6-m/nofp/crt0.o (exit)
C:/ST/STM32CubeIDE_1.19.0/STM32CubeIDE/plugins/com.st.stm32cube.ide.mcu.externaltools.gnu-tools-for-stm32.13.3.rel1.win32_1.0.0.202411081344/tools/bin/../lib/gcc/arm-none-eabi/13.3.1/../../../../arm-none-eabi/lib/thumb/v6-m/nofp\libc_nano.a(libc_a-findfp.o)
                              C:/ST/STM32CubeIDE_1.19.0/STM32CubeIDE/plugins/com.st.stm32cube.ide.mcu.externaltools.gnu-tools-for-stm32.13.3.rel1.win32_1.0.0.202411081344/tools/bin/../lib/gcc/arm-none-eabi/13.3.1/../../../../arm-none-eabi/lib/thumb/v6-m/nofp\libc_nano.a(libc_a-exit.o) (__stdio_exit_handler)
C:/ST/STM32CubeIDE_1.19.0/STM32CubeIDE/plugins/com.st.stm32cube.ide.mcu.externaltools.gnu-tools-for-stm32.13.3.rel1.win32_1.0.0.202411081344/tools/bin/../lib/gcc/arm-none-eabi/13.3.1/../../../../arm-none-eabi/lib/thumb/v6-m/nofp\libc_nano.a(libc_a-fwalk.o)
                              C:/ST/STM32CubeIDE_1.19.0/STM32CubeIDE/plugins/com.st.stm32cube.ide.mcu.externaltools.gnu-tools-for-stm32.13.3.rel1.win32_1.0.0.202411081344/tools/bin/../lib/gcc/arm-none-eabi/13.3.1/../../../../arm-none-eabi/lib/thumb/v6-m/nofp\libc_nano.a(libc_a-findfp.o) (_fwalk_sglue)
C:/ST/STM32CubeIDE_1.19.0/STM32CubeIDE/plugins/com.st.stm32cube.ide.mcu.externaltools.gnu-tools-for-stm32.13.3.rel1.win32_1.0.0.202411081344/tools/bin/../lib/gcc/arm-none-eabi/13.3.1/../../../../arm-none-eabi/lib/thumb/v6-m/nofp\libc_nano.a(libc_a-stdio.o)
                              C:/ST/STM32CubeIDE_1.19.0/STM32CubeIDE/plugins/com.st.stm32cube.ide.mcu.externaltools.gnu-tools-for-stm32.13.3.rel1.win32_1.0.0.202411081344/tools/bin/../lib/gcc/arm-none-eabi/13.3.1/../../../../arm-none-eabi/lib/thumb/v6-m/nofp\libc_nano.a(libc_a-findfp.o) (__sread)
C:/ST/STM32CubeIDE_1.19.0/STM32CubeIDE/plugins/com.st.stm32cube.ide.mcu.externaltools.gnu-tools-for-stm32.13.3.rel1.win32_1.0.0.202411081344/tools/bin/../lib/gcc/arm-none-eabi/13.3.1/../../../../arm-none-eabi/lib/thumb/v6-m/nofp\libc_nano.a(libc_a-memcmp.o)
                              ./Core/Src/boot_flow.o (memcmp)
C:/ST/STM32CubeIDE_1.19.0/STM32CubeIDE/plugins/com.st.stm32cube.ide.mcu.externaltools.gnu-tools-for-stm32.13.3.rel1.win32_1.0.0.202411081344/tools/bin/../lib/gcc/arm-none-eabi/13.3.1/../../../../arm-none-eabi/lib/thumb/v6-m/nofp\libc_nano.a(libc_a-memset.o)
                              C:/ST/STM32CubeIDE_1.19.0/STM32CubeIDE/plugins/com.st.stm32cube.ide.mcu.externaltools.gnu-tools-for-stm32.13.3.rel1.win32_1.0.0.202411081344/tools/bin/../lib/gcc/arm-none-eabi/13.3.1/../../../../arm-none-eabi/lib/thumb/v6-m/nofp/crt0.o (memset)
C:/ST/STM32CubeIDE_1.19.0/STM32CubeIDE/plugins/com.st.stm32cube.ide.mcu.externaltools.gnu-tools-for-stm32.13.3.rel1.win32_1.0.0.202411081344/tools/bin/../lib/gcc/arm-none-eabi/13.3.1/../../../../arm-none-eabi/lib/thumb/v6-m/nofp\libc_nano.a(libc_a-closer.o)
                              C:/ST/STM32CubeIDE_1.19.0/STM32CubeIDE/plugins/com.st.stm32cube.ide.mcu.externaltools.gnu-tools-for-stm32.13.3.rel1.win32_1.0.0.202411081344/tools/bin/../lib/gcc/arm-none-eabi/13.3.1/../../../../arm-none-eabi/lib/thumb/v6-m/nofp\libc_nano.a(libc_a-stdio.o) (_close_r)
C:/ST/STM32CubeIDE_1.19.0/STM32CubeIDE/plugins/com.st.stm32cube.ide.mcu.externaltools.gnu-tools-for-stm32.13.3.rel1.win32_1.0.0.202411081344/tools/bin/../lib/gcc/arm-none-eabi/13.3.1/../../../../arm-none-eabi/lib/thumb/v6-m/nofp\libc_nano.a(libc_a-reent.o)
                              C:/ST/STM32CubeIDE_1.19.0/STM32CubeIDE/plugins/com.st.stm32cube.ide.mcu.externaltools.gnu-tools-for-stm32.13.3.rel1.win32_1.0.0.202411081344/tools/bin/../lib/gcc/arm-none-eabi/13.3.1/../../../../arm-none-eabi/lib/thumb/v6-m/nofp\libc_nano.a(libc_a-closer.o) (errno)
C:/ST/STM32CubeIDE_1.19.0/STM32CubeIDE/plugins/com.st.stm32cube.ide.mcu.externaltools.gnu-tools-for-stm32.13.3.rel1.win32_1.0.0.202411081344/tools/bin/../lib/gcc/arm-none-eabi/13.3.1/../../../../arm-none-eabi/lib/thumb/v6-m/nofp\libc_nano.a(libc_a-impure.o)
                              C:/ST/STM32CubeIDE_1.19.0/STM32CubeIDE/plugins/com.st.stm32cube.ide.mcu.externaltools.gnu-tools-for-stm32.13.3.rel1.win32_1.0.0.202411081344/tools/bin/../lib/gcc/arm-none-eabi/13.3.1/../../../../arm-none-eabi/lib/thumb/v6-m/nofp\libc_nano.a(libc_a-reent.o) (_impure_ptr)
[...]
Memory Configuration

Name             Origin             Length             Attributes
RAM              0x20000000         0x00008000         xrw
FLASH            0x0800c000         0x00020000         xr
*default*        0x00000000         0xffffffff

Linker script and memory map

LOAD C:/ST/STM32CubeIDE_1.19.0/STM32CubeIDE/plugins/com.st.stm32cube.ide.mcu.externaltools.gnu-tools-for-stm32.13.3.rel1.win32_1.0.0.202411081344/tools/bin/../lib/gcc/arm-none-eabi/13.3.1/thumb/v6-m/nofp/crti.o
LOAD C:/ST/STM32CubeIDE_1.19.0/STM32CubeIDE/plugins/com.st.stm32cube.ide.mcu.externaltools.gnu-tools-for-stm32.13.3.rel1.win32_1.0.0.202411081344/tools/bin/../lib/gcc/arm-none-eabi/13.3.1/thumb/v6-m/nofp/crtbegin.o
LOAD C:/ST/STM32CubeIDE_1.19.0/STM32CubeIDE/plugins/com.st.stm32cube.ide.mcu.externaltools.gnu-tools-for-stm32.13.3.rel1.win32_1.0.0.202411081344/tools/bin/../lib/gcc/arm-none-eabi/13.3.1/../../../../arm-none-eabi/lib/thumb/v6-m/nofp/crt0.o
LOAD ./Core/Src/aes.o
LOAD ./Core/Src/boot_flow.o
LOAD ./Core/Src/boot_led.o
LOAD ./Core/Src/boot_rf.o
LOAD ./Core/Src/boot_storage.o
LOAD ./Core/Src/ed25519_verify.o
LOAD ./Core/Src/gpio.o
LOAD ./Core/Src/iwdg.o
LOAD ./Core/Src/main.o
LOAD ./Core/Src/neopixel.o
LOAD ./Core/Src/rtc.o
LOAD ./Core/Src/sha256.o
LOAD ./Core/Src/sha512.o
LOAD ./Core/Src/si4432.o
LOAD ./Core/Src/spi.o
LOAD ./Core/Src/stm32f0xx_hal_msp.o
LOAD ./Core/Src/stm32f0xx_it.o
LOAD ./Core/Src/syscalls.o
LOAD ./Core/Src/sysmem.o
LOAD ./Core/Src/system_stm32f0xx.o
LOAD ./Core/Src/tim.o
LOAD ./Core/Startup/startup_stm32f030cctx.o
LOAD ./Drivers/STM32F0xx_HAL_Driver/Src/stm32f0xx_hal.o
LOAD ./Drivers/STM32F0xx_HAL_Driver/Src/stm32f0xx_hal_cortex.o
LOAD ./Drivers/STM32F0xx_HAL_Driver/Src/stm32f0xx_hal_dma.o
LOAD ./Drivers/STM32F0xx_HAL_Driver/Src/stm32f0xx_hal_exti.o
LOAD ./Drivers/STM32F0xx_HAL_Driver/Src/stm32f0xx_hal_flash.o
LOAD ./Drivers/STM32F0xx_HAL_Driver/Src/stm32f0xx_hal_flash_ex.o
LOAD ./Drivers/STM32F0xx_HAL_Driver/Src/stm32f0xx_hal_gpio.o
LOAD ./Drivers/STM32F0xx_HAL_Driver/Src/stm32f0xx_hal_i2c.o
LOAD ./Drivers/STM32F0xx_HAL_Driver/Src/stm32f0xx_hal_i2c_ex.o
LOAD ./Drivers/STM32F0xx_HAL_Driver/Src/stm32f0xx_hal_iwdg.o
LOAD ./Drivers/STM32F0xx_HAL_Driver/Src/stm32f0xx_hal_pwr.o
LOAD ./Drivers/STM32F0xx_HAL_Driver/Src/stm32f0xx_hal_pwr_ex.o
LOAD ./Drivers/STM32F0xx_HAL_Driver/Src/stm32f0xx_hal_rcc.o
LOAD ./Drivers/STM32F0xx_HAL_Driver/Src/stm32f0xx_hal_rcc_ex.o
LOAD ./Drivers/STM32F0xx_HAL_Driver/Src/stm32f0xx_hal_rtc.o
LOAD ./Drivers/STM32F0xx_HAL_Driver/Src/stm32f0xx_hal_rtc_ex.o
LOAD ./Drivers/STM32F0xx_HAL_Driver/Src/stm32f0xx_hal_spi.o
LOAD ./Drivers/STM32F0xx_HAL_Driver/Src/stm32f0xx_hal_spi_ex.o
LOAD ./Drivers/STM32F0xx_HAL_Driver/Src/stm32f0xx_hal_tim.o
LOAD ./Drivers/STM32F0xx_HAL_Driver/Src/stm32f0xx_hal_tim_ex.o
START GROUP
LOAD C:/ST/STM32CubeIDE_1.19.0/STM32CubeIDE/plugins/com.st.stm32cube.ide.mcu.externaltools.gnu-tools-for-stm32.13.3.rel1.win32_1.0.0.202411081344/tools/bin/../lib/gcc/arm-none-eabi/13.3.1/../../../../arm-none-eabi/lib/thumb/v6-m/nofp\libc_nano.a
LOAD C:/ST/STM32CubeIDE_1.19.0/STM32CubeIDE/plugins/com.st.stm32cube.ide.mcu.externaltools.gnu-tools-for-stm32.13.3.rel1.win32_1.0.0.202411081344/tools/bin/../lib/gcc/arm-none-eabi/13.3.1/../../../../arm-none-eabi/lib/thumb/v6-m/nofp\libm.a
END GROUP
START GROUP
LOAD C:/ST/STM32CubeIDE_1.19.0/STM32CubeIDE/plugins/com.st.stm32cube.ide.mcu.externaltools.gnu-tools-for-stm32.13.3.rel1.win32_1.0.0.202411081344/tools/bin/../lib/gcc/arm-none-eabi/13.3.1/thumb/v6-m/nofp\libgcc.a
LOAD C:/ST/STM32CubeIDE_1.19.0/STM32CubeIDE/plugins/com.st.stm32cube.ide.mcu.externaltools.gnu-tools-for-stm32.13.3.rel1.win32_1.0.0.202411081344/tools/bin/../lib/gcc/arm-none-eabi/13.3.1/../../../../arm-none-eabi/lib/thumb/v6-m/nofp\libc_nano.a
END GROUP
START GROUP
LOAD C:/ST/STM32CubeIDE_1.19.0/STM32CubeIDE/plugins/com.st.stm32cube.ide.mcu.externaltools.gnu-tools-for-stm32.13.3.rel1.win32_1.0.0.202411081344/tools/bin/../lib/gcc/arm-none-eabi/13.3.1/thumb/v6-m/nofp\libgcc.a
LOAD C:/ST/STM32CubeIDE_1.19.0/STM32CubeIDE/plugins/com.st.stm32cube.ide.mcu.externaltools.gnu-tools-for-stm32.13.3.rel1.win32_1.0.0.202411081344/tools/bin/../lib/gcc/arm-none-eabi/13.3.1/../../../../arm-none-eabi/lib/thumb/v6-m/nofp\libc_nano.a
LOAD C:/ST/STM32CubeIDE_1.19.0/STM32CubeIDE/plugins/com.st.stm32cube.ide.mcu.externaltools.gnu-tools-for-stm32.13.3.rel1.win32_1.0.0.202411081344/tools/bin/../lib/gcc/arm-none-eabi/13.3.1/../../../../arm-none-eabi/lib/thumb/v6-m/nofp\libnosys.a
END GROUP
START GROUP
LOAD C:/ST/STM32CubeIDE_1.19.0/STM32CubeIDE/plugins/com.st.stm32cube.ide.mcu.externaltools.gnu-tools-for-stm32.13.3.rel1.win32_1.0.0.202411081344/tools/bin/../lib/gcc/arm-none-eabi/13.3.1/thumb/v6-m/nofp\libgcc.a
LOAD C:/ST/STM32CubeIDE_1.19.0/STM32CubeIDE/plugins/com.st.stm32cube.ide.mcu.externaltools.gnu-tools-for-stm32.13.3.rel1.win32_1.0.0.202411081344/tools/bin/../lib/gcc/arm-none-eabi/13.3.1/../../../../arm-none-eabi/lib/thumb/v6-m/nofp\libc_nano.a
LOAD C:/ST/STM32CubeIDE_1.19.0/STM32CubeIDE/plugins/com.st.stm32cube.ide.mcu.externaltools.gnu-tools-for-stm32.13.3.rel1.win32_1.0.0.202411081344/tools/bin/../lib/gcc/arm-none-eabi/13.3.1/../../../../arm-none-eabi/lib/thumb/v6-m/nofp\libnosys.a
END GROUP
LOAD C:/ST/STM32CubeIDE_1.19.0/STM32CubeIDE/plugins/com.st.stm32cube.ide.mcu.externaltools.gnu-tools-for-stm32.13.3.rel1.win32_1.0.0.202411081344/tools/bin/../lib/gcc/arm-none-eabi/13.3.1/thumb/v6-m/nofp/crtend.o
LOAD C:/ST/STM32CubeIDE_1.19.0/STM32CubeIDE/plugins/com.st.stm32cube.ide.mcu.externaltools.gnu-tools-for-stm32.13.3.rel1.win32_1.0.0.202411081344/tools/bin/../lib/gcc/arm-none-eabi/13.3.1/thumb/v6-m/nofp/crtn.o
                0x20008000                        _estack = (ORIGIN (RAM) + LENGTH (RAM))
                0x00000000                        _Min_Heap_Size = 0x0
                0x00000800                        _Min_Stack_Size = 0x800
                0x20007800                        _stack_bottom = (_estack - _Min_Stack_Size)

.isr_vector     0x0800c000       0xbc
                0x0800c000                        . = ALIGN (0x4)
 *(.isr_vector)
 .isr_vector    0x0800c000       0xbc ./Core/Startup/startup_stm32f030cctx.o
                0x0800c000                g_pfnVectors
                0x0800c0bc                        . = ALIGN (0x4)

.text           0x0800c0bc    0x1ba38
                0x0800c0bc                        . = ALIGN (0x4)
 *(.text)
 .text          0x0800c0bc       0x48 C:/ST/STM32CubeIDE_1.19.0/STM32CubeIDE/plugins/com.st.stm32cube.ide.mcu.externaltools.gnu-tools-for-stm32.13.3.rel1.win32_1.0.0.202411081344/tools/bin/../lib/gcc/arm-none-eabi/13.3.1/thumb/v6-m/nofp/crtbegin.o
 .text          0x0800c104      0x114 C:/ST/STM32CubeIDE_1.19.0/STM32CubeIDE/plugins/com.st.stm32cube.ide.mcu.externaltools.gnu-tools-for-stm32.13.3.rel1.win32_1.0.0.202411081344/tools/bin/../lib/gcc/arm-none-eabi/13.3.1/thumb/v6-m/nofp\libgcc.a(_udivsi3.o)
                0x0800c104                __aeabi_uidiv
                0x0800c104                __udivsi3
                0x0800c210                __aeabi_uidivmod
 .text          0x0800c218        0x4 C:/ST/STM32CubeIDE_1.19.0/STM32CubeIDE/plugins/com.st.stm32cube.ide.mcu.externaltools.gnu-tools-for-stm32.13.3.rel1.win32_1.0.0.202411081344/tools/bin/../lib/gcc/arm-none-eabi/13.3.1/thumb/v6-m/nofp\libgcc.a(_dvmd_tls.o)
                0x0800c218                __aeabi_idiv0
                0x0800c218                __aeabi_ldiv0
 .text          0x0800c21c       0x5c C:/ST/STM32CubeIDE_1.19.0/STM32CubeIDE/plugins/com.st.stm32cube.ide.mcu.externaltools.gnu-tools-for-stm32.13.3.rel1.win32_1.0.0.202411081344/tools/bin/../lib/gcc/arm-none-eabi/13.3.1/thumb/v6-m/nofp\libgcc.a(_muldi3.o)
                0x0800c21c                __muldi3
                0x0800c21c                __aeabi_lmul
 *(.text*)
 .text.Multiply
                0x0800c278       0x98 ./Core/Src/aes.o
 .text.KeyExpansion
                0x0800c310      0x220 ./Core/Src/aes.o
 .text.InvCipher
                0x0800c530      0x490 ./Core/Src/aes.o
 .text.AES_init_ctx_iv
                0x0800c9c0       0x2e ./Core/Src/aes.o
                0x0800c9c0                AES_init_ctx_iv
 .text.AES_CBC_decrypt_buffer
                0x0800c9ee       0xb4 ./Core/Src/aes.o
                0x0800c9ee                AES_CBC_decrypt_buffer
 *fill*         0x0800caa2        0x2 
 .text.__NVIC_SystemReset
                0x0800caa4       0x24 ./Core/Src/boot_flow.o
 .text.stack_canary_init
                0x0800cac8       0x18 ./Core/Src/boot_flow.o
 .text.stack_canary_check
                0x0800cae0       0x20 ./Core/Src/boot_flow.o
 .text.generate_nonce
                0x0800cb00       0x4c ./Core/Src/boot_flow.o
 .text.jump_to_application
                0x0800cb4c      0x10c ./Core/Src/boot_flow.o
                0x0800cb4c                jump_to_application
 .text.Bootloader_Main
                0x0800cc58      0xe68 ./Core/Src/boot_flow.o
                0x0800cc58                Bootloader_Main
 .text.LED_Bootloader
                0x0800dac0       0x18 ./Core/Src/boot_led.o
                0x0800dac0                LED_Bootloader
 .text.LED_Error
                0x0800dad8       0x50 ./Core/Src/boot_led.o
                0x0800dad8                LED_Error
 .text.LED_Success
                0x0800db28       0x50 ./Core/Src/boot_led.o
                0x0800db28                LED_Success
 .text.LED_Transfer
                0x0800db78       0x32 ./Core/Src/boot_led.o
                0x0800db78                LED_Transfer
 .text.LED_Off  0x0800dbaa       0x12 ./Core/Src/boot_led.o
                0x0800dbaa                LED_Off
 .text.RF_SendPacket
                0x0800dbbc       0xa2 ./Core/Src/boot_rf.o
                0x0800dbbc                RF_SendPacket
 *fill*         0x0800dc5e        0x2 
 .text.RF_WaitForPacket
                0x0800dc60       0xb4 ./Core/Src/boot_rf.o
                0x0800dc60                RF_WaitForPacket
 .text.Calculate_CRC32
                0x0800dd14       0x70 ./Core/Src/boot_storage.o
                0x0800dd14                Calculate_CRC32
 .text.Calculate_Flash_CRC32
                0x0800dd84       0x88 ./Core/Src/boot_storage.o
                0x0800dd84                Calculate_Flash_CRC32
 .text.check_boot_flag
                0x0800de0c       0x34 ./Core/Src/boot_storage.o
                0x0800de0c                check_boot_flag
 .text.clear_boot_flag
                0x0800de40       0x38 ./Core/Src/boot_storage.o
                0x0800de40                clear_boot_flag
 .text.Flash_Erase_Page
                0x0800de78       0x48 ./Core/Src/boot_storage.o
                0x0800de78                Flash_Erase_Page
 .text.Resume_Init
                0x0800dec0       0x78 ./Core/Src/boot_storage.o
                0x0800dec0                Resume_Init
 .text.Resume_SavePageDone
                0x0800df38       0x34 ./Core/Src/boot_storage.o
                0x0800df38                Resume_SavePageDone
 .text.Resume_GetStartPacket
                0x0800df6c       0x64 ./Core/Src/boot_storage.o
                0x0800df6c                Resume_GetStartPacket
 .text.Flash_Write_Data
                0x0800dfd0       0x98 ./Core/Src/boot_storage.o
                0x0800dfd0                Flash_Write_Data
 .text.Flash_Verify_Data
                0x0800e068       0x46 ./Core/Src/boot_storage.o
                0x0800e068                Flash_Verify_Data
 *fill*         0x0800e0ae        0x2 
 .text.Flash_Write_Version
                0x0800e0b0       0x50 ./Core/Src/boot_storage.o
                0x0800e0b0                Flash_Write_Version
 .text.fe_zero  0x0800e100       0x1c ./Core/Src/ed25519_verify.o
 .text.fe_one   0x0800e11c       0x1e ./Core/Src/ed25519_verify.o
 .text.fe_copy  0x0800e13a       0x1e ./Core/Src/ed25519_verify.o
 .text.fe_carry
                0x0800e158      0x15c ./Core/Src/ed25519_verify.o
 .text.fe_add   0x0800e2b4       0x4e ./Core/Src/ed25519_verify.o
 *fill*         0x0800e302        0x2 
 .text.fe_sub   0x0800e304       0x64 ./Core/Src/ed25519_verify.o
 .text.fe_neg   0x0800e368       0x50 ./Core/Src/ed25519_verify.o
 .text.fe_mul   0x0800e3b8      0x3dc ./Core/Src/ed25519_verify.o
 .text.fe_sq    0x0800e794       0x1e ./Core/Src/ed25519_verify.o
 .text.fe_invert
                0x0800e7b2      0x2a0 ./Core/Src/ed25519_verify.o
 .text.fe_pow22523
                0x0800ea52      0x240 ./Core/Src/ed25519_verify.o
 *fill*         0x0800ec92        0x2 
 .text.fe_reduce
                0x0800ec94       0xd0 ./Core/Src/ed25519_verify.o
 .text.fe_cswap
                0x0800ed64       0x7a ./Core/Src/ed25519_verify.o
 .text.fe_isneg
                0x0800edde       0x2e ./Core/Src/ed25519_verify.o
 .text.fe_frombytes
                0x0800ee0c       0x80 ./Core/Src/ed25519_verify.o
 .text.fe_tobytes
                0x0800ee8c       0x9c ./Core/Src/ed25519_verify.o
 .text.ge_zero  0x0800ef28       0x36 ./Core/Src/ed25519_verify.o
 .text.ge_copy  0x0800ef5e       0x54 ./Core/Src/ed25519_verify.o
 .text.ge_cswap
                0x0800efb2       0x56 ./Core/Src/ed25519_verify.o
 .text.ge_add   0x0800f008      0x13c ./Core/Src/ed25519_verify.o
 .text.ge_double
                0x0800f144      0x12e ./Core/Src/ed25519_verify.o
 *fill*         0x0800f272        0x2 
 .text.ge_frombytes
                0x0800f274      0x20c ./Core/Src/ed25519_verify.o
 .text.ge_tobytes
                0x0800f480       0x70 ./Core/Src/ed25519_verify.o
 .text.ge_scalarmult
                0x0800f4f0       0xfc ./Core/Src/ed25519_verify.o
 .text.sc_reduce
                0x0800f5ec    0x13b60 ./Core/Src/ed25519_verify.o
 .text.sc_check
                0x0802314c       0x5c ./Core/Src/ed25519_verify.o
 .text.ct_memcmp_zero
                0x080231a8       0x56 ./Core/Src/ed25519_verify.o
 *fill*         0x080231fe        0x2 
 .text.ed25519_verify
                0x08023200      0x1c4 ./Core/Src/ed25519_verify.o
                0x08023200                ed25519_verify
 .text.MX_GPIO_Init
                0x080233c4      0x198 ./Core/Src/gpio.o
                0x080233c4                MX_GPIO_Init
 .text.MX_IWDG_Init
                0x0802355c       0x40 ./Core/Src/iwdg.o
                0x0802355c                MX_IWDG_Init
 .text.__NVIC_SystemReset
                0x0802359c       0x24 ./Core/Src/main.o
 .text.main     0x080235c0       0xe8 ./Core/Src/main.o
                0x080235c0                main
 .text.SystemClock_Config
                0x080236a8       0xce ./Core/Src/main.o
                0x080236a8                SystemClock_Config
 .text.Error_Handler
                0x08023776        0xc ./Core/Src/main.o
                0x08023776                Error_Handler
 *fill*         0x08023782        0x2 
 .text.neopixel_send_byte
                0x08023784       0xbc ./Core/Src/neopixel.o
 .text.NeoPixel_Init
                0x08023840       0x40 ./Core/Src/neopixel.o
                0x08023840                NeoPixel_Init
 .text.NeoPixel_SetColor
                0x08023880       0x1c ./Core/Src/neopixel.o
                0x08023880                NeoPixel_SetColor
 .text.NeoPixel_SetAll
                0x0802389c       0x1c ./Core/Src/neopixel.o
                0x0802389c                NeoPixel_SetAll
 .text.NeoPixel_Clear
                0x080238b8       0x14 ./Core/Src/neopixel.o
                0x080238b8                NeoPixel_Clear
 .text.NeoPixel_Show
                0x080238cc       0x40 ./Core/Src/neopixel.o
                0x080238cc                NeoPixel_Show
 .text.sha256_block
                0x0802390c      0x3cc ./Core/Src/sha256.o
 .text.SHA256_Init
                0x08023cd8       0x6c ./Core/Src/sha256.o
                0x08023cd8                SHA256_Init
 .text.SHA256_Update
                0x08023d44       0x96 ./Core/Src/sha256.o
                0x08023d44                SHA256_Update
 .text.SHA256_Final
                0x08023dda      0x174 ./Core/Src/sha256.o
                0x08023dda                SHA256_Final
 .text.load64_be
                0x08023f4e      0x224 ./Core/Src/sha512.o
 .text.store64_be
                0x08024172       0xc2 ./Core/Src/sha512.o
 .text.sha512_block
                0x08024234      0x9fc ./Core/Src/sha512.o
 .text.SHA512_Init
                0x08024c30       0x54 ./Core/Src/sha512.o
                0x08024c30                SHA512_Init
 .text.SHA512_Update
                0x08024c84      0x112 ./Core/Src/sha512.o
                0x08024c84                SHA512_Update
 .text.SHA512_Final
                0x08024d96       0xea ./Core/Src/sha512.o
                0x08024d96                SHA512_Final
 .text.SI4432_WriteReg
                0x08024e80       0x68 ./Core/Src/si4432.o
                0x08024e80                SI4432_WriteReg
 .text.SI4432_ReadReg
                0x08024ee8       0x6c ./Core/Src/si4432.o
                0x08024ee8                SI4432_ReadReg
 .text.SI4432_ClearIRQ
                0x08024f54       0x16 ./Core/Src/si4432.o
 .text.SI4432_ResetRxFIFO
                0x08024f6a       0x1a ./Core/Src/si4432.o
 .text.SI4432_ResetTxFIFO
                0x08024f84       0x1a ./Core/Src/si4432.o
 *fill*         0x08024f9e        0x2 
 .text.SI4432_Init
                0x08024fa0      0x1c4 ./Core/Src/si4432.o
                0x08024fa0                SI4432_Init
 .text.SI4432_SendPacket
                0x08025164       0xd6 ./Core/Src/si4432.o
                0x08025164                SI4432_SendPacket
 .text.SI4432_StartRx
                0x0802523a       0x3a ./Core/Src/si4432.o
                0x0802523a                SI4432_StartRx
 .text.SI4432_CheckRx
                0x08025274       0xe0 ./Core/Src/si4432.o
                0x08025274                SI4432_CheckRx
 .text.MX_SPI2_Init
                0x08025354       0x7c ./Core/Src/spi.o
                0x08025354                MX_SPI2_Init
 .text.HAL_SPI_MspInit
                0x080253d0       0x9c ./Core/Src/spi.o
                0x080253d0                HAL_SPI_MspInit
 .text.HAL_MspInit
                0x0802546c       0x48 ./Core/Src/stm32f0xx_hal_msp.o
                0x0802546c                HAL_MspInit
 .text.NMI_Handler
                0x080254b4        0x8 ./Core/Src/stm32f0xx_it.o
                0x080254b4                NMI_Handler
 .text.HardFault_Handler
                0x080254bc        0x8 ./Core/Src/stm32f0xx_it.o
                0x080254bc                HardFault_Handler
 .text.SVC_Handler
                0x080254c4        0xa ./Core/Src/stm32f0xx_it.o
                0x080254c4                SVC_Handler
 .text.PendSV_Handler
                0x080254ce        0xa ./Core/Src/stm32f0xx_it.o
                0x080254ce                PendSV_Handler
 .text.SysTick_Handler
                0x080254d8        0xe ./Core/Src/stm32f0xx_it.o
                0x080254d8                SysTick_Handler
 .text.EXTI4_15_IRQHandler
                0x080254e6       0x14 ./Core/Src/stm32f0xx_it.o
                0x080254e6                EXTI4_15_IRQHandler
 .text.TIM17_IRQHandler
                0x080254fa        0xa ./Core/Src/stm32f0xx_it.o
                0x080254fa                TIM17_IRQHandler
 .text.SystemInit
                0x08025504        0xa ./Core/Src/system_stm32f0xx.o
                0x08025504                SystemInit
 *fill*         0x0802550e        0x2 
 .text.Reset_Handler
                0x08025510       0x50 ./Core/Startup/startup_stm32f030cctx.o
                0x08025510                Reset_Handler
 .text.Default_Handler
                0x08025560        0x2 ./Core/Startup/startup_stm32f030cctx.o
                0x08025560                TIM1_CC_IRQHandler
                0x08025560                TIM6_IRQHandler
                0x08025560                I2C1_IRQHandler
                0x08025560                SPI1_IRQHandler
                0x08025560                EXTI2_3_IRQHandler
                0x08025560                ADC1_IRQHandler
                0x08025560                I2C2_IRQHandler
                0x08025560                USART3_6_IRQHandler
                0x08025560                RTC_IRQHandler
                0x08025560                TIM16_IRQHandler
                0x08025560                TIM3_IRQHandler
                0x08025560                RCC_IRQHandler
                0x08025560                DMA1_Channel1_IRQHandler
                0x08025560                Default_Handler
                0x08025560                TIM14_IRQHandler
                0x08025560                DMA1_Channel4_5_IRQHandler
                0x08025560                TIM7_IRQHandler
                0x08025560                TIM15_IRQHandler
                0x08025560                EXTI0_1_IRQHandler
                0x08025560                SPI2_IRQHandler
                0x08025560                WWDG_IRQHandler
                0x08025560                DMA1_Channel2_3_IRQHandler
                0x08025560                USART2_IRQHandler
                0x08025560                FLASH_IRQHandler
                0x08025560                USART1_IRQHandler
                0x08025560                TIM1_BRK_UP_TRG_COM_IRQHandler
 *fill*         0x08025562        0x2 
 .text.HAL_Init
                0x08025564       0x28 ./Drivers/STM32F0xx_HAL_Driver/Src/stm32f0xx_hal.o
                0x08025564                HAL_Init
 .text.HAL_DeInit
                0x0802558c       0x40 ./Drivers/STM32F0xx_HAL_Driver/Src/stm32f0xx_hal.o
                0x0802558c                HAL_DeInit
 .text.HAL_MspDeInit
                0x080255cc        0xa ./Drivers/STM32F0xx_HAL_Driver/Src/stm32f0xx_hal.o
                0x080255cc                HAL_MspDeInit
 *fill*         0x080255d6        0x2 
 .text.HAL_InitTick
                0x080255d8       0x68 ./Drivers/STM32F0xx_HAL_Driver/Src/stm32f0xx_hal.o
                0x080255d8                HAL_InitTick
 .text.HAL_IncTick
                0x08025640       0x24 ./Drivers/STM32F0xx_HAL_Driver/Src/stm32f0xx_hal.o
                0x08025640                HAL_IncTick
 .text.HAL_GetTick
                0x08025664       0x14 ./Drivers/STM32F0xx_HAL_Driver/Src/stm32f0xx_hal.o
                0x08025664                HAL_GetTick
 .text.HAL_Delay
                0x08025678       0x48 ./Drivers/STM32F0xx_HAL_Driver/Src/stm32f0xx_hal.o
                0x08025678                HAL_Delay
 .text.__NVIC_EnableIRQ
                0x080256c0       0x34 ./Drivers/STM32F0xx_HAL_Driver/Src/stm32f0xx_hal_cortex.o
 .text.__NVIC_SetPriority
                0x080256f4       0xdc ./Drivers/STM32F0xx_HAL_Driver/Src/stm32f0xx_hal_cortex.o
 .text.SysTick_Config
                0x080257d0       0x48 ./Drivers/STM32F0xx_HAL_Driver/Src/stm32f0xx_hal_cortex.o
 .text.HAL_NVIC_SetPriority
                0x08025818       0x2a ./Drivers/STM32F0xx_HAL_Driver/Src/stm32f0xx_hal_cortex.o
                0x08025818                HAL_NVIC_SetPriority
 .text.HAL_NVIC_EnableIRQ
                0x08025842       0x20 ./Drivers/STM32F0xx_HAL_Driver/Src/stm32f0xx_hal_cortex.o
                0x08025842                HAL_NVIC_EnableIRQ
 .text.HAL_SYSTICK_Config
                0x08025862       0x1a ./Drivers/STM32F0xx_HAL_Driver/Src/stm32f0xx_hal_cortex.o
                0x08025862                HAL_SYSTICK_Config
 .text.HAL_FLASH_Program
                0x0802587c      0x12c ./Drivers/STM32F0xx_HAL_Driver/Src/stm32f0xx_hal_flash.o
                0x0802587c                HAL_FLASH_Program
 .text.HAL_FLASH_Unlock
                0x080259a8       0x4c ./Drivers/STM32F0xx_HAL_Driver/Src/stm32f0xx_hal_flash.o
                0x080259a8                HAL_FLASH_Unlock
 .text.HAL_FLASH_Lock
                0x080259f4       0x1c ./Drivers/STM32F0xx_HAL_Driver/Src/stm32f0xx_hal_flash.o
                0x080259f4                HAL_FLASH_Lock
 .text.FLASH_Program_HalfWord
                0x08025a10       0x38 ./Drivers/STM32F0xx_HAL_Driver/Src/stm32f0xx_hal_flash.o
 .text.FLASH_WaitForLastOperation
                0x08025a48       0x80 ./Drivers/STM32F0xx_HAL_Driver/Src/stm32f0xx_hal_flash.o
                0x08025a48                FLASH_WaitForLastOperation
 .text.FLASH_SetErrorCode
                0x08025ac8       0x60 ./Drivers/STM32F0xx_HAL_Driver/Src/stm32f0xx_hal_flash.o
 .text.HAL_FLASHEx_Erase
                0x08025b28       0xec ./Drivers/STM32F0xx_HAL_Driver/Src/stm32f0xx_hal_flash_ex.o
                0x08025b28                HAL_FLASHEx_Erase
 .text.FLASH_MassErase
                0x08025c14       0x30 ./Drivers/STM32F0xx_HAL_Driver/Src/stm32f0xx_hal_flash_ex.o
 .text.FLASH_PageErase
                0x08025c44       0x3c ./Drivers/STM32F0xx_HAL_Driver/Src/stm32f0xx_hal_flash_ex.o
                0x08025c44                FLASH_PageErase
 .text.HAL_GPIO_Init
                0x08025c80      0x2e0 ./Drivers/STM32F0xx_HAL_Driver/Src/stm32f0xx_hal_gpio.o
                0x08025c80                HAL_GPIO_Init
 .text.HAL_GPIO_ReadPin
                0x08025f60       0x3a ./Drivers/STM32F0xx_HAL_Driver/Src/stm32f0xx_hal_gpio.o
                0x08025f60                HAL_GPIO_ReadPin
 .text.HAL_GPIO_WritePin
                0x08025f9a       0x3a ./Drivers/STM32F0xx_HAL_Driver/Src/stm32f0xx_hal_gpio.o
                0x08025f9a                HAL_GPIO_WritePin
 .text.HAL_GPIO_EXTI_IRQHandler
                0x08025fd4       0x38 ./Drivers/STM32F0xx_HAL_Driver/Src/stm32f0xx_hal_gpio.o
                0x08025fd4                HAL_GPIO_EXTI_IRQHandler
 .text.HAL_GPIO_EXTI_Callback
                0x0802600c       0x14 ./Drivers/STM32F0xx_HAL_Driver/Src/stm32f0xx_hal_gpio.o
                0x0802600c                HAL_GPIO_EXTI_Callback
 .text.HAL_IWDG_Init
                0x08026020       0xa4 ./Drivers/STM32F0xx_HAL_Driver/Src/stm32f0xx_hal_iwdg.o
                0x08026020                HAL_IWDG_Init
 .text.HAL_IWDG_Refresh
                0x080260c4       0x20 ./Drivers/STM32F0xx_HAL_Driver/Src/stm32f0xx_hal_iwdg.o
                0x080260c4                HAL_IWDG_Refresh
 .text.HAL_RCC_DeInit
                0x080260e4      0x10c ./Drivers/STM32F0xx_HAL_Driver/Src/stm32f0xx_hal_rcc.o
                0x080260e4                HAL_RCC_DeInit
 .text.HAL_RCC_OscConfig
                0x080261f0      0x63c ./Drivers/STM32F0xx_HAL_Driver/Src/stm32f0xx_hal_rcc.o
                0x080261f0                HAL_RCC_OscConfig
 .text.HAL_RCC_ClockConfig
                0x0802682c      0x19c ./Drivers/STM32F0xx_HAL_Driver/Src/stm32f0xx_hal_rcc.o
                0x0802682c                HAL_RCC_ClockConfig
 .text.HAL_RCC_GetSysClockFreq
                0x080269c8       0xb0 ./Drivers/STM32F0xx_HAL_Driver/Src/stm32f0xx_hal_rcc.o
                0x080269c8                HAL_RCC_GetSysClockFreq
 .text.HAL_RCCEx_PeriphCLKConfig
                0x08026a78      0x19c ./Drivers/STM32F0xx_HAL_Driver/Src/stm32f0xx_hal_rcc_ex.o
                0x08026a78                HAL_RCCEx_PeriphCLKConfig
 .text.HAL_SPI_Init
                0x08026c14      0x170 ./Drivers/STM32F0xx_HAL_Driver/Src/stm32f0xx_hal_spi.o
                0x08026c14                HAL_SPI_Init
 .text.HAL_SPI_Transmit
                0x08026d84      0x2be ./Drivers/STM32F0xx_HAL_Driver/Src/stm32f0xx_hal_spi.o
                0x08026d84                HAL_SPI_Transmit
 *fill*         0x08027042        0x2 
 .text.HAL_SPI_Receive
                0x08027044      0x2a4 ./Drivers/STM32F0xx_HAL_Driver/Src/stm32f0xx_hal_spi.o
                0x08027044                HAL_SPI_Receive
 .text.HAL_SPI_TransmitReceive
                0x080272e8      0x3c4 ./Drivers/STM32F0xx_HAL_Driver/Src/stm32f0xx_hal_spi.o
                0x080272e8                HAL_SPI_TransmitReceive
 .text.SPI_WaitFlagStateUntilTimeout
                0x080276ac      0x11c ./Drivers/STM32F0xx_HAL_Driver/Src/stm32f0xx_hal_spi.o
 .text.SPI_WaitFifoStateUntilTimeout
                0x080277c8      0x144 ./Drivers/STM32F0xx_HAL_Driver/Src/stm32f0xx_hal_spi.o
 .text.SPI_EndRxTransaction
                0x0802790c       0xbc ./Drivers/STM32F0xx_HAL_Driver/Src/stm32f0xx_hal_spi.o
 .text.SPI_EndRxTxTransaction
                0x080279c8       0x8c ./Drivers/STM32F0xx_HAL_Driver/Src/stm32f0xx_hal_spi.o
 .text.memcmp   0x08027a54       0x1c C:/ST/STM32CubeIDE_1.19.0/STM32CubeIDE/plugins/com.st.stm32cube.ide.mcu.externaltools.gnu-tools-for-stm32.13.3.rel1.win32_1.0.0.202411081344/tools/bin/../lib/gcc/arm-none-eabi/13.3.1/../../../../arm-none-eabi/lib/thumb/v6-m/nofp\libc_nano.a(libc_a-memcmp.o)
                0x08027a54                memcmp
 .text.memset   0x08027a70       0x10 C:/ST/STM32CubeIDE_1.19.0/STM32CubeIDE/plugins/com.st.stm32cube.ide.mcu.externaltools.gnu-tools-for-stm32.13.3.rel1.win32_1.0.0.202411081344/tools/bin/../lib/gcc/arm-none-eabi/13.3.1/../../../../arm-none-eabi/lib/thumb/v6-m/nofp\libc_nano.a(libc_a-memset.o)
                0x08027a70                memset
 .text.__libc_init_array
                0x08027a80       0x48 C:/ST/STM32CubeIDE_1.19.0/STM32CubeIDE/plugins/com.st.stm32cube.ide.mcu.externaltools.gnu-tools-for-stm32.13.3.rel1.win32_1.0.0.202411081344/tools/bin/../lib/gcc/arm-none-eabi/13.3.1/../../../../arm-none-eabi/lib/thumb/v6-m/nofp\libc_nano.a(libc_a-init.o)
                0x08027a80                __libc_init_array
 .text.memcpy   0x08027ac8       0x12 C:/ST/STM32CubeIDE_1.19.0/STM32CubeIDE/plugins/com.st.stm32cube.ide.mcu.externaltools.gnu-tools-for-stm32.13.3.rel1.win32_1.0.0.202411081344/tools/bin/../lib/gcc/arm-none-eabi/13.3.1/../../../../arm-none-eabi/lib/thumb/v6-m/nofp\libc_nano.a(libc_a-memcpy-stub.o)
                0x08027ac8                memcpy
 *(.glue_7)
 .glue_7        0x08027ada        0x0 linker stubs
 *(.glue_7t)
 .glue_7t       0x08027ada        0x0 linker stubs
 *(.eh_frame)
 *fill*         0x08027ada        0x2 
 .eh_frame      0x08027adc        0x0 C:/ST/STM32CubeIDE_1.19.0/STM32CubeIDE/plugins/com.st.stm32cube.ide.mcu.externaltools.gnu-tools-for-stm32.13.3.rel1.win32_1.0.0.202411081344/tools/bin/../lib/gcc/arm-none-eabi/13.3.1/thumb/v6-m/nofp/crtbegin.o
 *(.init)
 .init          0x08027adc        0x4 C:/ST/STM32CubeIDE_1.19.0/STM32CubeIDE/plugins/com.st.stm32cube.ide.mcu.externaltools.gnu-tools-for-stm32.13.3.rel1.win32_1.0.0.202411081344/tools/bin/../lib/gcc/arm-none-eabi/13.3.1/thumb/v6-m/nofp/crti.o
                0x08027adc                _init
 .init          0x08027ae0        0x8 C:/ST/STM32CubeIDE_1.19.0/STM32CubeIDE/plugins/com.st.stm32cube.ide.mcu.externaltools.gnu-tools-for-stm32.13.3.rel1.win32_1.0.0.202411081344/tools/bin/../lib/gcc/arm-none-eabi/13.3.1/thumb/v6-m/nofp/crtn.o
 *(.fini)
 .fini          0x08027ae8        0x4 C:/ST/STM32CubeIDE_1.19.0/STM32CubeIDE/plugins/com.st.stm32cube.ide.mcu.externaltools.gnu-tools-for-stm32.13.3.rel1.win32_1.0.0.202411081344/tools/bin/../lib/gcc/arm-none-eabi/13.3.1/thumb/v6-m/nofp/crti.o
                0x08027ae8                _fini
 .fini          0x08027aec        0x8 C:/ST/STM32CubeIDE_1.19.0/STM32CubeIDE/plugins/com.st.stm32cube.ide.mcu.externaltools.gnu-tools-for-stm32.13.3.rel1.win32_1.0.0.202411081344/tools/bin/../lib/gcc/arm-none-eabi/13.3.1/thumb/v6-m/nofp/crtn.o
                0x08027af4                        . = ALIGN (0x4)
                0x08027af4                        _etext = .

.vfp11_veneer   0x08027af4        0x0
 .vfp11_veneer  0x08027af4        0x0 linker stubs

.v4_bx          0x08027af4        0x0
 .v4_bx         0x08027af4        0x0 linker stubs

.iplt           0x08027af4        0x0
 .iplt          0x08027af4        0x0 C:/ST/STM32CubeIDE_1.19.0/STM32CubeIDE/plugins/com.st.stm32cube.ide.mcu.externaltools.gnu-tools-for-stm32.13.3.rel1.win32_1.0.0.202411081344/tools/bin/../lib/gcc/arm-none-eabi/13.3.1/thumb/v6-m/nofp/crtbegin.o

.rodata         0x08027af8      0x750
                0x08027af8                        . = ALIGN (0x4)
 *(.rodata)
 *(.rodata*)
 .rodata.sbox   0x08027af8      0x100 ./Core/Src/aes.o
 .rodata.rsbox  0x08027bf8      0x100 ./Core/Src/aes.o
 .rodata.Rcon   0x08027cf8        0xb ./Core/Src/aes.o
 *fill*         0x08027d03        0x1 
 .rodata.DEFAULT_AUTH_KEY
                0x08027d04       0x20 ./Core/Src/boot_flow.o
 .rodata.DEFAULT_AUTH_PASSWORD
                0x08027d24       0x10 ./Core/Src/boot_flow.o
 .rodata.ED25519_PUBLIC_KEY
                0x08027d34       0x20 ./Core/Src/boot_flow.o
 .rodata.DEFAULT_AES_KEY
                0x08027d54       0x20 ./Core/Src/boot_flow.o
 .rodata.FP     0x08027d74       0x20 ./Core/Src/ed25519_verify.o
 .rodata.FE_D   0x08027d94       0x20 ./Core/Src/ed25519_verify.o
 .rodata.FE_2D  0x08027db4       0x20 ./Core/Src/ed25519_verify.o
 .rodata.FE_SQRTM1
                0x08027dd4       0x20 ./Core/Src/ed25519_verify.o
 .rodata.FE_BY  0x08027df4       0x20 ./Core/Src/ed25519_verify.o
 .rodata.FE_BX  0x08027e14       0x20 ./Core/Src/ed25519_verify.o
 .rodata.L.0    0x08027e34       0x20 ./Core/Src/ed25519_verify.o
 .rodata.K      0x08027e54      0x100 ./Core/Src/sha256.o
 *fill*         0x08027f54        0x4 
 .rodata.SHA512_H0
                0x08027f58       0x40 ./Core/Src/sha512.o
 .rodata.K      0x08027f98      0x280 ./Core/Src/sha512.o
 .rodata.AHBPrescTable
                0x08028218       0x10 ./Core/Src/system_stm32f0xx.o
                0x08028218                AHBPrescTable
 .rodata.aPLLMULFactorTable.1
                0x08028228       0x10 ./Drivers/STM32F0xx_HAL_Driver/Src/stm32f0xx_hal_rcc.o
 .rodata.aPredivFactorTable.0
                0x08028238       0x10 ./Drivers/STM32F0xx_HAL_Driver/Src/stm32f0xx_hal_rcc.o
                0x08028248                        . = ALIGN (0x4)

.ARM.extab      0x08028248        0x0
                0x08028248                        . = ALIGN (0x4)
 *(.ARM.extab* .gnu.linkonce.armextab.*)
                0x08028248                        . = ALIGN (0x4)

.ARM            0x08028248        0x0
                0x08028248                        . = ALIGN (0x4)
                0x08028248                        __exidx_start = .
 *(.ARM.exidx*)
                0x08028248                        __exidx_end = .
                0x08028248                        . = ALIGN (0x4)

.preinit_array  0x08028248        0x0
                0x08028248                        . = ALIGN (0x4)
                0x08028248                        PROVIDE (__preinit_array_start = .)
 *(.preinit_array*)
                0x08028248                        PROVIDE (__preinit_array_end = .)
                0x08028248                        . = ALIGN (0x4)

.init_array     0x08028248        0x4
                0x08028248                        . = ALIGN (0x4)
                0x08028248                        PROVIDE (__init_array_start = .)
 *(SORT_BY_NAME(.init_array.*))
 *(.init_array*)
 .init_array    0x08028248        0x4 C:/ST/STM32CubeIDE_1.19.0/STM32CubeIDE/plugins/com.st.stm32cube.ide.mcu.externaltools.gnu-tools-for-stm32.13.3.rel1.win32_1.0.0.202411081344/tools/bin/../lib/gcc/arm-none-eabi/13.3.1/thumb/v6-m/nofp/crtbegin.o
                0x0802824c                        PROVIDE (__init_array_end = .)
                0x0802824c                        . = ALIGN (0x4)

.fini_array     0x0802824c        0x4
                0x0802824c                        . = ALIGN (0x4)
                [!provide]                        PROVIDE (__fini_array_start = .)
 *(SORT_BY_NAME(.fini_array.*))
 *(.fini_array*)
 .fini_array    0x0802824c        0x4 C:/ST/STM32CubeIDE_1.19.0/STM32CubeIDE/plugins/com.st.stm32cube.ide.mcu.externaltools.gnu-tools-for-stm32.13.3.rel1.win32_1.0.0.202411081344/tools/bin/../lib/gcc/arm-none-eabi/13.3.1/thumb/v6-m/nofp/crtbegin.o
                [!provide]                        PROVIDE (__fini_array_end = .)
                0x08028250                        . = ALIGN (0x4)
                0x08028250                        _sidata = LOADADDR (.data)

.rel.dyn        0x08028250        0x0
 .rel.iplt      0x08028250        0x0 C:/ST/STM32CubeIDE_1.19.0/STM32CubeIDE/plugins/com.st.stm32cube.ide.mcu.externaltools.gnu-tools-for-stm32.13.3.rel1.win32_1.0.0.202411081344/tools/bin/../lib/gcc/arm-none-eabi/13.3.1/thumb/v6-m/nofp/crtbegin.o

.data           0x20000000        0xc load address 0x08028250
                0x20000000                        . = ALIGN (0x4)
                0x20000000                        _sdata = .
 *(.data)
 *(.data*)
 .data.SystemCoreClock
                0x20000000        0x4 ./Core/Src/system_stm32f0xx.o
                0x20000000                SystemCoreClock
 .data.uwTickPrio
                0x20000004        0x4 ./Drivers/STM32F0xx_HAL_Driver/Src/stm32f0xx_hal.o
                0x20000004                uwTickPrio
 .data.uwTickFreq
                0x20000008        0x1 ./Drivers/STM32F0xx_HAL_Driver/Src/stm32f0xx_hal.o
                0x20000008                uwTickFreq
 *(.RamFunc)
 *(.RamFunc*)
                0x2000000c                        . = ALIGN (0x4)
 *fill*         0x20000009        0x3 
                0x2000000c                        _edata = .

.igot.plt       0x2000000c        0x0 load address 0x0802825c
 .igot.plt      0x2000000c        0x0 C:/ST/STM32CubeIDE_1.19.0/STM32CubeIDE/plugins/com.st.stm32cube.ide.mcu.externaltools.gnu-tools-for-stm32.13.3.rel1.win32_1.0.0.202411081344/tools/bin/../lib/gcc/arm-none-eabi/13.3.1/thumb/v6-m/nofp/crtbegin.o
                0x2000000c                        . = ALIGN (0x4)

.bss            0x20000010      0x1b8 load address 0x0802825c
                0x20000010                        _sbss = .
                0x20000010                        __bss_start__ = _sbss
 *(.bss)
 .bss           0x20000010       0x1c C:/ST/STM32CubeIDE_1.19.0/STM32CubeIDE/plugins/com.st.stm32cube.ide.mcu.externaltools.gnu-tools-for-stm32.13.3.rel1.win32_1.0.0.202411081344/tools/bin/../lib/gcc/arm-none-eabi/13.3.1/thumb/v6-m/nofp/crtbegin.o
 *(.bss*)
 .bss.AES_KEY   0x2000002c       0x20 ./Core/Src/boot_flow.o
 .bss.fw_assembly_buf
                0x2000004c       0x94 ./Core/Src/boot_flow.o
 .bss.fw_chunks_received
                0x200000e0        0x1 ./Core/Src/boot_flow.o
 *fill*         0x200000e1        0x1 
 .bss.rf_seq_counter
                0x200000e2        0x2 ./Core/Src/boot_flow.o
 .bss.rf_rx_buf
                0x200000e4       0x40 ./Core/Src/boot_rf.o
 .bss.hiwdg     0x20000124       0x10 ./Core/Src/iwdg.o
                0x20000124                hiwdg
 .bss.pixel_buf
                0x20000134        0x9 ./Core/Src/neopixel.o
 *fill*         0x2000013d        0x3 
 .bss.hspi2     0x20000140       0x64 ./Core/Src/spi.o
                0x20000140                hspi2
 .bss.uwTick    0x200001a4        0x4 ./Drivers/STM32F0xx_HAL_Driver/Src/stm32f0xx_hal.o
                0x200001a4                uwTick
 .bss.pFlash    0x200001a8       0x20 ./Drivers/STM32F0xx_HAL_Driver/Src/stm32f0xx_hal_flash.o
                0x200001a8                pFlash
 *(COMMON)
                0x200001c8                        . = ALIGN (0x4)
                0x200001c8                        _ebss = .
                0x200001c8                        __bss_end__ = _ebss

._user_heap_stack
                0x200001c8      0x800 load address 0x0802825c
                0x200001c8                        . = ALIGN (0x8)
                [!provide]                        PROVIDE (end = .)
                0x200001c8                        PROVIDE (_end = .)
                0x200001c8                        . = (. + _Min_Heap_Size)
                0x200009c8                        . = (. + _Min_Stack_Size)
 *fill*         0x200001c8      0x800 
                0x200009c8                        . = ALIGN (0x8)

/DISCARD/
 libc.a(*)
 libm.a(*)
 libgcc.a(*)

.ARM.attributes
                0x00000000       0x28
 *(.ARM.attributes)
 .ARM.attributes
                0x00000000       0x1e C:/ST/STM32CubeIDE_1.19.0/STM32CubeIDE/plugins/com.st.stm32cube.ide.mcu.externaltools.gnu-tools-for-stm32.13.3.rel1.win32_1.0.0.202411081344/tools/bin/../lib/gcc/arm-none-eabi/13.3.1/thumb/v6-m/nofp/crti.o
 .ARM.attributes
                0x0000001e       0x2c C:/ST/STM32CubeIDE_1.19.0/STM32CubeIDE/plugins/com.st.stm32cube.ide.mcu.externaltools.gnu-tools-for-stm32.13.3.rel1.win32_1.0.0.202411081344/tools/bin/../lib/gcc/arm-none-eabi/13.3.1/thumb/v6-m/nofp/crtbegin.o
 .ARM.attributes
                0x0000004a       0x2c ./Core/Src/aes.o
 .ARM.attributes
                0x00000076       0x2c ./Core/Src/boot_flow.o
 .ARM.attributes
                0x000000a2       0x2c ./Core/Src/boot_led.o
 .ARM.attributes
                0x000000ce       0x2c ./Core/Src/boot_rf.o
 .ARM.attributes
                0x000000fa       0x2c ./Core/Src/boot_storage.o
 .ARM.attributes
                0x00000126       0x2c ./Core/Src/ed25519_verify.o
 .ARM.attributes
                0x00000152       0x2c ./Core/Src/gpio.o
 .ARM.attributes
                0x0000017e       0x2c ./Core/Src/iwdg.o
 .ARM.attributes
                0x000001aa       0x2c ./Core/Src/main.o
 .ARM.attributes
                0x000001d6       0x2c ./Core/Src/neopixel.o
 .ARM.attributes
                0x00000202       0x2c ./Core/Src/sha256.o
 .ARM.attributes
                0x0000022e       0x2c ./Core/Src/sha512.o
 .ARM.attributes
                0x0000025a       0x2c ./Core/Src/si4432.o
 .ARM.attributes
                0x00000286       0x2c ./Core/Src/spi.o
 .ARM.attributes
                0x000002b2       0x2c ./Core/Src/stm32f0xx_hal_msp.o
 .ARM.attributes
                0x000002de       0x2c ./Core/Src/stm32f0xx_it.o
 .ARM.attributes
                0x0000030a       0x2c ./Core/Src/system_stm32f0xx.o
 .ARM.attributes
                0x00000336       0x21 ./Core/Startup/startup_stm32f030cctx.o
 .ARM.attributes
                0x00000357       0x2c ./Drivers/STM32F0xx_HAL_Driver/Src/stm32f0xx_hal.o
 .ARM.attributes
                0x00000383       0x2c ./Drivers/STM32F0xx_HAL_Driver/Src/stm32f0xx_hal_cortex.o
 .ARM.attributes
                0x000003af       0x2c ./Drivers/STM32F0xx_HAL_Driver/Src/stm32f0xx_hal_flash.o
 .ARM.attributes
                0x000003db       0x2c ./Drivers/STM32F0xx_HAL_Driver/Src/stm32f0xx_hal_flash_ex.o
 .ARM.attributes
                0x00000407       0x2c ./Drivers/STM32F0xx_HAL_Driver/Src/stm32f0xx_hal_gpio.o
 .ARM.attributes
                0x00000433       0x2c ./Drivers/STM32F0xx_HAL_Driver/Src/stm32f0xx_hal_iwdg.o
 .ARM.attributes
                0x0000045f       0x2c ./Drivers/STM32F0xx_HAL_Driver/Src/stm32f0xx_hal_rcc.o
 .ARM.attributes
                0x0000048b       0x2c ./Drivers/STM32F0xx_HAL_Driver/Src/stm32f0xx_hal_rcc_ex.o
 .ARM.attributes
                0x000004b7       0x2c ./Drivers/STM32F0xx_HAL_Driver/Src/stm32f0xx_hal_spi.o
 .ARM.attributes
                0x000004e3       0x2c C:/ST/STM32CubeIDE_1.19.0/STM32CubeIDE/plugins/com.st.stm32cube.ide.mcu.externaltools.gnu-tools-for-stm32.13.3.rel1.win32_1.0.0.202411081344/tools/bin/../lib/gcc/arm-none-eabi/13.3.1/../../../../arm-none-eabi/lib/thumb/v6-m/nofp\libc_nano.a(libc_a-memcmp.o)
 .ARM.attributes
                0x0000050f       0x2c C:/ST/STM32CubeIDE_1.19.0/STM32CubeIDE/plugins/com.st.stm32cube.ide.mcu.externaltools.gnu-tools-for-stm32.13.3.rel1.win32_1.0.0.202411081344/tools/bin/../lib/gcc/arm-none-eabi/13.3.1/../../../../arm-none-eabi/lib/thumb/v6-m/nofp\libc_nano.a(libc_a-memset.o)
 .ARM.attributes
                0x0000053b       0x2c C:/ST/STM32CubeIDE_1.19.0/STM32CubeIDE/plugins/com.st.stm32cube.ide.mcu.externaltools.gnu-tools-for-stm32.13.3.rel1.win32_1.0.0.202411081344/tools/bin/../lib/gcc/arm-none-eabi/13.3.1/../../../../arm-none-eabi/lib/thumb/v6-m/nofp\libc_nano.a(libc_a-init.o)
 .ARM.attributes
                0x00000567       0x2c C:/ST/STM32CubeIDE_1.19.0/STM32CubeIDE/plugins/com.st.stm32cube.ide.mcu.externaltools.gnu-tools-for-stm32.13.3.rel1.win32_1.0.0.202411081344/tools/bin/../lib/gcc/arm-none-eabi/13.3.1/../../../../arm-none-eabi/lib/thumb/v6-m/nofp\libc_nano.a(libc_a-memcpy-stub.o)
 .ARM.attributes
                0x00000593       0x1e C:/ST/STM32CubeIDE_1.19.0/STM32CubeIDE/plugins/com.st.stm32cube.ide.mcu.externaltools.gnu-tools-for-stm32.13.3.rel1.win32_1.0.0.202411081344/tools/bin/../lib/gcc/arm-none-eabi/13.3.1/thumb/v6-m/nofp\libgcc.a(_udivsi3.o)
 .ARM.attributes
                0x000005b1       0x1e C:/ST/STM32CubeIDE_1.19.0/STM32CubeIDE/plugins/com.st.stm32cube.ide.mcu.externaltools.gnu-tools-for-stm32.13.3.rel1.win32_1.0.0.202411081344/tools/bin/../lib/gcc/arm-none-eabi/13.3.1/thumb/v6-m/nofp\libgcc.a(_dvmd_tls.o)
 .ARM.attributes
                0x000005cf       0x2c C:/ST/STM32CubeIDE_1.19.0/STM32CubeIDE/plugins/com.st.stm32cube.ide.mcu.externaltools.gnu-tools-for-stm32.13.3.rel1.win32_1.0.0.202411081344/tools/bin/../lib/gcc/arm-none-eabi/13.3.1/thumb/v6-m/nofp\libgcc.a(_muldi3.o)
 .ARM.attributes
                0x000005fb       0x1e C:/ST/STM32CubeIDE_1.19.0/STM32CubeIDE/plugins/com.st.stm32cube.ide.mcu.externaltools.gnu-tools-for-stm32.13.3.rel1.win32_1.0.0.202411081344/tools/bin/../lib/gcc/arm-none-eabi/13.3.1/thumb/v6-m/nofp/crtn.o
OUTPUT(alıcı_cihaz.elf elf32-littlearm)
LOAD linker stubs
LOAD C:/ST/STM32CubeIDE_1.19.0/STM32CubeIDE/plugins/com.st.stm32cube.ide.mcu.externaltools.gnu-tools-for-stm32.13.3.rel1.win32_1.0.0.202411081344/tools/bin/../lib/gcc/arm-none-eabi/13.3.1/../../../../arm-none-eabi/lib/thumb/v6-m/nofp\libc.a
LOAD C:/ST/STM32CubeIDE_1.19.0/STM32CubeIDE/plugins/com.st.stm32cube.ide.mcu.externaltools.gnu-tools-for-stm32.13.3.rel1.win32_1.0.0.202411081344/tools/bin/../lib/gcc/arm-none-eabi/13.3.1/../../../../arm-none-eabi/lib/thumb/v6-m/nofp\libm.a
LOAD C:/ST/STM32CubeIDE_1.19.0/STM32CubeIDE/plugins/com.st.stm32cube.ide.mcu.externaltools.gnu-tools-for-stm32.13.3.rel1.win32_1.0.0.202411081344/tools/bin/../lib/gcc/arm-none-eabi/13.3.1/thumb/v6-m/nofp\libgcc.a

.debug_info     0x00000000     0xa77b
 .debug_info    0x00000000      0x481 ./Core/Src/aes.o
 .debug_info    0x00000481     0x115a ./Core/Src/boot_flow.o
 .debug_info    0x000015db      0x296 ./Core/Src/boot_led.o
 .debug_info    0x00001871      0x4ae ./Core/Src/boot_rf.o
 .debug_info    0x00001d1f      0x6f0 ./Core/Src/boot_storage.o
 .debug_info    0x0000240f     0x11a6 ./Core/Src/ed25519_verify.o
 .debug_info    0x000035b5      0x442 ./Core/Src/gpio.o
 .debug_info    0x000039f7      0x1d3 ./Core/Src/iwdg.o
 .debug_info    0x00003bca      0x5d4 ./Core/Src/main.o
 .debug_info    0x0000419e      0x4d3 ./Core/Src/neopixel.o
 .debug_info    0x00004671      0x315 ./Core/Src/sha256.o
 .debug_info    0x00004986      0x44a ./Core/Src/sha512.o
 .debug_info    0x00004dd0      0x900 ./Core/Src/si4432.o
 .debug_info    0x000056d0      0x890 ./Core/Src/spi.o
 .debug_info    0x00005f60      0x199 ./Core/Src/stm32f0xx_hal_msp.o
 .debug_info    0x000060f9      0x11c ./Core/Src/stm32f0xx_it.o
 .debug_info    0x00006215      0x242 ./Core/Src/system_stm32f0xx.o
 .debug_info    0x00006457       0x30 ./Core/Startup/startup_stm32f030cctx.o
 .debug_info    0x00006487      0x67c ./Drivers/STM32F0xx_HAL_Driver/Src/stm32f0xx_hal.o
 .debug_info    0x00006b03      0x6a7 ./Drivers/STM32F0xx_HAL_Driver/Src/stm32f0xx_hal_cortex.o
 .debug_info    0x000071aa      0x4fc ./Drivers/STM32F0xx_HAL_Driver/Src/stm32f0xx_hal_flash.o
 .debug_info    0x000076a6      0x73c ./Drivers/STM32F0xx_HAL_Driver/Src/stm32f0xx_hal_flash_ex.o
 .debug_info    0x00007de2      0x5bf ./Drivers/STM32F0xx_HAL_Driver/Src/stm32f0xx_hal_gpio.o
 .debug_info    0x000083a1      0x1f7 ./Drivers/STM32F0xx_HAL_Driver/Src/stm32f0xx_hal_iwdg.o
 .debug_info    0x00008598      0x844 ./Drivers/STM32F0xx_HAL_Driver/Src/stm32f0xx_hal_rcc.o
 .debug_info    0x00008ddc      0x35d ./Drivers/STM32F0xx_HAL_Driver/Src/stm32f0xx_hal_rcc_ex.o
 .debug_info    0x00009139     0x1642 ./Drivers/STM32F0xx_HAL_Driver/Src/stm32f0xx_hal_spi.o

.debug_abbrev   0x00000000     0x30df
 .debug_abbrev  0x00000000      0x17f ./Core/Src/aes.o
 .debug_abbrev  0x0000017f      0x34b ./Core/Src/boot_flow.o
 .debug_abbrev  0x000004ca      0x1a2 ./Core/Src/boot_led.o
 .debug_abbrev  0x0000066c      0x1f1 ./Core/Src/boot_rf.o
 .debug_abbrev  0x0000085d      0x292 ./Core/Src/boot_storage.o
 .debug_abbrev  0x00000aef      0x27e ./Core/Src/ed25519_verify.o
 .debug_abbrev  0x00000d6d      0x16f ./Core/Src/gpio.o
 .debug_abbrev  0x00000edc      0x139 ./Core/Src/iwdg.o
 .debug_abbrev  0x00001015      0x266 ./Core/Src/main.o
 .debug_abbrev  0x0000127b      0x1ff ./Core/Src/neopixel.o
 .debug_abbrev  0x0000147a      0x144 ./Core/Src/sha256.o
 .debug_abbrev  0x000015be      0x191 ./Core/Src/sha512.o
 .debug_abbrev  0x0000174f      0x262 ./Core/Src/si4432.o
 .debug_abbrev  0x000019b1      0x1f1 ./Core/Src/spi.o
 .debug_abbrev  0x00001ba2       0xc6 ./Core/Src/stm32f0xx_hal_msp.o
 .debug_abbrev  0x00001c68       0xa0 ./Core/Src/stm32f0xx_it.o
 .debug_abbrev  0x00001d08      0x11c ./Core/Src/system_stm32f0xx.o
 .debug_abbrev  0x00001e24       0x24 ./Core/Startup/startup_stm32f030cctx.o
 .debug_abbrev  0x00001e48      0x24b ./Drivers/STM32F0xx_HAL_Driver/Src/stm32f0xx_hal.o
 .debug_abbrev  0x00002093      0x28c ./Drivers/STM32F0xx_HAL_Driver/Src/stm32f0xx_hal_cortex.o
 .debug_abbrev  0x0000231f      0x226 ./Drivers/STM32F0xx_HAL_Driver/Src/stm32f0xx_hal_flash.o
 .debug_abbrev  0x00002545      0x212 ./Drivers/STM32F0xx_HAL_Driver/Src/stm32f0xx_hal_flash_ex.o
 .debug_abbrev  0x00002757      0x1ca ./Drivers/STM32F0xx_HAL_Driver/Src/stm32f0xx_hal_gpio.o
 .debug_abbrev  0x00002921      0x14d ./Drivers/STM32F0xx_HAL_Driver/Src/stm32f0xx_hal_iwdg.o
 .debug_abbrev  0x00002a6e      0x28b ./Drivers/STM32F0xx_HAL_Driver/Src/stm32f0xx_hal_rcc.o
 .debug_abbrev  0x00002cf9      0x16f ./Drivers/STM32F0xx_HAL_Driver/Src/stm32f0xx_hal_rcc_ex.o
 .debug_abbrev  0x00002e68      0x277 ./Drivers/STM32F0xx_HAL_Driver/Src/stm32f0xx_hal_spi.o

.debug_aranges  0x00000000      0xac0
 .debug_aranges
                0x00000000       0x40 ./Core/Src/aes.o
 .debug_aranges
                0x00000040       0x48 ./Core/Src/boot_flow.o
 .debug_aranges
                0x00000088       0x40 ./Core/Src/boot_led.o
 .debug_aranges
                0x000000c8       0x30 ./Core/Src/boot_rf.o
 .debug_aranges
                0x000000f8       0x88 ./Core/Src/boot_storage.o
 .debug_aranges
                0x00000180       0xf8 ./Core/Src/ed25519_verify.o
 .debug_aranges
                0x00000278       0x20 ./Core/Src/gpio.o
 .debug_aranges
                0x00000298       0x20 ./Core/Src/iwdg.o
 .debug_aranges
                0x000002b8       0x38 ./Core/Src/main.o
 .debug_aranges
                0x000002f0       0x48 ./Core/Src/neopixel.o
 .debug_aranges
                0x00000338       0x38 ./Core/Src/sha256.o
 .debug_aranges
                0x00000370       0x48 ./Core/Src/sha512.o
 .debug_aranges
                0x000003b8       0x60 ./Core/Src/si4432.o
 .debug_aranges
                0x00000418       0x30 ./Core/Src/spi.o
 .debug_aranges
                0x00000448       0x20 ./Core/Src/stm32f0xx_hal_msp.o
 .debug_aranges
                0x00000468       0x50 ./Core/Src/stm32f0xx_it.o
 .debug_aranges
                0x000004b8       0x28 ./Core/Src/system_stm32f0xx.o
 .debug_aranges
                0x000004e0       0x28 ./Core/Startup/startup_stm32f030cctx.o
 .debug_aranges
                0x00000508       0xd0 ./Drivers/STM32F0xx_HAL_Driver/Src/stm32f0xx_hal.o
 .debug_aranges
                0x000005d8       0xc0 ./Drivers/STM32F0xx_HAL_Driver/Src/stm32f0xx_hal_cortex.o
 .debug_aranges
                0x00000698       0x88 ./Drivers/STM32F0xx_HAL_Driver/Src/stm32f0xx_hal_flash.o
 .debug_aranges
                0x00000720       0x98 ./Drivers/STM32F0xx_HAL_Driver/Src/stm32f0xx_hal_flash_ex.o
 .debug_aranges
                0x000007b8       0x58 ./Drivers/STM32F0xx_HAL_Driver/Src/stm32f0xx_hal_gpio.o
 .debug_aranges
                0x00000810       0x28 ./Drivers/STM32F0xx_HAL_Driver/Src/stm32f0xx_hal_iwdg.o
 .debug_aranges
                0x00000838       0x80 ./Drivers/STM32F0xx_HAL_Driver/Src/stm32f0xx_hal_rcc.o
 .debug_aranges
                0x000008b8       0x30 ./Drivers/STM32F0xx_HAL_Driver/Src/stm32f0xx_hal_rcc_ex.o
 .debug_aranges
                0x000008e8      0x1d8 ./Drivers/STM32F0xx_HAL_Driver/Src/stm32f0xx_hal_spi.o

.debug_rnglists
                0x00000000      0x838
 .debug_rnglists
                0x00000000       0x2f ./Core/Src/aes.o
 .debug_rnglists
                0x0000002f       0x57 ./Core/Src/boot_flow.o
 .debug_rnglists
                0x00000086       0x2b ./Core/Src/boot_led.o
 .debug_rnglists
                0x000000b1       0x22 ./Core/Src/boot_rf.o
 .debug_rnglists
                0x000000d3       0x63 ./Core/Src/boot_storage.o
 .debug_rnglists
                0x00000136       0xc3 ./Core/Src/ed25519_verify.o
 .debug_rnglists
                0x000001f9       0x14 ./Core/Src/gpio.o
 .debug_rnglists
                0x0000020d       0x13 ./Core/Src/iwdg.o
 .debug_rnglists
                0x00000220       0x27 ./Core/Src/main.o
 .debug_rnglists
                0x00000247       0x5d ./Core/Src/neopixel.o
 .debug_rnglists
                0x000002a4       0x28 ./Core/Src/sha256.o
 .debug_rnglists
                0x000002cc       0x36 ./Core/Src/sha512.o
 .debug_rnglists
                0x00000302       0x46 ./Core/Src/si4432.o
 .debug_rnglists
                0x00000348       0x20 ./Core/Src/spi.o
 .debug_rnglists
                0x00000368       0x13 ./Core/Src/stm32f0xx_hal_msp.o
 .debug_rnglists
                0x0000037b       0x37 ./Core/Src/stm32f0xx_it.o
 .debug_rnglists
                0x000003b2       0x1a ./Core/Src/system_stm32f0xx.o
 .debug_rnglists
                0x000003cc       0x19 ./Core/Startup/startup_stm32f030cctx.o
 .debug_rnglists
                0x000003e5       0x97 ./Drivers/STM32F0xx_HAL_Driver/Src/stm32f0xx_hal.o
 .debug_rnglists
                0x0000047c       0x8c ./Drivers/STM32F0xx_HAL_Driver/Src/stm32f0xx_hal_cortex.o
 .debug_rnglists
                0x00000508       0x65 ./Drivers/STM32F0xx_HAL_Driver/Src/stm32f0xx_hal_flash.o
 .debug_rnglists
                0x0000056d       0x76 ./Drivers/STM32F0xx_HAL_Driver/Src/stm32f0xx_hal_flash_ex.o
 .debug_rnglists
                0x000005e3       0x3f ./Drivers/STM32F0xx_HAL_Driver/Src/stm32f0xx_hal_gpio.o
 .debug_rnglists
                0x00000622       0x1a ./Drivers/STM32F0xx_HAL_Driver/Src/stm32f0xx_hal_iwdg.o
 .debug_rnglists
                0x0000063c       0x61 ./Drivers/STM32F0xx_HAL_Driver/Src/stm32f0xx_hal_rcc.o
 .debug_rnglists
                0x0000069d       0x21 ./Drivers/STM32F0xx_HAL_Driver/Src/stm32f0xx_hal_rcc_ex.o
 .debug_rnglists
                0x000006be      0x17a ./Drivers/STM32F0xx_HAL_Driver/Src/stm32f0xx_hal_spi.o

.debug_macro    0x00000000    0x13380
 .debug_macro   0x00000000      0x145 ./Core/Src/aes.o
 .debug_macro   0x00000145      0xaae ./Core/Src/aes.o
 .debug_macro   0x00000bf3       0x22 ./Core/Src/aes.o
 .debug_macro   0x00000c15       0x8e ./Core/Src/aes.o
 .debug_macro   0x00000ca3       0x51 ./Core/Src/aes.o
 .debug_macro   0x00000cf4      0x103 ./Core/Src/aes.o
 .debug_macro   0x00000df7       0x6a ./Core/Src/aes.o
 .debug_macro   0x00000e61      0x1df ./Core/Src/aes.o
 .debug_macro   0x00001040       0x10 ./Core/Src/aes.o
 .debug_macro   0x00001050       0x61 ./Core/Src/aes.o
 .debug_macro   0x000010b1       0x24 ./Core/Src/aes.o
 .debug_macro   0x000010d5       0x43 ./Core/Src/aes.o
 .debug_macro   0x00001118       0x34 ./Core/Src/aes.o
 .debug_macro   0x0000114c      0x190 ./Core/Src/aes.o
 .debug_macro   0x000012dc      0x370 ./Core/Src/aes.o
 .debug_macro   0x0000164c       0x16 ./Core/Src/aes.o
 .debug_macro   0x00001662       0x4a ./Core/Src/aes.o
 .debug_macro   0x000016ac       0x34 ./Core/Src/aes.o
 .debug_macro   0x000016e0       0x10 ./Core/Src/aes.o
 .debug_macro   0x000016f0       0x58 ./Core/Src/aes.o
 .debug_macro   0x00001748       0x8e ./Core/Src/aes.o
 .debug_macro   0x000017d6       0x1c ./Core/Src/aes.o
 .debug_macro   0x000017f2      0x185 ./Core/Src/aes.o
 .debug_macro   0x00001977       0x10 ./Core/Src/aes.o
 .debug_macro   0x00001987       0x3c ./Core/Src/aes.o
 .debug_macro   0x000019c3       0x20 ./Core/Src/aes.o
 .debug_macro   0x000019e3      0x340 ./Core/Src/boot_flow.o
 .debug_macro   0x00001d23       0x16 ./Core/Src/boot_flow.o
 .debug_macro   0x00001d39      0x13f ./Core/Src/boot_flow.o
 .debug_macro   0x00001e78       0x2e ./Core/Src/boot_flow.o
 .debug_macro   0x00001ea6       0x22 ./Core/Src/boot_flow.o
 .debug_macro   0x00001ec8       0x1c ./Core/Src/boot_flow.o
 .debug_macro   0x00001ee4       0x22 ./Core/Src/boot_flow.o
 .debug_macro   0x00001f06       0xaf ./Core/Src/boot_flow.o
 .debug_macro   0x00001fb5      0x391 ./Core/Src/boot_flow.o
 .debug_macro   0x00002346     0x785b ./Core/Src/boot_flow.o
 .debug_macro   0x00009ba1       0x66 ./Core/Src/boot_flow.o
 .debug_macro   0x00009c07     0x34da ./Core/Src/boot_flow.o
 .debug_macro   0x0000d0e1       0x55 ./Core/Src/boot_flow.o
 .debug_macro   0x0000d136      0x924 ./Core/Src/boot_flow.o
 .debug_macro   0x0000da5a      0x289 ./Core/Src/boot_flow.o
 .debug_macro   0x0000dce3      0x1ae ./Core/Src/boot_flow.o
 .debug_macro   0x0000de91      0x153 ./Core/Src/boot_flow.o
 .debug_macro   0x0000dfe4      0x1a0 ./Core/Src/boot_flow.o
 .debug_macro   0x0000e184      0x1bc ./Core/Src/boot_flow.o
 .debug_macro   0x0000e340      0x1dd ./Core/Src/boot_flow.o
 .debug_macro   0x0000e51d       0x3c ./Core/Src/boot_flow.o
 .debug_macro   0x0000e559       0x28 ./Core/Src/boot_flow.o
 .debug_macro   0x0000e581       0xb0 ./Core/Src/boot_flow.o
 .debug_macro   0x0000e631      0x217 ./Core/Src/boot_flow.o
 .debug_macro   0x0000e848      0x22c ./Core/Src/boot_flow.o
 .debug_macro   0x0000ea74       0x61 ./Core/Src/boot_flow.o
 .debug_macro   0x0000ead5       0xa5 ./Core/Src/boot_flow.o
 .debug_macro   0x0000eb7a       0x85 ./Core/Src/boot_flow.o
 .debug_macro   0x0000ebff       0x4c ./Core/Src/boot_flow.o
 .debug_macro   0x0000ec4b       0x49 ./Core/Src/boot_flow.o
 .debug_macro   0x0000ec94      0x2db ./Core/Src/boot_flow.o
 .debug_macro   0x0000ef6f      0x399 ./Core/Src/boot_flow.o
 .debug_macro   0x0000f308       0xeb ./Core/Src/boot_flow.o
 .debug_macro   0x0000f3f3      0x2fe ./Core/Src/boot_flow.o
 .debug_macro   0x0000f6f1      0x8f4 ./Core/Src/boot_flow.o
 .debug_macro   0x0000ffe5       0x28 ./Core/Src/boot_flow.o
 .debug_macro   0x0001000d      0x10d ./Core/Src/boot_flow.o
 .debug_macro   0x0001011a       0x9a ./Core/Src/boot_flow.o
 .debug_macro   0x000101b4       0x1c ./Core/Src/boot_flow.o
 .debug_macro   0x000101d0      0x182 ./Core/Src/boot_flow.o
 .debug_macro   0x00010352      0x216 ./Core/Src/boot_led.o
 .debug_macro   0x00010568      0x2ea ./Core/Src/boot_rf.o
 .debug_macro   0x00010852      0x216 ./Core/Src/boot_storage.o
 .debug_macro   0x00010a68      0x16e ./Core/Src/ed25519_verify.o
 .debug_macro   0x00010bd6      0x1ff ./Core/Src/gpio.o
 .debug_macro   0x00010dd5      0x1ff ./Core/Src/iwdg.o
 .debug_macro   0x00010fd4      0x25b ./Core/Src/main.o
 .debug_macro   0x0001122f      0x21c ./Core/Src/neopixel.o
 .debug_macro   0x0001144b       0x16 ./Core/Src/neopixel.o
 .debug_macro   0x00011461      0x16e ./Core/Src/sha256.o
 .debug_macro   0x000115cf      0x174 ./Core/Src/sha512.o
 .debug_macro   0x00011743      0x2e9 ./Core/Src/si4432.o
 .debug_macro   0x00011a2c      0x1ff ./Core/Src/spi.o
 .debug_macro   0x00011c2b      0x1f5 ./Core/Src/stm32f0xx_hal_msp.o
 .debug_macro   0x00011e20      0x1ff ./Core/Src/stm32f0xx_it.o
 .debug_macro   0x0001201f      0x1e6 ./Core/Src/system_stm32f0xx.o
 .debug_macro   0x00012205      0x20a ./Drivers/STM32F0xx_HAL_Driver/Src/stm32f0xx_hal.o
 .debug_macro   0x0001240f      0x1e6 ./Drivers/STM32F0xx_HAL_Driver/Src/stm32f0xx_hal_cortex.o
 .debug_macro   0x000125f5      0x1e6 ./Drivers/STM32F0xx_HAL_Driver/Src/stm32f0xx_hal_flash.o
 .debug_macro   0x000127db      0x1f8 ./Drivers/STM32F0xx_HAL_Driver/Src/stm32f0xx_hal_flash_ex.o
 .debug_macro   0x000129d3      0x1ed ./Drivers/STM32F0xx_HAL_Driver/Src/stm32f0xx_hal_gpio.o
 .debug_macro   0x00012bc0      0x1f4 ./Drivers/STM32F0xx_HAL_Driver/Src/stm32f0xx_hal_iwdg.o
 .debug_macro   0x00012db4      0x1f8 ./Drivers/STM32F0xx_HAL_Driver/Src/stm32f0xx_hal_rcc.o
 .debug_macro   0x00012fac      0x1e6 ./Drivers/STM32F0xx_HAL_Driver/Src/stm32f0xx_hal_rcc_ex.o
 .debug_macro   0x00013192      0x1ee ./Drivers/STM32F0xx_HAL_Driver/Src/stm32f0xx_hal_spi.o

.debug_line     0x00000000    0x12b42
 .debug_line    0x00000000      0x9d4 ./Core/Src/aes.o
 .debug_line    0x000009d4      0xfbd ./Core/Src/boot_flow.o
 .debug_line    0x00001991      0x86a ./Core/Src/boot_led.o
 .debug_line    0x000021fb      0xa24 ./Core/Src/boot_rf.o
 .debug_line    0x00002c1f      0xabb ./Core/Src/boot_storage.o
 .debug_line    0x000036da     0x1c3e ./Core/Src/ed25519_verify.o
 .debug_line    0x00005318      0x7f1 ./Core/Src/gpio.o
 .debug_line    0x00005b09      0x7bb ./Core/Src/iwdg.o
 .debug_line    0x000062c4      0x949 ./Core/Src/main.o
 .debug_line    0x00006c0d      0xa1c ./Core/Src/neopixel.o
 .debug_line    0x00007629      0x839 ./Core/Src/sha256.o
 .debug_line    0x00007e62      0x8b2 ./Core/Src/sha512.o
 .debug_line    0x00008714      0xb3b ./Core/Src/si4432.o
 .debug_line    0x0000924f      0x826 ./Core/Src/spi.o
 .debug_line    0x00009a75      0x7a9 ./Core/Src/stm32f0xx_hal_msp.o
 .debug_line    0x0000a21e      0x831 ./Core/Src/stm32f0xx_it.o
 .debug_line    0x0000aa4f      0x81e ./Core/Src/system_stm32f0xx.o
 .debug_line    0x0000b26d       0x7b ./Core/Startup/startup_stm32f030cctx.o
 .debug_line    0x0000b2e8      0xa28 ./Drivers/STM32F0xx_HAL_Driver/Src/stm32f0xx_hal.o
 .debug_line    0x0000bd10      0xad0 ./Drivers/STM32F0xx_HAL_Driver/Src/stm32f0xx_hal_cortex.o
 .debug_line    0x0000c7e0      0xadb ./Drivers/STM32F0xx_HAL_Driver/Src/stm32f0xx_hal_flash.o
 .debug_line    0x0000d2bb      0xc28 ./Drivers/STM32F0xx_HAL_Driver/Src/stm32f0xx_hal_flash_ex.o
 .debug_line    0x0000dee3      0xb8d ./Drivers/STM32F0xx_HAL_Driver/Src/stm32f0xx_hal_gpio.o
 .debug_line    0x0000ea70      0x83d ./Drivers/STM32F0xx_HAL_Driver/Src/stm32f0xx_hal_iwdg.o
 .debug_line    0x0000f2ad      0xebe ./Drivers/STM32F0xx_HAL_Driver/Src/stm32f0xx_hal_rcc.o
 .debug_line    0x0001016b      0x990 ./Drivers/STM32F0xx_HAL_Driver/Src/stm32f0xx_hal_rcc_ex.o
 .debug_line    0x00010afb     0x2047 ./Drivers/STM32F0xx_HAL_Driver/Src/stm32f0xx_hal_spi.o

.debug_str      0x00000000    0x6f336
 .debug_str     0x00000000    0x6f336 ./Core/Src/aes.o
                               0x72f0 (size before relaxing)
 .debug_str     0x0006f336    0x6ce0a ./Core/Src/boot_flow.o
 .debug_str     0x0006f336    0x68fa2 ./Core/Src/boot_led.o
 .debug_str     0x0006f336    0x6c7a9 ./Core/Src/boot_rf.o
 .debug_str     0x0006f336    0x696f9 ./Core/Src/boot_storage.o
 .debug_str     0x0006f336     0x74c8 ./Core/Src/ed25519_verify.o
 .debug_str     0x0006f336    0x690f6 ./Core/Src/gpio.o
 .debug_str     0x0006f336    0x68eb9 ./Core/Src/iwdg.o
 .debug_str     0x0006f336    0x69873 ./Core/Src/main.o
 .debug_str     0x0006f336    0x69073 ./Core/Src/neopixel.o
 .debug_str     0x0006f336     0x7401 ./Core/Src/sha256.o
 .debug_str     0x0006f336     0x746e ./Core/Src/sha512.o
 .debug_str     0x0006f336    0x6c678 ./Core/Src/si4432.o
 .debug_str     0x0006f336    0x69364 ./Core/Src/spi.o
 .debug_str     0x0006f336    0x68e5d ./Core/Src/stm32f0xx_hal_msp.o
 .debug_str     0x0006f336    0x68e97 ./Core/Src/stm32f0xx_it.o
 .debug_str     0x0006f336    0x68c25 ./Core/Src/system_stm32f0xx.o
 .debug_str     0x0006f336       0x82 ./Core/Startup/startup_stm32f030cctx.o
 .debug_str     0x0006f336    0x691d1 ./Drivers/STM32F0xx_HAL_Driver/Src/stm32f0xx_hal.o
 .debug_str     0x0006f336    0x68fc2 ./Drivers/STM32F0xx_HAL_Driver/Src/stm32f0xx_hal_cortex.o
 .debug_str     0x0006f336    0x68ed0 ./Drivers/STM32F0xx_HAL_Driver/Src/stm32f0xx_hal_flash.o
 .debug_str     0x0006f336    0x6904f ./Drivers/STM32F0xx_HAL_Driver/Src/stm32f0xx_hal_flash_ex.o
 .debug_str     0x0006f336    0x68dc6 ./Drivers/STM32F0xx_HAL_Driver/Src/stm32f0xx_hal_gpio.o
 .debug_str     0x0006f336    0x68ce6 ./Drivers/STM32F0xx_HAL_Driver/Src/stm32f0xx_hal_iwdg.o
 .debug_str     0x0006f336    0x69061 ./Drivers/STM32F0xx_HAL_Driver/Src/stm32f0xx_hal_rcc.o
 .debug_str     0x0006f336    0x68d6e ./Drivers/STM32F0xx_HAL_Driver/Src/stm32f0xx_hal_rcc_ex.o
 .debug_str     0x0006f336    0x6959f ./Drivers/STM32F0xx_HAL_Driver/Src/stm32f0xx_hal_spi.o

.comment        0x00000000       0x43
 .comment       0x00000000       0x43 ./Core/Src/aes.o
                                 0x44 (size before relaxing)
 .comment       0x00000043       0x44 ./Core/Src/boot_flow.o
 .comment       0x00000043       0x44 ./Core/Src/boot_led.o
 .comment       0x00000043       0x44 ./Core/Src/boot_rf.o
 .comment       0x00000043       0x44 ./Core/Src/boot_storage.o
 .comment       0x00000043       0x44 ./Core/Src/ed25519_verify.o
 .comment       0x00000043       0x44 ./Core/Src/gpio.o
 .comment       0x00000043       0x44 ./Core/Src/iwdg.o
 .comment       0x00000043       0x44 ./Core/Src/main.o
 .comment       0x00000043       0x44 ./Core/Src/neopixel.o
 .comment       0x00000043       0x44 ./Core/Src/sha256.o
 .comment       0x00000043       0x44 ./Core/Src/sha512.o
 .comment       0x00000043       0x44 ./Core/Src/si4432.o
 .comment       0x00000043       0x44 ./Core/Src/spi.o
 .comment       0x00000043       0x44 ./Core/Src/stm32f0xx_hal_msp.o
 .comment       0x00000043       0x44 ./Core/Src/stm32f0xx_it.o
 .comment       0x00000043       0x44 ./Core/Src/system_stm32f0xx.o
 .comment       0x00000043       0x44 ./Drivers/STM32F0xx_HAL_Driver/Src/stm32f0xx_hal.o
 .comment       0x00000043       0x44 ./Drivers/STM32F0xx_HAL_Driver/Src/stm32f0xx_hal_cortex.o
 .comment       0x00000043       0x44 ./Drivers/STM32F0xx_HAL_Driver/Src/stm32f0xx_hal_flash.o
 .comment       0x00000043       0x44 ./Drivers/STM32F0xx_HAL_Driver/Src/stm32f0xx_hal_flash_ex.o
 .comment       0x00000043       0x44 ./Drivers/STM32F0xx_HAL_Driver/Src/stm32f0xx_hal_gpio.o
 .comment       0x00000043       0x44 ./Drivers/STM32F0xx_HAL_Driver/Src/stm32f0xx_hal_iwdg.o
 .comment       0x00000043       0x44 ./Drivers/STM32F0xx_HAL_Driver/Src/stm32f0xx_hal_rcc.o
 .comment       0x00000043       0x44 ./Drivers/STM32F0xx_HAL_Driver/Src/stm32f0xx_hal_rcc_ex.o
 .comment       0x00000043       0x44 ./Drivers/STM32F0xx_HAL_Driver/Src/stm32f0xx_hal_spi.o

.debug_frame    0x00000000     0x22cc
 .debug_frame   0x00000000       0xb4 ./Core/Src/aes.o
 .debug_frame   0x000000b4       0xcc ./Core/Src/boot_flow.o
 .debug_frame   0x00000180       0xa8 ./Core/Src/boot_led.o
 .debug_frame   0x00000228       0x78 ./Core/Src/boot_rf.o
 .debug_frame   0x000002a0      0x1d8 ./Core/Src/boot_storage.o
 .debug_frame   0x00000478      0x3cc ./Core/Src/ed25519_verify.o
 .debug_frame   0x00000844       0x30 ./Core/Src/gpio.o
 .debug_frame   0x00000874       0x2c ./Core/Src/iwdg.o
 .debug_frame   0x000008a0       0x8c ./Core/Src/main.o
 .debug_frame   0x0000092c       0xb4 ./Core/Src/neopixel.o
 .debug_frame   0x000009e0       0x94 ./Core/Src/sha256.o
 .debug_frame   0x00000a74       0xe4 ./Core/Src/sha512.o
 .debug_frame   0x00000b58      0x124 ./Core/Src/si4432.o
 .debug_frame   0x00000c7c       0x6c ./Core/Src/spi.o
 .debug_frame   0x00000ce8       0x30 ./Core/Src/stm32f0xx_hal_msp.o
 .debug_frame   0x00000d18       0xd4 ./Core/Src/stm32f0xx_it.o
 .debug_frame   0x00000dec       0x4c ./Core/Src/system_stm32f0xx.o
 .debug_frame   0x00000e38      0x2a4 ./Drivers/STM32F0xx_HAL_Driver/Src/stm32f0xx_hal.o
 .debug_frame   0x000010dc      0x2a0 ./Drivers/STM32F0xx_HAL_Driver/Src/stm32f0xx_hal_cortex.o
 .debug_frame   0x0000137c      0x1c4 ./Drivers/STM32F0xx_HAL_Driver/Src/stm32f0xx_hal_flash.o
 .debug_frame   0x00001540      0x220 ./Drivers/STM32F0xx_HAL_Driver/Src/stm32f0xx_hal_flash_ex.o
 .debug_frame   0x00001760      0x110 ./Drivers/STM32F0xx_HAL_Driver/Src/stm32f0xx_hal_gpio.o
 .debug_frame   0x00001870       0x50 ./Drivers/STM32F0xx_HAL_Driver/Src/stm32f0xx_hal_iwdg.o
 .debug_frame   0x000018c0      0x198 ./Drivers/STM32F0xx_HAL_Driver/Src/stm32f0xx_hal_rcc.o
 .debug_frame   0x00001a58       0x70 ./Drivers/STM32F0xx_HAL_Driver/Src/stm32f0xx_hal_rcc_ex.o
 .debug_frame   0x00001ac8      0x710 ./Drivers/STM32F0xx_HAL_Driver/Src/stm32f0xx_hal_spi.o
 .debug_frame   0x000021d8       0x2c C:/ST/STM32CubeIDE_1.19.0/STM32CubeIDE/plugins/com.st.stm32cube.ide.mcu.externaltools.gnu-tools-for-stm32.13.3.rel1.win32_1.0.0.202411081344/tools/bin/../lib/gcc/arm-none-eabi/13.3.1/../../../../arm-none-eabi/lib/thumb/v6-m/nofp\libc_nano.a(libc_a-memcmp.o)
 .debug_frame   0x00002204       0x20 C:/ST/STM32CubeIDE_1.19.0/STM32CubeIDE/plugins/com.st.stm32cube.ide.mcu.externaltools.gnu-tools-for-stm32.13.3.rel1.win32_1.0.0.202411081344/tools/bin/../lib/gcc/arm-none-eabi/13.3.1/../../../../arm-none-eabi/lib/thumb/v6-m/nofp\libc_nano.a(libc_a-memset.o)
 .debug_frame   0x00002224       0x2c C:/ST/STM32CubeIDE_1.19.0/STM32CubeIDE/plugins/com.st.stm32cube.ide.mcu.externaltools.gnu-tools-for-stm32.13.3.rel1.win32_1.0.0.202411081344/tools/bin/../lib/gcc/arm-none-eabi/13.3.1/../../../../arm-none-eabi/lib/thumb/v6-m/nofp\libc_nano.a(libc_a-init.o)
 .debug_frame   0x00002250       0x28 C:/ST/STM32CubeIDE_1.19.0/STM32CubeIDE/plugins/com.st.stm32cube.ide.mcu.externaltools.gnu-tools-for-stm32.13.3.rel1.win32_1.0.0.202411081344/tools/bin/../lib/gcc/arm-none-eabi/13.3.1/../../../../arm-none-eabi/lib/thumb/v6-m/nofp\libc_nano.a(libc_a-memcpy-stub.o)
 .debug_frame   0x00002278       0x20 C:/ST/STM32CubeIDE_1.19.0/STM32CubeIDE/plugins/com.st.stm32cube.ide.mcu.externaltools.gnu-tools-for-stm32.13.3.rel1.win32_1.0.0.202411081344/tools/bin/../lib/gcc/arm-none-eabi/13.3.1/thumb/v6-m/nofp\libgcc.a(_udivsi3.o)
 .debug_frame   0x00002298       0x34 C:/ST/STM32CubeIDE_1.19.0/STM32CubeIDE/plugins/com.st.stm32cube.ide.mcu.externaltools.gnu-tools-for-stm32.13.3.rel1.win32_1.0.0.202411081344/tools/bin/../lib/gcc/arm-none-eabi/13.3.1/thumb/v6-m/nofp\libgcc.a(_muldi3.o)

.debug_loclists
                0x00000000       0xf1
 .debug_loclists
                0x00000000       0xf1 ./Core/Src/neopixel.o

.debug_line_str
                0x00000000       0x66
 .debug_line_str
                0x00000000       0x66 ./Core/Startup/startup_stm32f030cctx.o
