Archive member included to satisfy reference by file (symbol)

C:/ST/STM32CubeIDE_1.19.0/STM32CubeIDE/plugins/com.st.stm32cube.ide.mcu.externaltools.gnu-tools-for-stm32.13.3.rel1.win32_1.0.0.202411081344/tools/bin/../lib/gcc/arm-none-eabi/13.3.1/../../../../arm-none-eabi/lib/thumb/v6-m/nofp\libc_nano.a(libc_a-exit.o)
                              C:/ST/STM32CubeIDE_1.19.0/STM32CubeIDE/plugins/com.st.stm32cube.ide.mcu.externaltools.gnu-tools-for-stm32.13.3.rel1.win32_1.0.0.202411081344/tools/bin/../lib/gcc/arm-none-eabi/13.3.1/../../../../arm-none-eabi/lib/thumb/v6-m/nofp/crt0.o (exit)
C:/ST/STM32CubeIDE_1.19.0/STM32CubeIDE/plugins/com.st.stm32cube.ide.mcu.externaltools.gnu-tools-for-stm32.13.3.rel1.win32_1.0.0.202411081344/tools/bin/../lib/gcc/arm-none-eabi/13.3.1/../../../../arm-none-eabi/lib/thumb/v6-m/nofp\libc_nano.a(libc_a-findfp.o)
                              C:/ST/STM32CubeIDE_1.19.0/STM32CubeIDE/plugins/com.st.stm32cube.ide.mcu.externaltools.gnu-tools-for-stm32.13.3.rel1.win32_1.0.0.202411081344/tools/bin/../lib/gcc/arm-none-eabi/13.3.1/../../../../arm-none-eabi/lib/thumb/v6-m/nofp\libc_nano.a(libc_a-exit.o) (__stdio_exit_handler)
C:/ST/STM32CubeIDE_1.19.0/STM32CubeIDE/plugins/com.st.stm32cube.ide.mcu.externaltools.gnu-tools-for-stm32.13.3.rel1.win32_1.0.0.202411081344/tools/bin/../lib/gcc/arm-none-eabi/13.3.1/../../../../arm-none-eabi/lib/thumb/v6-m/nofp\libc_nano.a(libc_a-fwalk.o)
                              C:/ST/STM32CubeIDE_1.19.0/STM32CubeIDE/plugins/com.st.stm32cube.ide.mcu.externaltools.gnu-tools-for-stm32.13.3.rel1.win32_1.0.0.202411081344/tools/bin/../lib/gcc/arm-none-eabi/13.3.1/../../../../arm-none-eabi/lib/thumb/v6-m/nofp\libc_nano.a(libc_a-findfp.o) (_fwalk_sglue)
C:/ST/STM32CubeIDE_1.19.0/STM32CubeIDE/plugins/com.st.stm32cube.ide.mcu.externaltools.gnu-tools-for-stm32.13.3.rel1.win32_1.0.0.202411081344/tools/bin/../lib/gcc/arm-none-eabi/13.3.1/../../../../arm-none-eabi/lib/thumb/v6-m/nofp\libc_nano.a(libc_a-stdio.o)
                              C:/ST/STM32CubeIDE_1.19.0/STM32CubeIDE/plugins/com.st.stm32cube.ide.mcu.externaltools.gnu-tools-for-stm32.13.3.rel1.win32_1.0.0.202411081344/tools/bin/../lib/gcc/arm-none-eabi/13.3.1/../../../../arm-none-eabi/lib/thumb/v6-m/nofp\libc_nano.a(libc_a-findfp.o) (__sread)
C:/ST/STM32CubeIDE_1.19.0/STM32CubeIDE/plugins/com.st.stm32cube.ide.mcu.externaltools.gnu-tools-for-stm32.13.3.rel1.win32_1.0.0.202411081344/tools/bin/../lib/gcc/arm-none-eabi/13.3.1/../../../../arm-none-eabi/lib/thumb/v6-m/nofp\libc_nano.a(libc_a-memcmp.o)
                              ./Core/Src/main.o (memcmp)
C:/ST/STM32CubeIDE_1.19.0/STM32CubeIDE/plugins/com.st.stm32cube.ide.mcu.externaltools.gnu-tools-for-stm32.13.3.rel1.win32_1.0.0.202411081344/tools/bin/../lib/gcc/arm-none-eabi/13.3.1/../../../../arm-none-eabi/lib/thumb/v6-m/nofp\libc_nano.a(libc_a-memset.o)
                              C:/ST/STM32CubeIDE_1.19.0/STM32CubeIDE/plugins/com.st.stm32cube.ide.mcu.externaltools.gnu-tools-for-stm32.13.3.rel1.win32_1.0.0.202411081344/tools/bin/../lib/gcc/arm-none-eabi/13.3.1/../../../../arm-none-eabi/lib/thumb/v6-m/nofp/crt0.o (memset)
C:/ST/STM32CubeIDE_1.19.0/STM32CubeIDE/plugins/com.st.stm32cube.ide.mcu.externaltools.gnu-tools-for-stm32.13.3.rel1.win32_1.0.0.202411081344/tools/bin/../lib/gcc/arm-none-eabi/13.3.1/../../../../arm-none-eabi/lib/thumb/v6-m/nofp\libc_nano.a(libc_a-closer.o)
                              C:/ST/STM32CubeIDE_1.19.0/STM32CubeIDE/plugins/com.st.stm32cube.ide.mcu.externaltools.gnu-tools-for-stm32.13.3.rel1.win32_1.0.0.202411081344/tools/bin/../lib/gcc/arm-none-eabi/13.3.1/../../../../arm-none-eabi/lib/thumb/v6-m/nofp\libc_nano.a(libc_a-stdio.o) (_close_r)
C:/ST/STM32CubeIDE_1.19.0/STM32CubeIDE/plugins/com.st.stm32cube.ide.mcu.externaltools.gnu-tools-for-stm32.13.3.rel1.win32_1.0.0.202411081344/tools/bin/../lib/gcc/arm-none-eabi/13.3.1/../../../../arm-none-eabi/lib/thumb/v6-m/nofp\libc_nano.a(libc_a-reent.o)
                              C:/ST/STM32CubeIDE_1.19.0/STM32CubeIDE/plugins/com.st.stm32cube.ide.mcu.externaltools.gnu-tools-for-stm32.13.3.rel1.win32_1.0.0.202411081344/tools/bin/../lib/gcc/arm-none-eabi/13.3.1/../../../../arm-none-eabi/lib/thumb/v6-m/nofp\libc_nano.a(libc_a-closer.o) (errno)
C:/ST/STM32CubeIDE_1.19.0/STM32CubeIDE/plugins/com.st.stm32cube.ide.mcu.externaltools.gnu-tools-for-stm32.13.3.rel1.win32_1.0.0.202411081344/tools/bin/../lib/gcc/arm-none-eabi/13.3.1/../../../../arm-none-eabi/lib/thumb/v6-m/nofp\libc_nano.a(libc_a-impure.o)
                              C:/ST/STM32CubeIDE_1.19.0/STM32CubeIDE/plugins/com.st.stm32cube.ide.mcu.externaltools.gnu-tools-for-stm32.13.3.rel1.win32_1.0.0.202411081344/tools/bin/../lib/gcc/arm-none-eabi/13.3.1/../../../../arm-none-eabi/lib/thumb/v6-m/nofp\libc_nano.a(libc_a-reent.o) (_impure_ptr)
[...]
Memory Configuration

Name             Origin             Length             Attributes
RAM              0x20000000         0x00002000         xrw
FLASH            0x08000000         0x00010000         xr
*default*        0x00000000         0xffffffff

Linker script and memory map

LOAD C:/ST/STM32CubeIDE_1.19.0/STM32CubeIDE/plugins/com.st.stm32cube.ide.mcu.externaltools.gnu-tools-for-stm32.13.3.rel1.win32_1.0.0.202411081344/tools/bin/../lib/gcc/arm-none-eabi/13.3.1/thumb/v6-m/nofp/crti.o
LOAD C:/ST/STM32CubeIDE_1.19.0/STM32CubeIDE/plugins/com.st.stm32cube.ide.mcu.externaltools.gnu-tools-for-stm32.13.3.rel1.win32_1.0.0.202411081344/tools/bin/../lib/gcc/arm-none-eabi/13.3.1/thumb/v6-m/nofp/crtbegin.o
LOAD C:/ST/STM32CubeIDE_1.19.0/STM32CubeIDE/plugins/com.st.stm32cube.ide.mcu.externaltools.gnu-tools-for-stm32.13.3.rel1.win32_1.0.0.202411081344/tools/bin/../lib/gcc/arm-none-eabi/13.3.1/../../../../arm-none-eabi/lib/thumb/v6-m/nofp/crt0.o
LOAD ./Core/Src/dma.o
LOAD ./Core/Src/gpio.o
LOAD ./Core/Src/iwdg.o
LOAD ./Core/Src/main.o
LOAD ./Core/Src/si4432.o
LOAD ./Core/Src/spi.o
LOAD ./Core/Src/stm32f0xx_hal_msp.o
LOAD ./Core/Src/stm32f0xx_it.o
LOAD ./Core/Src/syscalls.o
LOAD ./Core/Src/sysmem.o
LOAD ./Core/Src/system_stm32f0xx.o
LOAD ./Core/Src/tim.o
LOAD ./Core/Src/usart.o
LOAD ./Core/Startup/startup_stm32f030c8tx.o
LOAD ./Drivers/STM32F0xx_HAL_Driver/Src/stm32f0xx_hal.o
LOAD ./Drivers/STM32F0xx_HAL_Driver/Src/stm32f0xx_hal_cortex.o
LOAD ./Drivers/STM32F0xx_HAL_Driver/Src/stm32f0xx_hal_dma.o
LOAD ./Drivers/STM32F0xx_HAL_Driver/Src/stm32f0xx_hal_exti.o
LOAD ./Drivers/STM32F0xx_HAL_Driver/Src/stm32f0xx_hal_flash.o
LOAD ./Drivers/STM32F0xx_HAL_Driver/Src/stm32f0xx_hal_flash_ex.o
LOAD ./Drivers/STM32F0xx_HAL_Driver/Src/stm32f0xx_hal_gpio.o
LOAD ./Drivers/STM32F0xx_HAL_Driver/Src/stm32f0xx_hal_i2c.o
LOAD ./Drivers/STM32F0xx_HAL_Driver/Src/stm32f0xx_hal_i2c_ex.o
LOAD ./Drivers/STM32F0xx_HAL_Driver/Src/stm32f0xx_hal_iwdg.o
LOAD ./Drivers/STM32F0xx_HAL_Driver/Src/stm32f0xx_hal_pwr.o
LOAD ./Drivers/STM32F0xx_HAL_Driver/Src/stm32f0xx_hal_pwr_ex.o
LOAD ./Drivers/STM32F0xx_HAL_Driver/Src/stm32f0xx_hal_rcc.o
LOAD ./Drivers/STM32F0xx_HAL_Driver/Src/stm32f0xx_hal_rcc_ex.o
LOAD ./Drivers/STM32F0xx_HAL_Driver/Src/stm32f0xx_hal_spi.o
LOAD ./Drivers/STM32F0xx_HAL_Driver/Src/stm32f0xx_hal_spi_ex.o
LOAD ./Drivers/STM32F0xx_HAL_Driver/Src/stm32f0xx_hal_tim.o
LOAD ./Drivers/STM32F0xx_HAL_Driver/Src/stm32f0xx_hal_tim_ex.o
LOAD ./Drivers/STM32F0xx_HAL_Driver/Src/stm32f0xx_hal_uart.o
LOAD ./Drivers/STM32F0xx_HAL_Driver/Src/stm32f0xx_hal_uart_ex.o
START GROUP
LOAD C:/ST/STM32CubeIDE_1.19.0/STM32CubeIDE/plugins/com.st.stm32cube.ide.mcu.externaltools.gnu-tools-for-stm32.13.3.rel1.win32_1.0.0.202411081344/tools/bin/../lib/gcc/arm-none-eabi/13.3.1/../../../../arm-none-eabi/lib/thumb/v6-m/nofp\libc_nano.a
LOAD C:/ST/STM32CubeIDE_1.19.0/STM32CubeIDE/plugins/com.st.stm32cube.ide.mcu.externaltools.gnu-tools-for-stm32.13.3.rel1.win32_1.0.0.202411081344/tools/bin/../lib/gcc/arm-none-eabi/13.3.1/../../../../arm-none-eabi/lib/thumb/v6-m/nofp\libm.a
END GROUP
START GROUP
LOAD C:/ST/STM32CubeIDE_1.19.0/STM32CubeIDE/plugins/com.st.stm32cube.ide.mcu.externaltools.gnu-tools-for-stm32.13.3.rel1.win32_1.0.0.202411081344/tools/bin/../lib/gcc/arm-none-eabi/13.3.1/thumb/v6-m/nofp\libgcc.a
LOAD C:/ST/STM32CubeIDE_1.19.0/STM32CubeIDE/plugins/com.st.stm32cube.ide.mcu.externaltools.gnu-tools-for-stm32.13.3.rel1.win32_1.0.0.202411081344/tools/bin/../lib/gcc/arm-none-eabi/13.3.1/../../../../arm-none-eabi/lib/thumb/v6-m/nofp\libc_nano.a
END GROUP
START GROUP
LOAD C:/ST/STM32CubeIDE_1.19.0/STM32CubeIDE/plugins/com.st.stm32cube.ide.mcu.externaltools.gnu-tools-for-stm32.13.3.rel1.win32_1.0.0.202411081344/tools/bin/../lib/gcc/arm-none-eabi/13.3.1/thumb/v6-m/nofp\libgcc.a
LOAD C:/ST/STM32CubeIDE_1.19.0/STM32CubeIDE/plugins/com.st.stm32cube.ide.mcu.externaltools.gnu-tools-for-stm32.13.3.rel1.win32_1.0.0.202411081344/tools/bin/../lib/gcc/arm-none-eabi/13.3.1/../../../../arm-none-eabi/lib/thumb/v6-m/nofp\libc_nano.a
LOAD C:/ST/STM32CubeIDE_1.19.0/STM32CubeIDE/plugins/com.st.stm32cube.ide.mcu.externaltools.gnu-tools-for-stm32.13.3.rel1.win32_1.0.0.202411081344/tools/bin/../lib/gcc/arm-none-eabi/13.3.1/../../../../arm-none-eabi/lib/thumb/v6-m/nofp\libnosys.a
END GROUP
START GROUP
LOAD C:/ST/STM32CubeIDE_1.19.0/STM32CubeIDE/plugins/com.st.stm32cube.ide.mcu.externaltools.gnu-tools-for-stm32.13.3.rel1.win32_1.0.0.202411081344/tools/bin/../lib/gcc/arm-none-eabi/13.3.1/thumb/v6-m/nofp\libgcc.a
LOAD C:/ST/STM32CubeIDE_1.19.0/STM32CubeIDE/plugins/com.st.stm32cube.ide.mcu.externaltools.gnu-tools-for-stm32.13.3.rel1.win32_1.0.0.202411081344/tools/bin/../lib/gcc/arm-none-eabi/13.3.1/../../../../arm-none-eabi/lib/thumb/v6-m/nofp\libc_nano.a
LOAD C:/ST/STM32CubeIDE_1.19.0/STM32CubeIDE/plugins/com.st.stm32cube.ide.mcu.externaltools.gnu-tools-for-stm32.13.3.rel1.win32_1.0.0.202411081344/tools/bin/../lib/gcc/arm-none-eabi/13.3.1/../../../../arm-none-eabi/lib/thumb/v6-m/nofp\libnosys.a
END GROUP
LOAD C:/ST/STM32CubeIDE_1.19.0/STM32CubeIDE/plugins/com.st.stm32cube.ide.mcu.externaltools.gnu-tools-for-stm32.13.3.rel1.win32_1.0.0.202411081344/tools/bin/../lib/gcc/arm-none-eabi/13.3.1/thumb/v6-m/nofp/crtend.o
LOAD C:/ST/STM32CubeIDE_1.19.0/STM32CubeIDE/plugins/com.st.stm32cube.ide.mcu.externaltools.gnu-tools-for-stm32.13.3.rel1.win32_1.0.0.202411081344/tools/bin/../lib/gcc/arm-none-eabi/13.3.1/thumb/v6-m/nofp/crtn.o
                0x20002000                        _estack = (ORIGIN (RAM) + LENGTH (RAM))
                0x00000500                        _Min_Heap_Size = 0x500
                0x00000300                        _Min_Stack_Size = 0x300

.isr_vector     0x08000000       0xc0
                0x08000000                        . = ALIGN (0x4)
 *(.isr_vector)
 .isr_vector    0x08000000       0xc0 ./Core/Startup/startup_stm32f030c8tx.o
                0x08000000                g_pfnVectors
                0x080000c0                        . = ALIGN (0x4)

.text           0x080000c0     0x4a34
                0x080000c0                        . = ALIGN (0x4)
 *(.text)
 .text          0x080000c0       0x48 C:/ST/STM32CubeIDE_1.19.0/STM32CubeIDE/plugins/com.st.stm32cube.ide.mcu.externaltools.gnu-tools-for-stm32.13.3.rel1.win32_1.0.0.202411081344/tools/bin/../lib/gcc/arm-none-eabi/13.3.1/thumb/v6-m/nofp/crtbegin.o
 .text          0x08000108        0xe C:/ST/STM32CubeIDE_1.19.0/STM32CubeIDE/plugins/com.st.stm32cube.ide.mcu.externaltools.gnu-tools-for-stm32.13.3.rel1.win32_1.0.0.202411081344/tools/bin/../lib/gcc/arm-none-eabi/13.3.1/../../../../arm-none-eabi/lib/thumb/v6-m/nofp\libc_nano.a(libc_a-strlen.o)
                0x08000108                strlen
 *fill*         0x08000116        0x2 
 .text          0x08000118      0x114 C:/ST/STM32CubeIDE_1.19.0/STM32CubeIDE/plugins/com.st.stm32cube.ide.mcu.externaltools.gnu-tools-for-stm32.13.3.rel1.win32_1.0.0.202411081344/tools/bin/../lib/gcc/arm-none-eabi/13.3.1/thumb/v6-m/nofp\libgcc.a(_udivsi3.o)
                0x08000118                __aeabi_uidiv
                0x08000118                __udivsi3
                0x08000224                __aeabi_uidivmod
 .text          0x0800022c        0x4 C:/ST/STM32CubeIDE_1.19.0/STM32CubeIDE/plugins/com.st.stm32cube.ide.mcu.externaltools.gnu-tools-for-stm32.13.3.rel1.win32_1.0.0.202411081344/tools/bin/../lib/gcc/arm-none-eabi/13.3.1/thumb/v6-m/nofp\libgcc.a(_dvmd_tls.o)
                0x0800022c                __aeabi_idiv0
                0x0800022c                __aeabi_ldiv0
 *(.text*)
 .text.MX_DMA_Init
                0x08000230       0x3c ./Core/Src/dma.o
                0x08000230                MX_DMA_Init
 .text.MX_GPIO_Init
                0x0800026c      0x1d4 ./Core/Src/gpio.o
                0x0800026c                MX_GPIO_Init
 .text.MX_IWDG_Init
                0x08000440       0x40 ./Core/Src/iwdg.o
                0x08000440                MX_IWDG_Init
 .text.Print    0x08000480       0x2c ./Core/Src/main.o
 .text.PrintBuf
                0x080004ac       0x2c ./Core/Src/main.o
 .text.PrintHex
                0x080004d8       0x68 ./Core/Src/main.o
 .text.main     0x08000540      0x448 ./Core/Src/main.o
                0x08000540                main
 .text.SystemClock_Config
                0x08000988       0x9a ./Core/Src/main.o
                0x08000988                SystemClock_Config
 .text.Error_Handler
                0x08000a22        0xc ./Core/Src/main.o
                0x08000a22                Error_Handler
 *fill*         0x08000a2e        0x2 
 .text.SI4432_WriteReg
                0x08000a30       0x68 ./Core/Src/si4432.o
                0x08000a30                SI4432_WriteReg
 .text.SI4432_ReadReg
                0x08000a98       0x6c ./Core/Src/si4432.o
                0x08000a98                SI4432_ReadReg
 .text.SI4432_ClearIRQ
                0x08000b04       0x16 ./Core/Src/si4432.o
 .text.SI4432_ResetRxFIFO
                0x08000b1a       0x1a ./Core/Src/si4432.o
 .text.SI4432_ResetTxFIFO
                0x08000b34       0x1a ./Core/Src/si4432.o
 *fill*         0x08000b4e        0x2 
 .text.SI4432_Init
                0x08000b50      0x1bc ./Core/Src/si4432.o
                0x08000b50                SI4432_Init
 .text.SI4432_SendPacket
                0x08000d0c       0xd8 ./Core/Src/si4432.o
                0x08000d0c                SI4432_SendPacket
 .text.SI4432_StartRx
                0x08000de4       0x3a ./Core/Src/si4432.o
                0x08000de4                SI4432_StartRx
 *fill*         0x08000e1e        0x2 
 .text.SI4432_CheckRx
                0x08000e20       0xe4 ./Core/Src/si4432.o
                0x08000e20                SI4432_CheckRx
 .text.MX_SPI2_Init
                0x08000f04       0x7c ./Core/Src/spi.o
                0x08000f04                MX_SPI2_Init
 .text.HAL_SPI_MspInit
                0x08000f80       0x9c ./Core/Src/spi.o
                0x08000f80                HAL_SPI_MspInit
 .text.HAL_MspInit
                0x0800101c       0x48 ./Core/Src/stm32f0xx_hal_msp.o
                0x0800101c                HAL_MspInit
 .text.NMI_Handler
                0x08001064        0x8 ./Core/Src/stm32f0xx_it.o
                0x08001064                NMI_Handler
 .text.HardFault_Handler
                0x0800106c        0x8 ./Core/Src/stm32f0xx_it.o
                0x0800106c                HardFault_Handler
 .text.SVC_Handler
                0x08001074        0xa ./Core/Src/stm32f0xx_it.o
                0x08001074                SVC_Handler
 .text.PendSV_Handler
                0x0800107e        0xa ./Core/Src/stm32f0xx_it.o
                0x0800107e                PendSV_Handler
 .text.SysTick_Handler
                0x08001088        0xe ./Core/Src/stm32f0xx_it.o
                0x08001088                SysTick_Handler
 .text.EXTI4_15_IRQHandler
                0x08001096       0x14 ./Core/Src/stm32f0xx_it.o
                0x08001096                EXTI4_15_IRQHandler
 *fill*         0x080010aa        0x2 
 .text.DMA1_Channel2_3_IRQHandler
                0x080010ac       0x24 ./Core/Src/stm32f0xx_it.o
                0x080010ac                DMA1_Channel2_3_IRQHandler
 .text.TIM17_IRQHandler
                0x080010d0       0x18 ./Core/Src/stm32f0xx_it.o
                0x080010d0                TIM17_IRQHandler
 .text.USART1_IRQHandler
                0x080010e8       0x18 ./Core/Src/stm32f0xx_it.o
                0x080010e8                USART1_IRQHandler
 .text.SystemInit
                0x08001100        0xa ./Core/Src/system_stm32f0xx.o
                0x08001100                SystemInit
 *fill*         0x0800110a        0x2 
 .text.MX_TIM16_Init
                0x0800110c       0x50 ./Core/Src/tim.o
                0x0800110c                MX_TIM16_Init
 .text.MX_TIM17_Init
                0x0800115c       0x50 ./Core/Src/tim.o
                0x0800115c                MX_TIM17_Init
 .text.HAL_TIM_Base_MspInit
                0x080011ac       0x7c ./Core/Src/tim.o
                0x080011ac                HAL_TIM_Base_MspInit
 .text.MX_USART1_UART_Init
                0x08001228       0x68 ./Core/Src/usart.o
                0x08001228                MX_USART1_UART_Init
 .text.HAL_UART_MspInit
                0x08001290      0x154 ./Core/Src/usart.o
                0x08001290                HAL_UART_MspInit
 .text.Reset_Handler
                0x080013e4       0x50 ./Core/Startup/startup_stm32f030c8tx.o
                0x080013e4                Reset_Handler
 .text.Default_Handler
                0x08001434        0x2 ./Core/Startup/startup_stm32f030c8tx.o
                0x08001434                TIM1_CC_IRQHandler
                0x08001434                TIM6_IRQHandler
                0x08001434                I2C1_IRQHandler
                0x08001434                SPI1_IRQHandler
                0x08001434                EXTI2_3_IRQHandler
                0x08001434                ADC1_IRQHandler
                0x08001434                I2C2_IRQHandler
                0x08001434                RTC_IRQHandler
                0x08001434                TIM16_IRQHandler
                0x08001434                TIM3_IRQHandler
                0x08001434                RCC_IRQHandler
                0x08001434                DMA1_Channel1_IRQHandler
                0x08001434                Default_Handler
                0x08001434                TIM14_IRQHandler
                0x08001434                DMA1_Channel4_5_IRQHandler
                0x08001434                TIM15_IRQHandler
                0x08001434                EXTI0_1_IRQHandler
                0x08001434                SPI2_IRQHandler
                0x08001434                WWDG_IRQHandler
                0x08001434                USART2_IRQHandler
                0x08001434                FLASH_IRQHandler
                0x08001434                TIM1_BRK_UP_TRG_COM_IRQHandler
 *fill*         0x08001436        0x2 
 .text.HAL_Init
                0x08001438       0x28 ./Drivers/STM32F0xx_HAL_Driver/Src/stm32f0xx_hal.o
                0x08001438                HAL_Init
 .text.HAL_InitTick
                0x08001460       0x68 ./Drivers/STM32F0xx_HAL_Driver/Src/stm32f0xx_hal.o
                0x08001460                HAL_InitTick
 .text.HAL_IncTick
                0x080014c8       0x24 ./Drivers/STM32F0xx_HAL_Driver/Src/stm32f0xx_hal.o
                0x080014c8                HAL_IncTick
 .text.HAL_GetTick
                0x080014ec       0x14 ./Drivers/STM32F0xx_HAL_Driver/Src/stm32f0xx_hal.o
                0x080014ec                HAL_GetTick
 .text.HAL_Delay
                0x08001500       0x48 ./Drivers/STM32F0xx_HAL_Driver/Src/stm32f0xx_hal.o
                0x08001500                HAL_Delay
 .text.__NVIC_EnableIRQ
                0x08001548       0x34 ./Drivers/STM32F0xx_HAL_Driver/Src/stm32f0xx_hal_cortex.o
 .text.__NVIC_SetPriority
                0x0800157c       0xdc ./Drivers/STM32F0xx_HAL_Driver/Src/stm32f0xx_hal_cortex.o
 .text.SysTick_Config
                0x08001658       0x48 ./Drivers/STM32F0xx_HAL_Driver/Src/stm32f0xx_hal_cortex.o
 .text.HAL_NVIC_SetPriority
                0x080016a0       0x2a ./Drivers/STM32F0xx_HAL_Driver/Src/stm32f0xx_hal_cortex.o
                0x080016a0                HAL_NVIC_SetPriority
 .text.HAL_NVIC_EnableIRQ
                0x080016ca       0x20 ./Drivers/STM32F0xx_HAL_Driver/Src/stm32f0xx_hal_cortex.o
                0x080016ca                HAL_NVIC_EnableIRQ
 .text.HAL_SYSTICK_Config
                0x080016ea       0x1a ./Drivers/STM32F0xx_HAL_Driver/Src/stm32f0xx_hal_cortex.o
                0x080016ea                HAL_SYSTICK_Config
 .text.HAL_DMA_Init
                0x08001704       0x90 ./Drivers/STM32F0xx_HAL_Driver/Src/stm32f0xx_hal_dma.o
                0x08001704                HAL_DMA_Init
 .text.HAL_DMA_Abort
                0x08001794       0x70 ./Drivers/STM32F0xx_HAL_Driver/Src/stm32f0xx_hal_dma.o
                0x08001794                HAL_DMA_Abort
 .text.HAL_DMA_Abort_IT
                0x08001804       0x8a ./Drivers/STM32F0xx_HAL_Driver/Src/stm32f0xx_hal_dma.o
                0x08001804                HAL_DMA_Abort_IT
 .text.HAL_DMA_IRQHandler
                0x0800188e      0x144 ./Drivers/STM32F0xx_HAL_Driver/Src/stm32f0xx_hal_dma.o
                0x0800188e                HAL_DMA_IRQHandler
 *fill*         0x080019d2        0x2 
 .text.DMA_CalcBaseAndBitshift
                0x080019d4       0x38 ./Drivers/STM32F0xx_HAL_Driver/Src/stm32f0xx_hal_dma.o
 .text.HAL_GPIO_Init
                0x08001a0c      0x2e0 ./Drivers/STM32F0xx_HAL_Driver/Src/stm32f0xx_hal_gpio.o
                0x08001a0c                HAL_GPIO_Init
 .text.HAL_GPIO_ReadPin
                0x08001cec       0x3a ./Drivers/STM32F0xx_HAL_Driver/Src/stm32f0xx_hal_gpio.o
                0x08001cec                HAL_GPIO_ReadPin
 .text.HAL_GPIO_WritePin
                0x08001d26       0x3a ./Drivers/STM32F0xx_HAL_Driver/Src/stm32f0xx_hal_gpio.o
                0x08001d26                HAL_GPIO_WritePin
 .text.HAL_GPIO_TogglePin
                0x08001d60       0x36 ./Drivers/STM32F0xx_HAL_Driver/Src/stm32f0xx_hal_gpio.o
                0x08001d60                HAL_GPIO_TogglePin
 *fill*         0x08001d96        0x2 
 .text.HAL_GPIO_EXTI_IRQHandler
                0x08001d98       0x38 ./Drivers/STM32F0xx_HAL_Driver/Src/stm32f0xx_hal_gpio.o
                0x08001d98                HAL_GPIO_EXTI_IRQHandler
 .text.HAL_GPIO_EXTI_Callback
                0x08001dd0       0x14 ./Drivers/STM32F0xx_HAL_Driver/Src/stm32f0xx_hal_gpio.o
                0x08001dd0                HAL_GPIO_EXTI_Callback
 .text.HAL_IWDG_Init
                0x08001de4       0xa4 ./Drivers/STM32F0xx_HAL_Driver/Src/stm32f0xx_hal_iwdg.o
                0x08001de4                HAL_IWDG_Init
 .text.HAL_IWDG_Refresh
                0x08001e88       0x20 ./Drivers/STM32F0xx_HAL_Driver/Src/stm32f0xx_hal_iwdg.o
                0x08001e88                HAL_IWDG_Refresh
 .text.HAL_RCC_OscConfig
                0x08001ea8      0x634 ./Drivers/STM32F0xx_HAL_Driver/Src/stm32f0xx_hal_rcc.o
                0x08001ea8                HAL_RCC_OscConfig
 .text.HAL_RCC_ClockConfig
                0x080024dc      0x19c ./Drivers/STM32F0xx_HAL_Driver/Src/stm32f0xx_hal_rcc.o
                0x080024dc                HAL_RCC_ClockConfig
 .text.HAL_RCC_GetSysClockFreq
                0x08002678       0xac ./Drivers/STM32F0xx_HAL_Driver/Src/stm32f0xx_hal_rcc.o
                0x08002678                HAL_RCC_GetSysClockFreq
 .text.HAL_RCC_GetHCLKFreq
                0x08002724       0x14 ./Drivers/STM32F0xx_HAL_Driver/Src/stm32f0xx_hal_rcc.o
                0x08002724                HAL_RCC_GetHCLKFreq
 .text.HAL_RCC_GetPCLK1Freq
                0x08002738       0x2c ./Drivers/STM32F0xx_HAL_Driver/Src/stm32f0xx_hal_rcc.o
                0x08002738                HAL_RCC_GetPCLK1Freq
 .text.HAL_SPI_Init
                0x08002764      0x170 ./Drivers/STM32F0xx_HAL_Driver/Src/stm32f0xx_hal_spi.o
                0x08002764                HAL_SPI_Init
 .text.HAL_SPI_Transmit
                0x080028d4      0x2be ./Drivers/STM32F0xx_HAL_Driver/Src/stm32f0xx_hal_spi.o
                0x080028d4                HAL_SPI_Transmit
 *fill*         0x08002b92        0x2 
 .text.HAL_SPI_Receive
                0x08002b94      0x2a4 ./Drivers/STM32F0xx_HAL_Driver/Src/stm32f0xx_hal_spi.o
                0x08002b94                HAL_SPI_Receive
 .text.HAL_SPI_TransmitReceive
                0x08002e38      0x3c4 ./Drivers/STM32F0xx_HAL_Driver/Src/stm32f0xx_hal_spi.o
                0x08002e38                HAL_SPI_TransmitReceive
 .text.SPI_WaitFlagStateUntilTimeout
                0x080031fc      0x11c ./Drivers/STM32F0xx_HAL_Driver/Src/stm32f0xx_hal_spi.o
 .text.SPI_WaitFifoStateUntilTimeout
                0x08003318      0x144 ./Drivers/STM32F0xx_HAL_Driver/Src/stm32f0xx_hal_spi.o
 .text.SPI_EndRxTransaction
                0x0800345c       0xbc ./Drivers/STM32F0xx_HAL_Driver/Src/stm32f0xx_hal_spi.o
 .text.SPI_EndRxTxTransaction
                0x08003518       0x8c ./Drivers/STM32F0xx_HAL_Driver/Src/stm32f0xx_hal_spi.o
 .text.HAL_TIM_Base_Init
                0x080035a4       0xa0 ./Drivers/STM32F0xx_HAL_Driver/Src/stm32f0xx_hal_tim.o
                0x080035a4                HAL_TIM_Base_Init
 .text.HAL_TIM_IRQHandler
                0x08003644      0x1dc ./Drivers/STM32F0xx_HAL_Driver/Src/stm32f0xx_hal_tim.o
                0x08003644                HAL_TIM_IRQHandler
 .text.HAL_TIM_PeriodElapsedCallback
                0x08003820       0x10 ./Drivers/STM32F0xx_HAL_Driver/Src/stm32f0xx_hal_tim.o
                0x08003820                HAL_TIM_PeriodElapsedCallback
 .text.HAL_TIM_OC_DelayElapsedCallback
                0x08003830       0x10 ./Drivers/STM32F0xx_HAL_Driver/Src/stm32f0xx_hal_tim.o
                0x08003830                HAL_TIM_OC_DelayElapsedCallback
 .text.HAL_TIM_IC_CaptureCallback
                0x08003840       0x10 ./Drivers/STM32F0xx_HAL_Driver/Src/stm32f0xx_hal_tim.o
                0x08003840                HAL_TIM_IC_CaptureCallback
 .text.HAL_TIM_PWM_PulseFinishedCallback
                0x08003850       0x10 ./Drivers/STM32F0xx_HAL_Driver/Src/stm32f0xx_hal_tim.o
                0x08003850                HAL_TIM_PWM_PulseFinishedCallback
 .text.HAL_TIM_TriggerCallback
                0x08003860       0x10 ./Drivers/STM32F0xx_HAL_Driver/Src/stm32f0xx_hal_tim.o
                0x08003860                HAL_TIM_TriggerCallback
 .text.TIM_Base_SetConfig
                0x08003870      0x108 ./Drivers/STM32F0xx_HAL_Driver/Src/stm32f0xx_hal_tim.o
                0x08003870                TIM_Base_SetConfig
 .text.HAL_TIMEx_CommutCallback
                0x08003978       0x10 ./Drivers/STM32F0xx_HAL_Driver/Src/stm32f0xx_hal_tim_ex.o
                0x08003978                HAL_TIMEx_CommutCallback
 .text.HAL_TIMEx_BreakCallback
                0x08003988       0x10 ./Drivers/STM32F0xx_HAL_Driver/Src/stm32f0xx_hal_tim_ex.o
                0x08003988                HAL_TIMEx_BreakCallback
 .text.HAL_UART_Init
                0x08003998       0xa8 ./Drivers/STM32F0xx_HAL_Driver/Src/stm32f0xx_hal_uart.o
                0x08003998                HAL_UART_Init
 .text.HAL_UART_Transmit
                0x08003a40      0x13e ./Drivers/STM32F0xx_HAL_Driver/Src/stm32f0xx_hal_uart.o
                0x08003a40                HAL_UART_Transmit
 *fill*         0x08003b7e        0x2 
 .text.HAL_UART_Receive
                0x08003b80      0x1a8 ./Drivers/STM32F0xx_HAL_Driver/Src/stm32f0xx_hal_uart.o
                0x08003b80                HAL_UART_Receive
 .text.HAL_UART_IRQHandler
                0x08003d28      0x590 ./Drivers/STM32F0xx_HAL_Driver/Src/stm32f0xx_hal_uart.o
                0x08003d28                HAL_UART_IRQHandler
 .text.HAL_UART_TxCpltCallback
                0x080042b8       0x10 ./Drivers/STM32F0xx_HAL_Driver/Src/stm32f0xx_hal_uart.o
                0x080042b8                HAL_UART_TxCpltCallback
 .text.HAL_UART_ErrorCallback
                0x080042c8       0x10 ./Drivers/STM32F0xx_HAL_Driver/Src/stm32f0xx_hal_uart.o
                0x080042c8                HAL_UART_ErrorCallback
 .text.HAL_UARTEx_RxEventCallback
                0x080042d8       0x16 ./Drivers/STM32F0xx_HAL_Driver/Src/stm32f0xx_hal_uart.o
                0x080042d8                HAL_UARTEx_RxEventCallback
 *fill*         0x080042ee        0x2 
 .text.UART_SetConfig
                0x080042f0      0x280 ./Drivers/STM32F0xx_HAL_Driver/Src/stm32f0xx_hal_uart.o
                0x080042f0                UART_SetConfig
 .text.UART_AdvFeatureConfig
                0x08004570      0x168 ./Drivers/STM32F0xx_HAL_Driver/Src/stm32f0xx_hal_uart.o
                0x08004570                UART_AdvFeatureConfig
 .text.UART_CheckIdleState
                0x080046d8      0x150 ./Drivers/STM32F0xx_HAL_Driver/Src/stm32f0xx_hal_uart.o
                0x080046d8                UART_CheckIdleState
 .text.UART_WaitOnFlagUntilTimeout
                0x08004828       0xde ./Drivers/STM32F0xx_HAL_Driver/Src/stm32f0xx_hal_uart.o
                0x08004828                UART_WaitOnFlagUntilTimeout
 *fill*         0x08004906        0x2 
 .text.UART_EndRxTransfer
                0x08004908       0xc8 ./Drivers/STM32F0xx_HAL_Driver/Src/stm32f0xx_hal_uart.o
 .text.UART_DMAAbortOnError
                0x080049d0       0x2e ./Drivers/STM32F0xx_HAL_Driver/Src/stm32f0xx_hal_uart.o
 .text.UART_EndTransmit_IT
                0x080049fe       0x56 ./Drivers/STM32F0xx_HAL_Driver/Src/stm32f0xx_hal_uart.o
 .text.memcmp   0x08004a54       0x1c C:/ST/STM32CubeIDE_1.19.0/STM32CubeIDE/plugins/com.st.stm32cube.ide.mcu.externaltools.gnu-tools-for-stm32.13.3.rel1.win32_1.0.0.202411081344/tools/bin/../lib/gcc/arm-none-eabi/13.3.1/../../../../arm-none-eabi/lib/thumb/v6-m/nofp\libc_nano.a(libc_a-memcmp.o)
                0x08004a54                memcmp
 .text.memset   0x08004a70       0x10 C:/ST/STM32CubeIDE_1.19.0/STM32CubeIDE/plugins/com.st.stm32cube.ide.mcu.externaltools.gnu-tools-for-stm32.13.3.rel1.win32_1.0.0.202411081344/tools/bin/../lib/gcc/arm-none-eabi/13.3.1/../../../../arm-none-eabi/lib/thumb/v6-m/nofp\libc_nano.a(libc_a-memset.o)
                0x08004a70                memset
 .text.__libc_init_array
                0x08004a80       0x48 C:/ST/STM32CubeIDE_1.19.0/STM32CubeIDE/plugins/com.st.stm32cube.ide.mcu.externaltools.gnu-tools-for-stm32.13.3.rel1.win32_1.0.0.202411081344/tools/bin/../lib/gcc/arm-none-eabi/13.3.1/../../../../arm-none-eabi/lib/thumb/v6-m/nofp\libc_nano.a(libc_a-init.o)
                0x08004a80                __libc_init_array
 .text.memcpy   0x08004ac8       0x12 C:/ST/STM32CubeIDE_1.19.0/STM32CubeIDE/plugins/com.st.stm32cube.ide.mcu.externaltools.gnu-tools-for-stm32.13.3.rel1.win32_1.0.0.202411081344/tools/bin/../lib/gcc/arm-none-eabi/13.3.1/../../../../arm-none-eabi/lib/thumb/v6-m/nofp\libc_nano.a(libc_a-memcpy-stub.o)
                0x08004ac8                memcpy
 *(.glue_7)
 .glue_7        0x08004ada        0x0 linker stubs
 *(.glue_7t)
 .glue_7t       0x08004ada        0x0 linker stubs
 *(.eh_frame)
 *fill*         0x08004ada        0x2 
 .eh_frame      0x08004adc        0x0 C:/ST/STM32CubeIDE_1.19.0/STM32CubeIDE/plugins/com.st.stm32cube.ide.mcu.externaltools.gnu-tools-for-stm32.13.3.rel1.win32_1.0.0.202411081344/tools/bin/../lib/gcc/arm-none-eabi/13.3.1/thumb/v6-m/nofp/crtbegin.o
 *(.init)
 .init          0x08004adc        0x4 C:/ST/STM32CubeIDE_1.19.0/STM32CubeIDE/plugins/com.st.stm32cube.ide.mcu.externaltools.gnu-tools-for-stm32.13.3.rel1.win32_1.0.0.202411081344/tools/bin/../lib/gcc/arm-none-eabi/13.3.1/thumb/v6-m/nofp/crti.o
                0x08004adc                _init
 .init          0x08004ae0        0x8 C:/ST/STM32CubeIDE_1.19.0/STM32CubeIDE/plugins/com.st.stm32cube.ide.mcu.externaltools.gnu-tools-for-stm32.13.3.rel1.win32_1.0.0.202411081344/tools/bin/../lib/gcc/arm-none-eabi/13.3.1/thumb/v6-m/nofp/crtn.o
 *(.fini)
 .fini          0x08004ae8        0x4 C:/ST/STM32CubeIDE_1.19.0/STM32CubeIDE/plugins/com.st.stm32cube.ide.mcu.externaltools.gnu-tools-for-stm32.13.3.rel1.win32_1.0.0.202411081344/tools/bin/../lib/gcc/arm-none-eabi/13.3.1/thumb/v6-m/nofp/crti.o
                0x08004ae8                _fini
 .fini          0x08004aec        0x8 C:/ST/STM32CubeIDE_1.19.0/STM32CubeIDE/plugins/com.st.stm32cube.ide.mcu.externaltools.gnu-tools-for-stm32.13.3.rel1.win32_1.0.0.202411081344/tools/bin/../lib/gcc/arm-none-eabi/13.3.1/thumb/v6-m/nofp/crtn.o
                0x08004af4                        . = ALIGN (0x4)
                0x08004af4                        _etext = .

.vfp11_veneer   0x08004af4        0x0
 .vfp11_veneer  0x08004af4        0x0 linker stubs

.v4_bx          0x08004af4        0x0
 .v4_bx         0x08004af4        0x0 linker stubs

.iplt           0x08004af4        0x0
 .iplt          0x08004af4        0x0 C:/ST/STM32CubeIDE_1.19.0/STM32CubeIDE/plugins/com.st.stm32cube.ide.mcu.externaltools.gnu-tools-for-stm32.13.3.rel1.win32_1.0.0.202411081344/tools/bin/../lib/gcc/arm-none-eabi/13.3.1/thumb/v6-m/nofp/crtbegin.o

.rodata         0x08004af4      0x1e0
                0x08004af4                        . = ALIGN (0x4)
 *(.rodata)
 .rodata        0x08004af4      0x1a7 ./Core/Src/main.o
 *(.rodata*)
 *fill*         0x08004c9b        0x1 
 .rodata.AHBPrescTable
                0x08004c9c       0x10 ./Core/Src/system_stm32f0xx.o
                0x08004c9c                AHBPrescTable
 .rodata.APBPrescTable
                0x08004cac        0x8 ./Core/Src/system_stm32f0xx.o
                0x08004cac                APBPrescTable
 .rodata.aPLLMULFactorTable.1
                0x08004cb4       0x10 ./Drivers/STM32F0xx_HAL_Driver/Src/stm32f0xx_hal_rcc.o
 .rodata.aPredivFactorTable.0
                0x08004cc4       0x10 ./Drivers/STM32F0xx_HAL_Driver/Src/stm32f0xx_hal_rcc.o
                0x08004cd4                        . = ALIGN (0x4)

.ARM.extab      0x08004cd4        0x0
                0x08004cd4                        . = ALIGN (0x4)
 *(.ARM.extab* .gnu.linkonce.armextab.*)
                0x08004cd4                        . = ALIGN (0x4)

.ARM            0x08004cd4        0x0
                0x08004cd4                        . = ALIGN (0x4)
                0x08004cd4                        __exidx_start = .
 *(.ARM.exidx*)
                0x08004cd4                        __exidx_end = .
                0x08004cd4                        . = ALIGN (0x4)

.preinit_array  0x08004cd4        0x0
                0x08004cd4                        . = ALIGN (0x4)
                0x08004cd4                        PROVIDE (__preinit_array_start = .)
 *(.preinit_array*)
                0x08004cd4                        PROVIDE (__preinit_array_end = .)
                0x08004cd4                        . = ALIGN (0x4)

.init_array     0x08004cd4        0x4
                0x08004cd4                        . = ALIGN (0x4)
                0x08004cd4                        PROVIDE (__init_array_start = .)
 *(SORT_BY_NAME(.init_array.*))
 *(.init_array*)
 .init_array    0x08004cd4        0x4 C:/ST/STM32CubeIDE_1.19.0/STM32CubeIDE/plugins/com.st.stm32cube.ide.mcu.externaltools.gnu-tools-for-stm32.13.3.rel1.win32_1.0.0.202411081344/tools/bin/../lib/gcc/arm-none-eabi/13.3.1/thumb/v6-m/nofp/crtbegin.o
                0x08004cd8                        PROVIDE (__init_array_end = .)
                0x08004cd8                        . = ALIGN (0x4)

.fini_array     0x08004cd8        0x4
                0x08004cd8                        . = ALIGN (0x4)
                [!provide]                        PROVIDE (__fini_array_start = .)
 *(SORT_BY_NAME(.fini_array.*))
 *(.fini_array*)
 .fini_array    0x08004cd8        0x4 C:/ST/STM32CubeIDE_1.19.0/STM32CubeIDE/plugins/com.st.stm32cube.ide.mcu.externaltools.gnu-tools-for-stm32.13.3.rel1.win32_1.0.0.202411081344/tools/bin/../lib/gcc/arm-none-eabi/13.3.1/thumb/v6-m/nofp/crtbegin.o
                [!provide]                        PROVIDE (__fini_array_end = .)
                0x08004cdc                        . = ALIGN (0x4)
                0x08004cdc                        _sidata = LOADADDR (.data)

.rel.dyn        0x08004cdc        0x0
 .rel.iplt      0x08004cdc        0x0 C:/ST/STM32CubeIDE_1.19.0/STM32CubeIDE/plugins/com.st.stm32cube.ide.mcu.externaltools.gnu-tools-for-stm32.13.3.rel1.win32_1.0.0.202411081344/tools/bin/../lib/gcc/arm-none-eabi/13.3.1/thumb/v6-m/nofp/crtbegin.o

.data           0x20000000        0xc load address 0x08004cdc
                0x20000000                        . = ALIGN (0x4)
                0x20000000                        _sdata = .
 *(.data)
 *(.data*)
 .data.SystemCoreClock
                0x20000000        0x4 ./Core/Src/system_stm32f0xx.o
                0x20000000                SystemCoreClock
 .data.uwTickPrio
                0x20000004        0x4 ./Drivers/STM32F0xx_HAL_Driver/Src/stm32f0xx_hal.o
                0x20000004                uwTickPrio
 .data.uwTickFreq
                0x20000008        0x1 ./Drivers/STM32F0xx_HAL_Driver/Src/stm32f0xx_hal.o
                0x20000008                uwTickFreq
 *(.RamFunc)
 *(.RamFunc*)
                0x2000000c                        . = ALIGN (0x4)
 *fill*         0x20000009        0x3 
                0x2000000c                        _edata = .

.igot.plt       0x2000000c        0x0 load address 0x08004ce8
 .igot.plt      0x2000000c        0x0 C:/ST/STM32CubeIDE_1.19.0/STM32CubeIDE/plugins/com.st.stm32cube.ide.mcu.externaltools.gnu-tools-for-stm32.13.3.rel1.win32_1.0.0.202411081344/tools/bin/../lib/gcc/arm-none-eabi/13.3.1/thumb/v6-m/nofp/crtbegin.o
                0x2000000c                        . = ALIGN (0x4)

.bss            0x2000000c      0x258 load address 0x08004ce8
                0x2000000c                        _sbss = .
                0x2000000c                        __bss_start__ = _sbss
 *(.bss)
 .bss           0x2000000c       0x1c C:/ST/STM32CubeIDE_1.19.0/STM32CubeIDE/plugins/com.st.stm32cube.ide.mcu.externaltools.gnu-tools-for-stm32.13.3.rel1.win32_1.0.0.202411081344/tools/bin/../lib/gcc/arm-none-eabi/13.3.1/thumb/v6-m/nofp/crtbegin.o
 *(.bss*)
 .bss.hiwdg     0x20000028       0x10 ./Core/Src/iwdg.o
                0x20000028                hiwdg
 .bss.uart_buf  0x20000038       0x20 ./Core/Src/main.o
 .bss.uart_idx  0x20000058        0x1 ./Core/Src/main.o
 *fill*         0x20000059        0x3 
 .bss.hspi2     0x2000005c       0x64 ./Core/Src/spi.o
                0x2000005c                hspi2
 .bss.htim16    0x200000c0       0x48 ./Core/Src/tim.o
                0x200000c0                htim16
 .bss.htim17    0x20000108       0x48 ./Core/Src/tim.o
                0x20000108                htim17
 .bss.huart1    0x20000150       0x88 ./Core/Src/usart.o
                0x20000150                huart1
 .bss.hdma_usart1_rx
                0x200001d8       0x44 ./Core/Src/usart.o
                0x200001d8                hdma_usart1_rx
 .bss.hdma_usart1_tx
                0x2000021c       0x44 ./Core/Src/usart.o
                0x2000021c                hdma_usart1_tx
 .bss.uwTick    0x20000260        0x4 ./Drivers/STM32F0xx_HAL_Driver/Src/stm32f0xx_hal.o
                0x20000260                uwTick
 *(COMMON)
                0x20000264                        . = ALIGN (0x4)
                0x20000264                        _ebss = .
                0x20000264                        __bss_end__ = _ebss

._user_heap_stack
                0x20000264      0x804 load address 0x08004ce8
                0x20000268                        . = ALIGN (0x8)
 *fill*         0x20000264        0x4 
                [!provide]                        PROVIDE (end = .)
                0x20000268                        PROVIDE (_end = .)
                0x20000768                        . = (. + _Min_Heap_Size)
 *fill*         0x20000268      0x500 
                0x20000a68                        . = (. + _Min_Stack_Size)
 *fill*         0x20000768      0x300 
                0x20000a68                        . = ALIGN (0x8)

/DISCARD/
 libc.a(*)
 libm.a(*)
 libgcc.a(*)

.ARM.attributes
                0x00000000       0x28
 *(.ARM.attributes)
 .ARM.attributes
                0x00000000       0x1e C:/ST/STM32CubeIDE_1.19.0/STM32CubeIDE/plugins/com.st.stm32cube.ide.mcu.externaltools.gnu-tools-for-stm32.13.3.rel1.win32_1.0.0.202411081344/tools/bin/../lib/gcc/arm-none-eabi/13.3.1/thumb/v6-m/nofp/crti.o
 .ARM.attributes
                0x0000001e       0x2c C:/ST/STM32CubeIDE_1.19.0/STM32CubeIDE/plugins/com.st.stm32cube.ide.mcu.externaltools.gnu-tools-for-stm32.13.3.rel1.win32_1.0.0.202411081344/tools/bin/../lib/gcc/arm-none-eabi/13.3.1/thumb/v6-m/nofp/crtbegin.o
 .ARM.attributes
                0x0000004a       0x2c ./Core/Src/dma.o
 .ARM.attributes
                0x00000076       0x2c ./Core/Src/gpio.o
 .ARM.attributes
                0x000000a2       0x2c ./Core/Src/iwdg.o
 .ARM.attributes
                0x000000ce       0x2c ./Core/Src/main.o
 .ARM.attributes
                0x000000fa       0x2c ./Core/Src/si4432.o
 .ARM.attributes
                0x00000126       0x2c ./Core/Src/spi.o
 .ARM.attributes
                0x00000152       0x2c ./Core/Src/stm32f0xx_hal_msp.o
 .ARM.attributes
                0x0000017e       0x2c ./Core/Src/stm32f0xx_it.o
 .ARM.attributes
                0x000001aa       0x2c ./Core/Src/system_stm32f0xx.o
 .ARM.attributes
                0x000001d6       0x2c ./Core/Src/tim.o
 .ARM.attributes
                0x00000202       0x2c ./Core/Src/usart.o
 .ARM.attributes
                0x0000022e       0x21 ./Core/Startup/startup_stm32f030c8tx.o
 .ARM.attributes
                0x0000024f       0x2c ./Drivers/STM32F0xx_HAL_Driver/Src/stm32f0xx_hal.o
 .ARM.attributes
                0x0000027b       0x2c ./Drivers/STM32F0xx_HAL_Driver/Src/stm32f0xx_hal_cortex.o
 .ARM.attributes
                0x000002a7       0x2c ./Drivers/STM32F0xx_HAL_Driver/Src/stm32f0xx_hal_dma.o
 .ARM.attributes
                0x000002d3       0x2c ./Drivers/STM32F0xx_HAL_Driver/Src/stm32f0xx_hal_gpio.o
 .ARM.attributes
                0x000002ff       0x2c ./Drivers/STM32F0xx_HAL_Driver/Src/stm32f0xx_hal_iwdg.o
 .ARM.attributes
                0x0000032b       0x2c ./Drivers/STM32F0xx_HAL_Driver/Src/stm32f0xx_hal_rcc.o
 .ARM.attributes
                0x00000357       0x2c ./Drivers/STM32F0xx_HAL_Driver/Src/stm32f0xx_hal_spi.o
 .ARM.attributes
                0x00000383       0x2c ./Drivers/STM32F0xx_HAL_Driver/Src/stm32f0xx_hal_tim.o
 .ARM.attributes
                0x000003af       0x2c ./Drivers/STM32F0xx_HAL_Driver/Src/stm32f0xx_hal_tim_ex.o
 .ARM.attributes
                0x000003db       0x2c ./Drivers/STM32F0xx_HAL_Driver/Src/stm32f0xx_hal_uart.o
 .ARM.attributes
                0x00000407       0x2c C:/ST/STM32CubeIDE_1.19.0/STM32CubeIDE/plugins/com.st.stm32cube.ide.mcu.externaltools.gnu-tools-for-stm32.13.3.rel1.win32_1.0.0.202411081344/tools/bin/../lib/gcc/arm-none-eabi/13.3.1/../../../../arm-none-eabi/lib/thumb/v6-m/nofp\libc_nano.a(libc_a-memcmp.o)
 .ARM.attributes
                0x00000433       0x2c C:/ST/STM32CubeIDE_1.19.0/STM32CubeIDE/plugins/com.st.stm32cube.ide.mcu.externaltools.gnu-tools-for-stm32.13.3.rel1.win32_1.0.0.202411081344/tools/bin/../lib/gcc/arm-none-eabi/13.3.1/../../../../arm-none-eabi/lib/thumb/v6-m/nofp\libc_nano.a(libc_a-memset.o)
 .ARM.attributes
                0x0000045f       0x2c C:/ST/STM32CubeIDE_1.19.0/STM32CubeIDE/plugins/com.st.stm32cube.ide.mcu.externaltools.gnu-tools-for-stm32.13.3.rel1.win32_1.0.0.202411081344/tools/bin/../lib/gcc/arm-none-eabi/13.3.1/../../../../arm-none-eabi/lib/thumb/v6-m/nofp\libc_nano.a(libc_a-init.o)
 .ARM.attributes
                0x0000048b       0x2c C:/ST/STM32CubeIDE_1.19.0/STM32CubeIDE/plugins/com.st.stm32cube.ide.mcu.externaltools.gnu-tools-for-stm32.13.3.rel1.win32_1.0.0.202411081344/tools/bin/../lib/gcc/arm-none-eabi/13.3.1/../../../../arm-none-eabi/lib/thumb/v6-m/nofp\libc_nano.a(libc_a-memcpy-stub.o)
 .ARM.attributes
                0x000004b7       0x1c C:/ST/STM32CubeIDE_1.19.0/STM32CubeIDE/plugins/com.st.stm32cube.ide.mcu.externaltools.gnu-tools-for-stm32.13.3.rel1.win32_1.0.0.202411081344/tools/bin/../lib/gcc/arm-none-eabi/13.3.1/../../../../arm-none-eabi/lib/thumb/v6-m/nofp\libc_nano.a(libc_a-strlen.o)
 .ARM.attributes
                0x000004d3       0x1e C:/ST/STM32CubeIDE_1.19.0/STM32CubeIDE/plugins/com.st.stm32cube.ide.mcu.externaltools.gnu-tools-for-stm32.13.3.rel1.win32_1.0.0.202411081344/tools/bin/../lib/gcc/arm-none-eabi/13.3.1/thumb/v6-m/nofp\libgcc.a(_udivsi3.o)
 .ARM.attributes
                0x000004f1       0x1e C:/ST/STM32CubeIDE_1.19.0/STM32CubeIDE/plugins/com.st.stm32cube.ide.mcu.externaltools.gnu-tools-for-stm32.13.3.rel1.win32_1.0.0.202411081344/tools/bin/../lib/gcc/arm-none-eabi/13.3.1/thumb/v6-m/nofp\libgcc.a(_dvmd_tls.o)
 .ARM.attributes
                0x0000050f       0x1e C:/ST/STM32CubeIDE_1.19.0/STM32CubeIDE/plugins/com.st.stm32cube.ide.mcu.externaltools.gnu-tools-for-stm32.13.3.rel1.win32_1.0.0.202411081344/tools/bin/../lib/gcc/arm-none-eabi/13.3.1/thumb/v6-m/nofp/crtn.o
OUTPUT(uart_rf_gonderici.elf elf32-littlearm)
LOAD linker stubs
LOAD C:/ST/STM32CubeIDE_1.19.0/STM32CubeIDE/plugins/com.st.stm32cube.ide.mcu.externaltools.gnu-tools-for-stm32.13.3.rel1.win32_1.0.0.202411081344/tools/bin/../lib/gcc/arm-none-eabi/13.3.1/../../../../arm-none-eabi/lib/thumb/v6-m/nofp\libc.a
LOAD C:/ST/STM32CubeIDE_1.19.0/STM32CubeIDE/plugins/com.st.stm32cube.ide.mcu.externaltools.gnu-tools-for-stm32.13.3.rel1.win32_1.0.0.202411081344/tools/bin/../lib/gcc/arm-none-eabi/13.3.1/../../../../arm-none-eabi/lib/thumb/v6-m/nofp\libm.a
LOAD C:/ST/STM32CubeIDE_1.19.0/STM32CubeIDE/plugins/com.st.stm32cube.ide.mcu.externaltools.gnu-tools-for-stm32.13.3.rel1.win32_1.0.0.202411081344/tools/bin/../lib/gcc/arm-none-eabi/13.3.1/thumb/v6-m/nofp\libgcc.a

.debug_info     0x00000000     0xfb23
 .debug_info    0x00000000      0x279 ./Core/Src/dma.o
 .debug_info    0x00000279      0x44e ./Core/Src/gpio.o
 .debug_info    0x000006c7      0x1d3 ./Core/Src/iwdg.o
 .debug_info    0x0000089a      0xd9c ./Core/Src/main.o
 .debug_info    0x00001636      0x8d3 ./Core/Src/si4432.o
 .debug_info    0x00001f09      0x866 ./Core/Src/spi.o
 .debug_info    0x0000276f      0x199 ./Core/Src/stm32f0xx_hal_msp.o
 .debug_info    0x00002908      0xa58 ./Core/Src/stm32f0xx_it.o
 .debug_info    0x00003360      0x242 ./Core/Src/system_stm32f0xx.o
 .debug_info    0x000035a2      0x8b5 ./Core/Src/tim.o
 .debug_info    0x00003e57      0xa83 ./Core/Src/usart.o
 .debug_info    0x000048da       0x30 ./Core/Startup/startup_stm32f030c8tx.o
 .debug_info    0x0000490a      0x670 ./Drivers/STM32F0xx_HAL_Driver/Src/stm32f0xx_hal.o
 .debug_info    0x00004f7a      0x69b ./Drivers/STM32F0xx_HAL_Driver/Src/stm32f0xx_hal_cortex.o
 .debug_info    0x00005615      0x700 ./Drivers/STM32F0xx_HAL_Driver/Src/stm32f0xx_hal_dma.o
 .debug_info    0x00005d15      0x5c3 ./Drivers/STM32F0xx_HAL_Driver/Src/stm32f0xx_hal_gpio.o
 .debug_info    0x000062d8      0x1f7 ./Drivers/STM32F0xx_HAL_Driver/Src/stm32f0xx_hal_iwdg.o
 .debug_info    0x000064cf      0x844 ./Drivers/STM32F0xx_HAL_Driver/Src/stm32f0xx_hal_rcc.o
 .debug_info    0x00006d13     0x1618 ./Drivers/STM32F0xx_HAL_Driver/Src/stm32f0xx_hal_spi.o
 .debug_info    0x0000832b     0x2946 ./Drivers/STM32F0xx_HAL_Driver/Src/stm32f0xx_hal_tim.o
 .debug_info    0x0000ac71     0x1488 ./Drivers/STM32F0xx_HAL_Driver/Src/stm32f0xx_hal_tim_ex.o
 .debug_info    0x0000c0f9     0x3a2a ./Drivers/STM32F0xx_HAL_Driver/Src/stm32f0xx_hal_uart.o

.debug_abbrev   0x00000000     0x292f
 .debug_abbrev  0x00000000       0xfc ./Core/Src/dma.o
 .debug_abbrev  0x000000fc      0x16f ./Core/Src/gpio.o
 .debug_abbrev  0x0000026b      0x139 ./Core/Src/iwdg.o
 .debug_abbrev  0x000003a4      0x29b ./Core/Src/main.o
 .debug_abbrev  0x0000063f      0x250 ./Core/Src/si4432.o
 .debug_abbrev  0x0000088f      0x1f1 ./Core/Src/spi.o
 .debug_abbrev  0x00000a80       0xc6 ./Core/Src/stm32f0xx_hal_msp.o
 .debug_abbrev  0x00000b46      0x1af ./Core/Src/stm32f0xx_it.o
 .debug_abbrev  0x00000cf5      0x11c ./Core/Src/system_stm32f0xx.o
 .debug_abbrev  0x00000e11      0x215 ./Core/Src/tim.o
 .debug_abbrev  0x00001026      0x22b ./Core/Src/usart.o
 .debug_abbrev  0x00001251       0x24 ./Core/Startup/startup_stm32f030c8tx.o
 .debug_abbrev  0x00001275      0x24b ./Drivers/STM32F0xx_HAL_Driver/Src/stm32f0xx_hal.o
 .debug_abbrev  0x000014c0      0x28c ./Drivers/STM32F0xx_HAL_Driver/Src/stm32f0xx_hal_cortex.o
 .debug_abbrev  0x0000174c      0x1ef ./Drivers/STM32F0xx_HAL_Driver/Src/stm32f0xx_hal_dma.o
 .debug_abbrev  0x0000193b      0x1c8 ./Drivers/STM32F0xx_HAL_Driver/Src/stm32f0xx_hal_gpio.o
 .debug_abbrev  0x00001b03      0x14d ./Drivers/STM32F0xx_HAL_Driver/Src/stm32f0xx_hal_iwdg.o
 .debug_abbrev  0x00001c50      0x28b ./Drivers/STM32F0xx_HAL_Driver/Src/stm32f0xx_hal_rcc.o
 .debug_abbrev  0x00001edb      0x265 ./Drivers/STM32F0xx_HAL_Driver/Src/stm32f0xx_hal_spi.o
 .debug_abbrev  0x00002140      0x28c ./Drivers/STM32F0xx_HAL_Driver/Src/stm32f0xx_hal_tim.o
 .debug_abbrev  0x000023cc      0x297 ./Drivers/STM32F0xx_HAL_Driver/Src/stm32f0xx_hal_tim_ex.o
 .debug_abbrev  0x00002663      0x2cc ./Drivers/STM32F0xx_HAL_Driver/Src/stm32f0xx_hal_uart.o

.debug_aranges  0x00000000      0xeb0
 .debug_aranges
                0x00000000       0x20 ./Core/Src/dma.o
 .debug_aranges
                0x00000020       0x20 ./Core/Src/gpio.o
 .debug_aranges
                0x00000040       0x20 ./Core/Src/iwdg.o
 .debug_aranges
                0x00000060       0x48 ./Core/Src/main.o
 .debug_aranges
                0x000000a8       0x60 ./Core/Src/si4432.o
 .debug_aranges
                0x00000108       0x30 ./Core/Src/spi.o
 .debug_aranges
                0x00000138       0x20 ./Core/Src/stm32f0xx_hal_msp.o
 .debug_aranges
                0x00000158       0x60 ./Core/Src/stm32f0xx_it.o
 .debug_aranges
                0x000001b8       0x28 ./Core/Src/system_stm32f0xx.o
 .debug_aranges
                0x000001e0       0x38 ./Core/Src/tim.o
 .debug_aranges
                0x00000218       0x30 ./Core/Src/usart.o
 .debug_aranges
                0x00000248       0x28 ./Core/Startup/startup_stm32f030c8tx.o
 .debug_aranges
                0x00000270       0xd0 ./Drivers/STM32F0xx_HAL_Driver/Src/stm32f0xx_hal.o
 .debug_aranges
                0x00000340       0xc0 ./Drivers/STM32F0xx_HAL_Driver/Src/stm32f0xx_hal_cortex.o
 .debug_aranges
                0x00000400       0x88 ./Drivers/STM32F0xx_HAL_Driver/Src/stm32f0xx_hal_dma.o
 .debug_aranges
                0x00000488       0x58 ./Drivers/STM32F0xx_HAL_Driver/Src/stm32f0xx_hal_gpio.o
 .debug_aranges
                0x000004e0       0x28 ./Drivers/STM32F0xx_HAL_Driver/Src/stm32f0xx_hal_iwdg.o
 .debug_aranges
                0x00000508       0x80 ./Drivers/STM32F0xx_HAL_Driver/Src/stm32f0xx_hal_rcc.o
 .debug_aranges
                0x00000588      0x1d8 ./Drivers/STM32F0xx_HAL_Driver/Src/stm32f0xx_hal_spi.o
 .debug_aranges
                0x00000760      0x3d0 ./Drivers/STM32F0xx_HAL_Driver/Src/stm32f0xx_hal_tim.o
 .debug_aranges
                0x00000b30      0x168 ./Drivers/STM32F0xx_HAL_Driver/Src/stm32f0xx_hal_tim_ex.o
 .debug_aranges
                0x00000c98      0x218 ./Drivers/STM32F0xx_HAL_Driver/Src/stm32f0xx_hal_uart.o

.debug_rnglists
                0x00000000      0xb71
 .debug_rnglists
                0x00000000       0x13 ./Core/Src/dma.o
 .debug_rnglists
                0x00000013       0x14 ./Core/Src/gpio.o
 .debug_rnglists
                0x00000027       0x13 ./Core/Src/iwdg.o
 .debug_rnglists
                0x0000003a       0x33 ./Core/Src/main.o
 .debug_rnglists
                0x0000006d       0x46 ./Core/Src/si4432.o
 .debug_rnglists
                0x000000b3       0x20 ./Core/Src/spi.o
 .debug_rnglists
                0x000000d3       0x13 ./Core/Src/stm32f0xx_hal_msp.o
 .debug_rnglists
                0x000000e6       0x43 ./Core/Src/stm32f0xx_it.o
 .debug_rnglists
                0x00000129       0x1a ./Core/Src/system_stm32f0xx.o
 .debug_rnglists
                0x00000143       0x25 ./Core/Src/tim.o
 .debug_rnglists
                0x00000168       0x20 ./Core/Src/usart.o
 .debug_rnglists
                0x00000188       0x19 ./Core/Startup/startup_stm32f030c8tx.o
 .debug_rnglists
                0x000001a1       0x97 ./Drivers/STM32F0xx_HAL_Driver/Src/stm32f0xx_hal.o
 .debug_rnglists
                0x00000238       0x8c ./Drivers/STM32F0xx_HAL_Driver/Src/stm32f0xx_hal_cortex.o
 .debug_rnglists
                0x000002c4       0x6a ./Drivers/STM32F0xx_HAL_Driver/Src/stm32f0xx_hal_dma.o
 .debug_rnglists
                0x0000032e       0x3f ./Drivers/STM32F0xx_HAL_Driver/Src/stm32f0xx_hal_gpio.o
 .debug_rnglists
                0x0000036d       0x1a ./Drivers/STM32F0xx_HAL_Driver/Src/stm32f0xx_hal_iwdg.o
 .debug_rnglists
                0x00000387       0x60 ./Drivers/STM32F0xx_HAL_Driver/Src/stm32f0xx_hal_rcc.o
 .debug_rnglists
                0x000003e7      0x17a ./Drivers/STM32F0xx_HAL_Driver/Src/stm32f0xx_hal_spi.o
 .debug_rnglists
                0x00000561      0x31c ./Drivers/STM32F0xx_HAL_Driver/Src/stm32f0xx_hal_tim.o
 .debug_rnglists
                0x0000087d      0x126 ./Drivers/STM32F0xx_HAL_Driver/Src/stm32f0xx_hal_tim_ex.o
 .debug_rnglists
                0x000009a3      0x1ce ./Drivers/STM32F0xx_HAL_Driver/Src/stm32f0xx_hal_uart.o

.debug_macro    0x00000000    0x11954
 .debug_macro   0x00000000      0x1f9 ./Core/Src/dma.o
 .debug_macro   0x000001f9      0xaae ./Core/Src/dma.o
 .debug_macro   0x00000ca7      0x13f ./Core/Src/dma.o
 .debug_macro   0x00000de6       0x2e ./Core/Src/dma.o
 .debug_macro   0x00000e14       0x22 ./Core/Src/dma.o
 .debug_macro   0x00000e36       0x22 ./Core/Src/dma.o
 .debug_macro   0x00000e58       0x8e ./Core/Src/dma.o
 .debug_macro   0x00000ee6       0x51 ./Core/Src/dma.o
 .debug_macro   0x00000f37      0x103 ./Core/Src/dma.o
 .debug_macro   0x0000103a       0x6a ./Core/Src/dma.o
 .debug_macro   0x000010a4      0x1df ./Core/Src/dma.o
 .debug_macro   0x00001283       0x1c ./Core/Src/dma.o
 .debug_macro   0x0000129f       0x22 ./Core/Src/dma.o
 .debug_macro   0x000012c1       0xaf ./Core/Src/dma.o
 .debug_macro   0x00001370      0x391 ./Core/Src/dma.o
 .debug_macro   0x00001701     0x6f47 ./Core/Src/dma.o
 .debug_macro   0x00008648       0x66 ./Core/Src/dma.o
 .debug_macro   0x000086ae     0x34da ./Core/Src/dma.o
 .debug_macro   0x0000bb88      0x190 ./Core/Src/dma.o
 .debug_macro   0x0000bd18       0x55 ./Core/Src/dma.o
 .debug_macro   0x0000bd6d      0x924 ./Core/Src/dma.o
 .debug_macro   0x0000c691      0x17f ./Core/Src/dma.o
 .debug_macro   0x0000c810      0x1ae ./Core/Src/dma.o
 .debug_macro   0x0000c9be       0xd8 ./Core/Src/dma.o
 .debug_macro   0x0000ca96      0x1a0 ./Core/Src/dma.o
 .debug_macro   0x0000cc36      0x1ed ./Core/Src/dma.o
 .debug_macro   0x0000ce23       0x34 ./Core/Src/dma.o
 .debug_macro   0x0000ce57       0x43 ./Core/Src/dma.o
 .debug_macro   0x0000ce9a       0x28 ./Core/Src/dma.o
 .debug_macro   0x0000cec2       0xb0 ./Core/Src/dma.o
 .debug_macro   0x0000cf72      0x199 ./Core/Src/dma.o
 .debug_macro   0x0000d10b      0x22c ./Core/Src/dma.o
 .debug_macro   0x0000d337       0x61 ./Core/Src/dma.o
 .debug_macro   0x0000d398       0xa5 ./Core/Src/dma.o
 .debug_macro   0x0000d43d       0x85 ./Core/Src/dma.o
 .debug_macro   0x0000d4c2       0x4c ./Core/Src/dma.o
 .debug_macro   0x0000d50e       0x2b ./Core/Src/dma.o
 .debug_macro   0x0000d539      0x2fe ./Core/Src/dma.o
 .debug_macro   0x0000d837      0x8f4 ./Core/Src/dma.o
 .debug_macro   0x0000e12b       0x28 ./Core/Src/dma.o
 .debug_macro   0x0000e153      0x56d ./Core/Src/dma.o
 .debug_macro   0x0000e6c0       0x3e ./Core/Src/dma.o
 .debug_macro   0x0000e6fe       0xff ./Core/Src/dma.o
 .debug_macro   0x0000e7fd       0x8e ./Core/Src/dma.o
 .debug_macro   0x0000e88b      0x1f9 ./Core/Src/gpio.o
 .debug_macro   0x0000ea84      0x1f9 ./Core/Src/iwdg.o
 .debug_macro   0x0000ec7d      0x30d ./Core/Src/main.o
 .debug_macro   0x0000ef8a       0x61 ./Core/Src/main.o
 .debug_macro   0x0000efeb       0x24 ./Core/Src/main.o
 .debug_macro   0x0000f00f       0x43 ./Core/Src/main.o
 .debug_macro   0x0000f052       0x34 ./Core/Src/main.o
 .debug_macro   0x0000f086      0x370 ./Core/Src/main.o
 .debug_macro   0x0000f3f6       0x16 ./Core/Src/main.o
 .debug_macro   0x0000f40c       0x4a ./Core/Src/main.o
 .debug_macro   0x0000f456       0x34 ./Core/Src/main.o
 .debug_macro   0x0000f48a       0x10 ./Core/Src/main.o
 .debug_macro   0x0000f49a       0x58 ./Core/Src/main.o
 .debug_macro   0x0000f4f2       0x8e ./Core/Src/main.o
 .debug_macro   0x0000f580       0x1c ./Core/Src/main.o
 .debug_macro   0x0000f59c      0x185 ./Core/Src/main.o
 .debug_macro   0x0000f721       0x10 ./Core/Src/main.o
 .debug_macro   0x0000f731       0x3c ./Core/Src/main.o
 .debug_macro   0x0000f76d       0x20 ./Core/Src/main.o
 .debug_macro   0x0000f78d      0x2e3 ./Core/Src/si4432.o
 .debug_macro   0x0000fa70      0x1f9 ./Core/Src/spi.o
 .debug_macro   0x0000fc69      0x1ef ./Core/Src/stm32f0xx_hal_msp.o
 .debug_macro   0x0000fe58      0x1f9 ./Core/Src/stm32f0xx_it.o
 .debug_macro   0x00010051      0x1e0 ./Core/Src/system_stm32f0xx.o
 .debug_macro   0x00010231      0x1f9 ./Core/Src/tim.o
 .debug_macro   0x0001042a      0x1f9 ./Core/Src/usart.o
 .debug_macro   0x00010623      0x204 ./Drivers/STM32F0xx_HAL_Driver/Src/stm32f0xx_hal.o
 .debug_macro   0x00010827      0x1e0 ./Drivers/STM32F0xx_HAL_Driver/Src/stm32f0xx_hal_cortex.o
 .debug_macro   0x00010a07      0x1e0 ./Drivers/STM32F0xx_HAL_Driver/Src/stm32f0xx_hal_dma.o
 .debug_macro   0x00010be7      0x1e7 ./Drivers/STM32F0xx_HAL_Driver/Src/stm32f0xx_hal_gpio.o
 .debug_macro   0x00010dce      0x1ee ./Drivers/STM32F0xx_HAL_Driver/Src/stm32f0xx_hal_iwdg.o
 .debug_macro   0x00010fbc      0x1f2 ./Drivers/STM32F0xx_HAL_Driver/Src/stm32f0xx_hal_rcc.o
 .debug_macro   0x000111ae      0x1e8 ./Drivers/STM32F0xx_HAL_Driver/Src/stm32f0xx_hal_spi.o
 .debug_macro   0x00011396      0x1e1 ./Drivers/STM32F0xx_HAL_Driver/Src/stm32f0xx_hal_tim.o
 .debug_macro   0x00011577      0x1e0 ./Drivers/STM32F0xx_HAL_Driver/Src/stm32f0xx_hal_tim_ex.o
 .debug_macro   0x00011757      0x1fd ./Drivers/STM32F0xx_HAL_Driver/Src/stm32f0xx_hal_uart.o

.debug_line     0x00000000    0x1422c
 .debug_line    0x00000000      0x7a7 ./Core/Src/dma.o
 .debug_line    0x000007a7      0x807 ./Core/Src/gpio.o
 .debug_line    0x00000fae      0x7bd ./Core/Src/iwdg.o
 .debug_line    0x0000176b      0xb73 ./Core/Src/main.o
 .debug_line    0x000022de      0xb3b ./Core/Src/si4432.o
 .debug_line    0x00002e19      0x828 ./Core/Src/spi.o
 .debug_line    0x00003641      0x7ab ./Core/Src/stm32f0xx_hal_msp.o
 .debug_line    0x00003dec      0x869 ./Core/Src/stm32f0xx_it.o
 .debug_line    0x00004655      0x81b ./Core/Src/system_stm32f0xx.o
 .debug_line    0x00004e70      0x855 ./Core/Src/tim.o
 .debug_line    0x000056c5      0x874 ./Core/Src/usart.o
 .debug_line    0x00005f39       0x7b ./Core/Startup/startup_stm32f030c8tx.o
 .debug_line    0x00005fb4      0xa2a ./Drivers/STM32F0xx_HAL_Driver/Src/stm32f0xx_hal.o
 .debug_line    0x000069de      0xad2 ./Drivers/STM32F0xx_HAL_Driver/Src/stm32f0xx_hal_cortex.o
 .debug_line    0x000074b0      0xd2e ./Drivers/STM32F0xx_HAL_Driver/Src/stm32f0xx_hal_dma.o
 .debug_line    0x000081de      0xb8f ./Drivers/STM32F0xx_HAL_Driver/Src/stm32f0xx_hal_gpio.o
 .debug_line    0x00008d6d      0x83f ./Drivers/STM32F0xx_HAL_Driver/Src/stm32f0xx_hal_iwdg.o
 .debug_line    0x000095ac      0xebb ./Drivers/STM32F0xx_HAL_Driver/Src/stm32f0xx_hal_rcc.o
 .debug_line    0x0000a467     0x208b ./Drivers/STM32F0xx_HAL_Driver/Src/stm32f0xx_hal_spi.o
 .debug_line    0x0000c4f2     0x3788 ./Drivers/STM32F0xx_HAL_Driver/Src/stm32f0xx_hal_tim.o
 .debug_line    0x0000fc7a     0x18ff ./Drivers/STM32F0xx_HAL_Driver/Src/stm32f0xx_hal_tim_ex.o
 .debug_line    0x00011579     0x2cb3 ./Drivers/STM32F0xx_HAL_Driver/Src/stm32f0xx_hal_uart.o

.debug_str      0x00000000    0x676cc
 .debug_str     0x00000000    0x676cc ./Core/Src/dma.o
                              0x60afd (size before relaxing)
 .debug_str     0x000676cc    0x60bdd ./Core/Src/gpio.o
 .debug_str     0x000676cc    0x609a6 ./Core/Src/iwdg.o
 .debug_str     0x000676cc    0x64348 ./Core/Src/main.o
 .debug_str     0x000676cc    0x64155 ./Core/Src/si4432.o
 .debug_str     0x000676cc    0x60e41 ./Core/Src/spi.o
 .debug_str     0x000676cc    0x6094a ./Core/Src/stm32f0xx_hal_msp.o
 .debug_str     0x000676cc    0x6112e ./Core/Src/stm32f0xx_it.o
 .debug_str     0x000676cc    0x6075d ./Core/Src/system_stm32f0xx.o
 .debug_str     0x000676cc    0x61076 ./Core/Src/tim.o
 .debug_str     0x000676cc    0x610a1 ./Core/Src/usart.o
 .debug_str     0x000676cc       0x88 ./Core/Startup/startup_stm32f030c8tx.o
 .debug_str     0x000676cc    0x60cf1 ./Drivers/STM32F0xx_HAL_Driver/Src/stm32f0xx_hal.o
 .debug_str     0x000676cc    0x60ae2 ./Drivers/STM32F0xx_HAL_Driver/Src/stm32f0xx_hal_cortex.o
 .debug_str     0x000676cc    0x60b03 ./Drivers/STM32F0xx_HAL_Driver/Src/stm32f0xx_hal_dma.o
 .debug_str     0x000676cc    0x608fe ./Drivers/STM32F0xx_HAL_Driver/Src/stm32f0xx_hal_gpio.o
 .debug_str     0x000676cc    0x6081e ./Drivers/STM32F0xx_HAL_Driver/Src/stm32f0xx_hal_iwdg.o
 .debug_str     0x000676cc    0x60b99 ./Drivers/STM32F0xx_HAL_Driver/Src/stm32f0xx_hal_rcc.o
 .debug_str     0x000676cc    0x610c7 ./Drivers/STM32F0xx_HAL_Driver/Src/stm32f0xx_hal_spi.o
 .debug_str     0x000676cc    0x61b73 ./Drivers/STM32F0xx_HAL_Driver/Src/stm32f0xx_hal_tim.o
 .debug_str     0x000676cc    0x6137f ./Drivers/STM32F0xx_HAL_Driver/Src/stm32f0xx_hal_tim_ex.o
 .debug_str     0x000676cc    0x61476 ./Drivers/STM32F0xx_HAL_Driver/Src/stm32f0xx_hal_uart.o

.comment        0x00000000       0x43
 .comment       0x00000000       0x43 ./Core/Src/dma.o
                                 0x44 (size before relaxing)
 .comment       0x00000043       0x44 ./Core/Src/gpio.o
 .comment       0x00000043       0x44 ./Core/Src/iwdg.o
 .comment       0x00000043       0x44 ./Core/Src/main.o
 .comment       0x00000043       0x44 ./Core/Src/si4432.o
 .comment       0x00000043       0x44 ./Core/Src/spi.o
 .comment       0x00000043       0x44 ./Core/Src/stm32f0xx_hal_msp.o
 .comment       0x00000043       0x44 ./Core/Src/stm32f0xx_it.o
 .comment       0x00000043       0x44 ./Core/Src/system_stm32f0xx.o
 .comment       0x00000043       0x44 ./Core/Src/tim.o
 .comment       0x00000043       0x44 ./Core/Src/usart.o
 .comment       0x00000043       0x44 ./Drivers/STM32F0xx_HAL_Driver/Src/stm32f0xx_hal.o
 .comment       0x00000043       0x44 ./Drivers/STM32F0xx_HAL_Driver/Src/stm32f0xx_hal_cortex.o
 .comment       0x00000043       0x44 ./Drivers/STM32F0xx_HAL_Driver/Src/stm32f0xx_hal_dma.o
 .comment       0x00000043       0x44 ./Drivers/STM32F0xx_HAL_Driver/Src/stm32f0xx_hal_gpio.o
 .comment       0x00000043       0x44 ./Drivers/STM32F0xx_HAL_Driver/Src/stm32f0xx_hal_iwdg.o
 .comment       0x00000043       0x44 ./Drivers/STM32F0xx_HAL_Driver/Src/stm32f0xx_hal_rcc.o
 .comment       0x00000043       0x44 ./Drivers/STM32F0xx_HAL_Driver/Src/stm32f0xx_hal_spi.o
 .comment       0x00000043       0x44 ./Drivers/STM32F0xx_HAL_Driver/Src/stm32f0xx_hal_tim.o
 .comment       0x00000043       0x44 ./Drivers/STM32F0xx_HAL_Driver/Src/stm32f0xx_hal_tim_ex.o
 .comment       0x00000043       0x44 ./Drivers/STM32F0xx_HAL_Driver/Src/stm32f0xx_hal_uart.o

.debug_frame    0x00000000     0x33b8
 .debug_frame   0x00000000       0x30 ./Core/Src/dma.o
 .debug_frame   0x00000030       0x30 ./Core/Src/gpio.o
 .debug_frame   0x00000060       0x2c ./Core/Src/iwdg.o
 .debug_frame   0x0000008c       0xd4 ./Core/Src/main.o
 .debug_frame   0x00000160      0x124 ./Core/Src/si4432.o
 .debug_frame   0x00000284       0x6c ./Core/Src/spi.o
 .debug_frame   0x000002f0       0x30 ./Core/Src/stm32f0xx_hal_msp.o
 .debug_frame   0x00000320      0x10c ./Core/Src/stm32f0xx_it.o
 .debug_frame   0x0000042c       0x4c ./Core/Src/system_stm32f0xx.o
 .debug_frame   0x00000478       0x88 ./Core/Src/tim.o
 .debug_frame   0x00000500       0x6c ./Core/Src/usart.o
 .debug_frame   0x0000056c      0x2a4 ./Drivers/STM32F0xx_HAL_Driver/Src/stm32f0xx_hal.o
 .debug_frame   0x00000810      0x2a0 ./Drivers/STM32F0xx_HAL_Driver/Src/stm32f0xx_hal_cortex.o
 .debug_frame   0x00000ab0      0x1d0 ./Drivers/STM32F0xx_HAL_Driver/Src/stm32f0xx_hal_dma.o
 .debug_frame   0x00000c80      0x110 ./Drivers/STM32F0xx_HAL_Driver/Src/stm32f0xx_hal_gpio.o
 .debug_frame   0x00000d90       0x50 ./Drivers/STM32F0xx_HAL_Driver/Src/stm32f0xx_hal_iwdg.o
 .debug_frame   0x00000de0      0x198 ./Drivers/STM32F0xx_HAL_Driver/Src/stm32f0xx_hal_rcc.o
 .debug_frame   0x00000f78      0x710 ./Drivers/STM32F0xx_HAL_Driver/Src/stm32f0xx_hal_spi.o
 .debug_frame   0x00001688      0xf00 ./Drivers/STM32F0xx_HAL_Driver/Src/stm32f0xx_hal_tim.o
 .debug_frame   0x00002588      0x560 ./Drivers/STM32F0xx_HAL_Driver/Src/stm32f0xx_hal_tim_ex.o
 .debug_frame   0x00002ae8      0x810 ./Drivers/STM32F0xx_HAL_Driver/Src/stm32f0xx_hal_uart.o
 .debug_frame   0x000032f8       0x2c C:/ST/STM32CubeIDE_1.19.0/STM32CubeIDE/plugins/com.st.stm32cube.ide.mcu.externaltools.gnu-tools-for-stm32.13.3.rel1.win32_1.0.0.202411081344/tools/bin/../lib/gcc/arm-none-eabi/13.3.1/../../../../arm-none-eabi/lib/thumb/v6-m/nofp\libc_nano.a(libc_a-memcmp.o)
 .debug_frame   0x00003324       0x20 C:/ST/STM32CubeIDE_1.19.0/STM32CubeIDE/plugins/com.st.stm32cube.ide.mcu.externaltools.gnu-tools-for-stm32.13.3.rel1.win32_1.0.0.202411081344/tools/bin/../lib/gcc/arm-none-eabi/13.3.1/../../../../arm-none-eabi/lib/thumb/v6-m/nofp\libc_nano.a(libc_a-memset.o)
 .debug_frame   0x00003344       0x2c C:/ST/STM32CubeIDE_1.19.0/STM32CubeIDE/plugins/com.st.stm32cube.ide.mcu.externaltools.gnu-tools-for-stm32.13.3.rel1.win32_1.0.0.202411081344/tools/bin/../lib/gcc/arm-none-eabi/13.3.1/../../../../arm-none-eabi/lib/thumb/v6-m/nofp\libc_nano.a(libc_a-init.o)
 .debug_frame   0x00003370       0x28 C:/ST/STM32CubeIDE_1.19.0/STM32CubeIDE/plugins/com.st.stm32cube.ide.mcu.externaltools.gnu-tools-for-stm32.13.3.rel1.win32_1.0.0.202411081344/tools/bin/../lib/gcc/arm-none-eabi/13.3.1/../../../../arm-none-eabi/lib/thumb/v6-m/nofp\libc_nano.a(libc_a-memcpy-stub.o)
 .debug_frame   0x00003398       0x20 C:/ST/STM32CubeIDE_1.19.0/STM32CubeIDE/plugins/com.st.stm32cube.ide.mcu.externaltools.gnu-tools-for-stm32.13.3.rel1.win32_1.0.0.202411081344/tools/bin/../lib/gcc/arm-none-eabi/13.3.1/thumb/v6-m/nofp\libgcc.a(_udivsi3.o)

.debug_line_str
                0x00000000       0x6c
 .debug_line_str
                0x00000000       0x6c ./Core/Startup/startup_stm32f030c8tx.o
