../Core/Src/ed25519_verify.c:92:13:fe_zero	16	static
../Core/Src/ed25519_verify.c:93:13:fe_one	16	static
../Core/Src/ed25519_verify.c:94:13:fe_copy	16	static
../Core/Src/ed25519_verify.c:101:13:fe_carry	112	static
../Core/Src/ed25519_verify.c:126:13:fe_add	32	static
../Core/Src/ed25519_verify.c:131:13:fe_sub	32	static
../Core/Src/ed25519_verify.c:138:13:fe_neg	24	static
../Core/Src/ed25519_verify.c:154:13:fe_mul	336	static
../Core/Src/ed25519_verify.c:196:13:fe_sq	16	static
../Core/Src/ed25519_verify.c:202:13:fe_invert	184	static
../Core/Src/ed25519_verify.c:233:13:fe_pow22523	152	static
../Core/Src/ed25519_verify.c:263:13:fe_reduce	104	static
../Core/Src/ed25519_verify.c:278:13:fe_cswap	40	static
../Core/Src/ed25519_verify.c:287:17:fe_isneg	56	static
../Core/Src/ed25519_verify.c:293:13:fe_frombytes	24	static
../Core/Src/ed25519_verify.c:304:13:fe_tobytes	64	static
../Core/Src/ed25519_verify.c:321:13:ge_zero	16	static
../Core/Src/ed25519_verify.c:325:13:ge_copy	16	static
../Core/Src/ed25519_verify.c:330:13:ge_cswap	24	static
../Core/Src/ed25519_verify.c:342:13:ge_add	328	static
../Core/Src/ed25519_verify.c:375:13:ge_double	288	static
../Core/Src/ed25519_verify.c:401:12:ge_frombytes	208	static
../Core/Src/ed25519_verify.c:445:13:ge_tobytes	120	static
../Core/Src/ed25519_verify.c:463:13:ge_scalarmult	440	static
../Core/Src/ed25519_verify.c:494:13:sc_reduce	3624	static
../Core/Src/ed25519_verify.c:624:12:sc_check	24	static
../Core/Src/ed25519_verify.c:640:12:ct_memcmp_zero	32	static
../Core/Src/ed25519_verify.c:650:5:ed25519_verify	1080	static
