../Core/Src/rf_bootloader.c:34:13:BL_LED_Bootloader	8	static
../Core/Src/rf_bootloader.c:40:13:BL_LED_Transfer	8	static
../Core/Src/rf_bootloader.c:45:13:BL_LED_Success	8	static
../Core/Src/rf_bootloader.c:50:13:BL_LED_Error	8	static
../Core/Src/rf_bootloader.c:58:9:RF_Bootloader_ShouldEnter	8	static
../Core/Src/rf_bootloader.c:62:6:RF_Bootloader_ClearFlag	8	static
../Core/Src/rf_bootloader.c:64:6:RF_Bootloader_SetFlag	8	static
../Core/Src/rf_bootloader.c:69:10:RF_Calculate_CRC32	32	static
../Core/Src/rf_bootloader.c:83:10:RF_Calculate_Flash_CRC32	32	static
../Core/Src/rf_bootloader.c:101:6:RF_Flash_Erase_App	40	static
../Core/Src/rf_bootloader.c:122:10:RF_Flash_Read_Version	8	static
../Core/Src/rf_bootloader.c:126:6:RF_Flash_Write_Version	48	static
../Core/Src/rf_bootloader.c:147:6:RF_Load_Key_From_Flash	32	static
../Core/Src/rf_bootloader.c:164:9:RF_Save_Key_To_Flash	80	static
../Core/Src/rf_bootloader.c:203:13:RF_Send_ACK	24	static
../Core/Src/rf_bootloader.c:212:13:RF_Send_NACK	24	static
../Core/Src/rf_bootloader.c:221:16:RF_Receive_Packet	104	static
../Core/Src/rf_bootloader.c:243:17:RF_CRC16_CCITT8	24	static
../Core/Src/rf_bootloader.c:258:16:RF_Wait_ACK_For_Seq	88	static
../Core/Src/rf_bootloader.c:282:13:RF_Handle_Test_Echo	104	static
../Core/Src/rf_bootloader.c:363:16:RF_Receive_Fragmented	96	static
../Core/Src/rf_bootloader.c:407:13:RF_Handle_Key_Update	408	static
../Core/Src/rf_bootloader.c:466:13:RF_Handle_Secure_Write	576	static
../Core/Src/rf_bootloader.c:602:6:RF_Bootloader_JumpToApp	40	static,ignoring_inline_asm
../Core/Src/rf_bootloader.c:634:6:RF_Bootloader_Run	96	static
