../Core/Src/main.c:68:13:Print	16	static
../Core/Src/main.c:74:13:PrintHex	48	static
../Core/Src/main.c:82:13:PrintBuf	24	static
../Core/Src/main.c:91:13:RF_SendPacket	80	static
../Core/Src/main.c:114:16:RF_WaitForPacket	40	static
../Core/Src/main.c:142:16:RF_SendChunkReliable	96	static
../Core/Src/main.c:171:13:FirmwareUpdate_Mode	192	static
../Core/Src/main.c:441:5:main	144	static
../Core/Src/main.c:584:6:SystemClock_Config	80	static
../Core/Src/main.c:609:6:Error_Handler	8	static,ignoring_inline_asm
